Flow report for MacQuadra800
Mon Sep 28 05:49:18 2026
Quartus Prime Version 17.0.2 Build 602 07/19/2017 SJ Lite Edition


---------------------
; Table of Contents ;
---------------------
  1. Legal Notice
  2. Flow Summary
  3. Flow Settings
  4. Flow Non-Default Global Settings
  5. Flow Elapsed Time
  6. Flow OS Summary
  7. Flow Log
  8. Flow Messages
  9. Flow Suppressed Messages



----------------
; Legal Notice ;
----------------
Copyright (C) 2017  Intel Corporation. All rights reserved.
Your use of Intel Corporation's design tools, logic functions 
and other software and tools, and its AMPP partner logic 
functions, and any output files from any of the foregoing 
(including device programming or simulation files), and any 
associated documentation or information are expressly subject 
to the terms and conditions of the Intel Program License 
Subscription Agreement, the Intel Quartus Prime License Agreement,
the Intel MegaCore Function License Agreement, or other 
applicable license agreement, including, without limitation, 
that your use is for the sole purpose of programming logic 
devices manufactured by Intel and sold by Intel or its 
authorized distributors.  Please refer to the applicable 
agreement for further details.



+-------------------------------------------------------------------------------+
; Flow Summary                                                                  ;
+---------------------------------+---------------------------------------------+
; Flow Status                     ; Successful - Mon Sep 28 05:49:05 2026       ;
; Quartus Prime Version           ; 17.0.2 Build 602 07/19/2017 SJ Lite Edition ;
; Revision Name                   ; MacQuadra800                                ;
; Top-level Entity Name           ; sys_top                                     ;
; Family                          ; Cyclone V                                   ;
; Device                          ; 5CSEBA6U23I7                                ;
; Timing Models                   ; Final                                       ;
; Logic utilization (in ALMs)     ; 38,622 / 41,910 ( 92 % )                    ;
; Total registers                 ; 24631                                       ;
; Total pins                      ; 145 / 314 ( 46 % )                          ;
; Total virtual pins              ; 0                                           ;
; Total block memory bits         ; 3,389,411 / 5,662,720 ( 60 % )              ;
; Total DSP Blocks                ; 36 / 112 ( 32 % )                           ;
; Total HSSI RX PCSs              ; 0                                           ;
; Total HSSI PMA RX Deserializers ; 0                                           ;
; Total HSSI TX PCSs              ; 0                                           ;
; Total HSSI PMA TX Serializers   ; 0                                           ;
; Total PLLs                      ; 4 / 6 ( 67 % )                              ;
; Total DLLs                      ; 0 / 4 ( 0 % )                               ;
+---------------------------------+---------------------------------------------+


+-----------------------------------------+
; Flow Settings                           ;
+-------------------+---------------------+
; Option            ; Setting             ;
+-------------------+---------------------+
; Start date & time ; 09/28/2026 05:32:23 ;
; Main task         ; Compilation         ;
; Revision Name     ; MacQuadra800        ;
+-------------------+---------------------+


+-----------------------------------------------------------------------------------------------------------------------------------------------+
; Flow Non-Default Global Settings                                                                                                              ;
+------------------------------------------------------+----------------------------------------+--------------------+-------------+------------+
; Assignment Name                                      ; Value                                  ; Default Value      ; Entity Name ; Section Id ;
+------------------------------------------------------+----------------------------------------+--------------------+-------------+------------+
; ADV_NETLIST_OPT_SYNTH_WYSIWYG_REMAP                  ; On                                     ; Off                ; --          ; --         ;
; AUTO_DELAY_CHAINS_FOR_HIGH_FANOUT_INPUT_PINS         ; On                                     ; Off                ; --          ; --         ;
; COMPILER_SIGNATURE_ID                                ; 84077400684148.179058794308661         ; --                 ; --          ; --         ;
; ECO_OPTIMIZE_TIMING                                  ; On                                     ; Off                ; --          ; --         ;
; FINAL_PLACEMENT_OPTIMIZATION                         ; Always                                 ; Automatically      ; --          ; --         ;
; FITTER_AGGRESSIVE_ROUTABILITY_OPTIMIZATION           ; Always                                 ; Automatically      ; --          ; --         ;
; FITTER_EFFORT                                        ; Standard Fit                           ; Auto Fit           ; --          ; --         ;
; MAX_CORE_JUNCTION_TEMP                               ; 100                                    ; --                 ; --          ; --         ;
; MIN_CORE_JUNCTION_TEMP                               ; -40                                    ; --                 ; --          ; --         ;
; MISC_FILE                                            ; sys/pll_hdmi.cmp                       ; --                 ; --          ; --         ;
; MISC_FILE                                            ; sys/pll_audio.cmp                      ; --                 ; --          ; --         ;
; MISC_FILE                                            ; rtl/pll.cmp                            ; --                 ; --          ; --         ;
; MUX_RESTRUCTURE                                      ; On                                     ; Auto               ; --          ; --         ;
; NUM_PARALLEL_PROCESSORS                              ; All                                    ; --                 ; --          ; --         ;
; OPTIMIZE_POWER_DURING_FITTING                        ; Off                                    ; Normal compilation ; --          ; --         ;
; PARTITION_COLOR                                      ; -- (Not supported for targeted family) ; --                 ; sys_top     ; Top        ;
; PARTITION_FITTER_PRESERVATION_LEVEL                  ; -- (Not supported for targeted family) ; --                 ; sys_top     ; Top        ;
; PARTITION_NETLIST_TYPE                               ; -- (Not supported for targeted family) ; --                 ; sys_top     ; Top        ;
; PERIPHERY_TO_CORE_PLACEMENT_AND_ROUTING_OPTIMIZATION ; On                                     ; Off                ; --          ; --         ;
; PHYSICAL_SYNTHESIS_ASYNCHRONOUS_SIGNAL_PIPELINING    ; On                                     ; Off                ; --          ; --         ;
; PHYSICAL_SYNTHESIS_COMBO_LOGIC                       ; On                                     ; Off                ; --          ; --         ;
; PHYSICAL_SYNTHESIS_COMBO_LOGIC_FOR_AREA              ; On                                     ; Off                ; --          ; --         ;
; PHYSICAL_SYNTHESIS_REGISTER_RETIMING                 ; On                                     ; Off                ; --          ; --         ;
; POWER_BOARD_THERMAL_MODEL                            ; None (CONSERVATIVE)                    ; --                 ; --          ; --         ;
; POWER_PRESET_COOLING_SOLUTION                        ; 23 MM HEAT SINK WITH 200 LFPM AIRFLOW  ; --                 ; --          ; --         ;
; PRE_FLOW_SCRIPT_FILE                                 ; quartus_sh:sys/build_id.tcl            ; --                 ; --          ; --         ;
; PRE_MAPPING_RESYNTHESIS                              ; On                                     ; Off                ; --          ; --         ;
; PROJECT_OUTPUT_DIRECTORY                             ; output_files                           ; --                 ; --          ; --         ;
; QII_AUTO_PACKED_REGISTERS                            ; Normal                                 ; Auto               ; --          ; --         ;
; REMOVE_REDUNDANT_LOGIC_CELLS                         ; On                                     ; Off                ; --          ; --         ;
; ROUTER_CLOCKING_TOPOLOGY_ANALYSIS                    ; On                                     ; Off                ; --          ; --         ;
; ROUTER_LCELL_INSERTION_AND_LOGIC_DUPLICATION         ; On                                     ; Auto               ; --          ; --         ;
; SAVE_DISK_SPACE                                      ; Off                                    ; On                 ; --          ; --         ;
; SEARCH_PATH                                          ; rtl/ap68040/rtl/.                      ; --                 ; --          ; --         ;
; SEED                                                 ; 33                                     ; 1                  ; --          ; --         ;
; SMART_RECOMPILE                                      ; On                                     ; Off                ; --          ; --         ;
; SYNTHESIS_ONLY_QIP                                   ; On                                     ; --                 ; --          ; --         ;
; SYNTHESIS_ONLY_QIP                                   ; On                                     ; --                 ; --          ; --         ;
; SYNTHESIS_ONLY_QIP                                   ; On                                     ; --                 ; --          ; --         ;
; SYNTHESIS_ONLY_QIP                                   ; On                                     ; --                 ; --          ; --         ;
; SYNTH_GATED_CLOCK_CONVERSION                         ; On                                     ; Off                ; --          ; --         ;
; TIMEQUEST_MULTICORNER_ANALYSIS                       ; Off                                    ; On                 ; --          ; --         ;
; TOP_LEVEL_ENTITY                                     ; sys_top                                ; MacQuadra800       ; --          ; --         ;
; VERILOG_MACRO                                        ; MISTER_DOWNSCALE_NN=1                  ; --                 ; --          ; --         ;
; VERILOG_MACRO                                        ; MISTER_DISABLE_ADAPTIVE=1              ; --                 ; --          ; --         ;
; VERILOG_MACRO                                        ; AP040_EXPERIMENTAL_XSTORE=1            ; --                 ; --          ; --         ;
; VERILOG_MACRO                                        ; AP040_EXPERIMENTAL_LEA=1               ; --                 ; --          ; --         ;
; VERILOG_MACRO                                        ; AP040_EXPERIMENTAL_PIPELINE=1          ; --                 ; --          ; --         ;
; VERILOG_MACRO                                        ; AP040_EXPERIMENTAL_PIPELINE_LOADS=1    ; --                 ; --          ; --         ;
; VERILOG_MACRO                                        ; AP040_EXPERIMENTAL_PIPELINE_STORES=1   ; --                 ; --          ; --         ;
; VERILOG_MACRO                                        ; AP040_EXPERIMENTAL_PIPELINE_PEA=1      ; --                 ; --          ; --         ;
; VERILOG_MACRO                                        ; AP040_EXPERIMENTAL_PIPELINE_P6=1       ; --                 ; --          ; --         ;
; VERILOG_MACRO                                        ; AP040_PIPELINE_MEMORY_ENTRY=1          ; --                 ; --          ; --         ;
; VERILOG_MACRO                                        ; AP040_PIPELINE_COMPARE=1               ; --                 ; --          ; --         ;
; VERILOG_MACRO                                        ; AP040_PIPELINE_EARLY_DRAIN=1           ; --                 ; --          ; --         ;
; VERILOG_MACRO                                        ; MISTER_DISABLE_SHADOWMASK=1            ; --                 ; --          ; --         ;
; VERILOG_MACRO                                        ; SCSI_CACHE_OFF=1                       ; --                 ; --          ; --         ;
; VERILOG_MACRO                                        ; MISTER_BYPASS_AUDIO_FILTER=1           ; --                 ; --          ; --         ;
; VERILOG_MACRO                                        ; MISTER_DISABLE_VIDEO_CALC=1            ; --                 ; --          ; --         ;
; VERILOG_MACRO                                        ; VIDEO_512_OFF=1                        ; --                 ; --          ; --         ;
; VERILOG_MACRO                                        ; CACHE_CD_OFF=1                         ; --                 ; --          ; --         ;
; VERILOG_MACRO                                        ; CACHE_SMALL=1                          ; --                 ; --          ; --         ;
; VERILOG_MACRO                                        ; MISTER_DISABLE_ALSA=1                  ; --                 ; --          ; --         ;
+------------------------------------------------------+----------------------------------------+--------------------+-------------+------------+


+-------------------------------------------------------------------------------------------------------------------------------+
; Flow Elapsed Time                                                                                                             ;
+---------------------------+--------------+-------------------------+---------------------+------------------------------------+
; Module Name               ; Elapsed Time ; Average Processors Used ; Peak Virtual Memory ; Total CPU Time (on all processors) ;
+---------------------------+--------------+-------------------------+---------------------+------------------------------------+
; Analysis & Synthesis      ; 00:05:10     ; 3.7                     ; 2928 MB             ; 00:05:41                           ;
; Fitter                    ; 00:11:02     ; 1.4                     ; 5531 MB             ; 00:32:30                           ;
; Assembler                 ; 00:00:13     ; 1.0                     ; 1500 MB             ; 00:00:12                           ;
; TimeQuest Timing Analyzer ; 00:00:12     ; 2.4                     ; 2154 MB             ; 00:00:27                           ;
; Total                     ; 00:16:37     ; --                      ; --                  ; 00:38:50                           ;
+---------------------------+--------------+-------------------------+---------------------+------------------------------------+


+---------------------------------------------------------------------------------------------+
; Flow OS Summary                                                                             ;
+---------------------------+------------------+----------------+------------+----------------+
; Module Name               ; Machine Hostname ; OS Name        ; OS Version ; Processor type ;
+---------------------------+------------------+----------------+------------+----------------+
; Analysis & Synthesis      ; CottageUbuntu    ; Ubuntu 24.04.5 ; 24         ; x86_64         ;
; Fitter                    ; CottageUbuntu    ; Ubuntu 24.04.5 ; 24         ; x86_64         ;
; Assembler                 ; CottageUbuntu    ; Ubuntu 24.04.5 ; 24         ; x86_64         ;
; TimeQuest Timing Analyzer ; CottageUbuntu    ; Ubuntu 24.04.5 ; 24         ; x86_64         ;
+---------------------------+------------------+----------------+------------+----------------+


------------
; Flow Log ;
------------
quartus_map --read_settings_files=on --write_settings_files=off MacQuadra800 -c MacQuadra800
quartus_fit --read_settings_files=off --write_settings_files=off MacQuadra800 -c MacQuadra800
quartus_asm --read_settings_files=off --write_settings_files=off MacQuadra800 -c MacQuadra800
quartus_sta MacQuadra800 -c MacQuadra800



