SDRAM ready at 123957300 ps
NATIVE_START fpcr=00000000 pc=006300ae
WHETSTONE_LOOP cycles=29640994 platform=sdram romlat=6
WHETSTONE RETURNED cycles=29641770 loop=29640994
NATIVE_COVERAGE body=272958 resource=28500331 rom=454917 vector11_pc=0 unimp_pulse_samples=0
NATIVE_OVERLAP bg=3768360 blockingdec=1974168 go=6059980 mrd_fill=438071 mrd_unacked=350891
NATIVE_TOTAL clocks=29640994 core=29640994 cache=29640994 fst=29640994
NATIVE_CORE state=3 samples=219992
NATIVE_CORE state=4 samples=1107342
NATIVE_CORE state=5 samples=292
NATIVE_CORE state=8 samples=1378897
NATIVE_CORE state=9 samples=3931702
NATIVE_CORE state=10 samples=1093142
NATIVE_CORE state=11 samples=1307699
NATIVE_CORE state=13 samples=840751
NATIVE_CORE state=15 samples=525380
NATIVE_CORE state=16 samples=247
NATIVE_CORE state=17 samples=247
NATIVE_CORE state=19 samples=15743
NATIVE_CORE state=20 samples=464696
NATIVE_CORE state=21 samples=946
NATIVE_CORE state=22 samples=12822
NATIVE_CORE state=23 samples=571
NATIVE_CORE state=24 samples=1517
NATIVE_CORE state=26 samples=28697
NATIVE_CORE state=27 samples=2970
NATIVE_CORE state=28 samples=100482
NATIVE_CORE state=30 samples=588800
NATIVE_CORE state=34 samples=260
NATIVE_CORE state=35 samples=247
NATIVE_CORE state=36 samples=247
NATIVE_CORE state=37 samples=247
NATIVE_CORE state=39 samples=247
NATIVE_CORE state=41 samples=247
NATIVE_CORE state=42 samples=247
NATIVE_CORE state=51 samples=2745
NATIVE_CORE state=52 samples=2530
NATIVE_CORE state=53 samples=219
NATIVE_CORE state=55 samples=334
NATIVE_CORE state=56 samples=20320
NATIVE_CORE state=57 samples=4
NATIVE_CORE state=58 samples=492
NATIVE_CORE state=62 samples=19214
NATIVE_CORE state=65 samples=19214
NATIVE_CORE state=68 samples=16378
NATIVE_CORE state=69 samples=16377
NATIVE_CORE state=70 samples=66614
NATIVE_CORE state=78 samples=2
NATIVE_CORE state=79 samples=2
NATIVE_CORE state=81 samples=175
NATIVE_CORE state=82 samples=58
NATIVE_CORE state=87 samples=59
NATIVE_CORE state=89 samples=6651
NATIVE_CORE state=90 samples=6651
NATIVE_CORE state=91 samples=6651
NATIVE_CORE state=92 samples=6651
NATIVE_CORE state=96 samples=6651
NATIVE_CORE state=97 samples=6651
NATIVE_CORE state=98 samples=58
NATIVE_CORE state=107 samples=4534
NATIVE_CORE state=112 samples=36
NATIVE_CORE state=113 samples=36
NATIVE_CORE state=117 samples=36
NATIVE_CORE state=118 samples=36
NATIVE_CORE state=120 samples=36
NATIVE_CORE state=121 samples=18
NATIVE_CORE state=130 samples=36
NATIVE_CORE state=131 samples=36
NATIVE_CORE state=132 samples=18
NATIVE_CORE state=133 samples=29989
NATIVE_CORE state=153 samples=4047768
NATIVE_CORE state=155 samples=1292800
NATIVE_CORE state=156 samples=12800
NATIVE_CORE state=158 samples=1024000
NATIVE_CORE state=160 samples=6059980
NATIVE_CORE state=161 samples=524800
NATIVE_CORE state=178 samples=5452
NATIVE_CORE state=179 samples=1729
NATIVE_CORE state=180 samples=247
NATIVE_CORE state=190 samples=4249372
NATIVE_CORE state=250 samples=557857
NATIVE_CACHE state=0 samples=27207017
NATIVE_CACHE state=1 samples=138956
NATIVE_CACHE state=4 samples=624178
NATIVE_CACHE state=5 samples=45492
NATIVE_CACHE state=6 samples=1528621
NATIVE_CACHE state=7 samples=29184
NATIVE_CACHE state=8 samples=33773
NATIVE_CACHE state=9 samples=33773
FPU_ELIG_WINDOW clocks=29640994 sampling=pre_edge_existing_in_loop
FPU_ELIG_ROUND samples=1538168 eligible=1510148 bg=421192 decode_wait=421192 cpu_go=1088956
FPU_ELIG_ROUND_REJECT reason=0 samples=28020
FPU_ELIG_ROUND_REJECT reason=1 samples=28020
FPU_ELIG_ROUND_REJECT reason=2 samples=0
FPU_ELIG_ROUND_REJECT reason=3 samples=0
FPU_ELIG_ROUND_REJECT reason=4 samples=27752
FPU_ELIG_ROUND_REJECT reason=5 samples=0
FPU_ELIG_ROUND_REJECT reason=6 samples=0
FPU_ELIG_ROUND_REJECT reason=7 samples=0
FPU_ELIG_ROUND_REJECT reason=8 samples=0
FPU_ELIG_ROUND_REJECT reason=9 samples=0
FPU_ELIG_STDONE samples=524800 enables_zero=524800 eligible=524800 enabled=0 sideport=0 not_ce_reset=0
FPU_ELIG_FST id=0 samples=23959854
FPU_ELIG_FST id=1 samples=565352
FPU_ELIG_FST id=2 samples=12800
FPU_ELIG_FST id=3 samples=56276
FPU_ELIG_FST id=4 samples=1548800
FPU_ELIG_FST id=5 samples=230944
FPU_ELIG_FST id=7 samples=512000
FPU_ELIG_FST id=9 samples=238972
FPU_ELIG_FST id=10 samples=364488
FPU_ELIG_FST id=13 samples=88540
FPU_ELIG_FST id=14 samples=1538168
FPU_ELIG_FST id=17 samples=524800
FPU_ELIG_BUSY_OP op=00 samples=2167504
FPU_ELIG_BUSY_OP op=22 samples=1337032
FPU_ELIG_BUSY_OP op=23 samples=1127004
FPU_ELIG_BUSY_OP op=7f samples=1049600
FPU_ELIG_ROUND_OP op=00 samples=1036800 eligible=1008780
FPU_ELIG_ROUND_OP op=22 samples=255972 eligible=255972
FPU_ELIG_ROUND_OP op=23 samples=245396 eligible=245396
SDRAM_PROTOCOL_ERRORS 0
SDRAM_TIMING tRC=9 tRCD=2 tRP=3 tRAS=6 max_refresh_gap=780
BERR 0  IPL_ASSERTED_CYCLES 0  ROM_READS total=12528 loop=12528  VRAM_BEATS 0
CORE_LAT instr n=1843923 sum=2018170 | read n=2045567 sum=3851284 | write n=975932 sum=1038461
EXT read_line_hit n=0 sum=0 mean=0.00
EXT read_first_miss n=38476 sum=338646 mean=8.80
EXT_HIST read_first_miss 7:3287 8:2238 9:32212 10:451 11:161 12:114 13:6 14:7
EXT read_bus32 n=30801 sum=552653 mean=17.94
EXT_HIST read_bus32 16:941 17:2370 18:25987 19:906 20:323 21:161 22:113
EXT write_direct n=975649 sum=2571300 mean=2.64
EXT_HIST write_direct 2:355647 3:620002
EXT write_bus32 n=283 sum=2736 mean=9.67
EXT_HIST write_bus32 6:24 10:257 11:2
EXT instr n=16235 sum=157093 mean=9.68
EXT_HIST instr 7:1658 8:317 9:1112 10:12563 11:109 12:278 13:79 14:71 15:32 16:6 17:4 18:2 19:3 20:1
BUS32_SHAPE class=2 size=2 addr[3:0]=e n=30801
BUS32_SHAPE class=4 size=0 addr[3:0]=8 n=11
BUS32_SHAPE class=4 size=0 addr[3:0]=c n=9
BUS32_SHAPE class=4 size=1 addr[3:0]=6 n=4
BUS32_SHAPE class=4 size=2 addr[3:0]=2 n=101
BUS32_SHAPE class=4 size=2 addr[3:0]=6 n=23
BUS32_SHAPE class=4 size=2 addr[3:0]=a n=2
BUS32_SHAPE class=4 size=2 addr[3:0]=e n=133
BUS32_REGION class=2 addr=0630000 n=30801
BUS32_REGION class=4 addr=0630000 n=283
WALKER n=414 sum=3614
STOREBUF full_stall_cycles=36
STOREBUF_OCC 0:26158392 1:3376520 2:95364 3:10268 4:450
BRIDGE ram_reads=104199 read_wait_fifo_cycles=3745 wq_full_cycles=39 wq_noroom_cycles=1334 write_blocked_by_room=628 fill_poisoned_pushes=0
BRIDGE_WQ_OCC 0:24678830 1:2948313 2:1828079 3:109755 4:48880 5:19840 6:5963 7:1295 8:39
BRIDGE_WQ_AT_READ 0:102604 1:1316 2:236 3:40 4:3
SDRAM rd hit=35988 conflict=61499 closed=6712 | wr hit=2583037 conflict=500191 closed=109158 | refresh=116392 busy=13524161/88922982 clk_ram
NATIVE_ABI D3_D7_A2_A6=match FP4_FP7=match SP=640000 A4=600000 D0=608EA0 code=unchanged
NATIVE_QUALIFIED native_FPSP_coverage=1 ABI_match=1 guest_600D=1 chip_errors=0 numerical_oracle=none
