PASS native baseline: return, ABI, code, native/FPSP coverage, histogram totals, zero chip/bus/IRQ errors; numerical oracle NONE
loop 8724166 ROUNDguard 141674 STDONEedge 3489 FPU_nonidle 1265136
PASS native baseline: return, ABI, code, native/FPSP coverage, histogram totals, zero chip/bus/IRQ errors; numerical oracle NONE
loop 8724166 ROUNDguard 141674 STDONEedge 3489 FPU_nonidle 1265136
{
  "edges": 8724166,
  "busy_op_samples": 1265136,
  "planes": [
    {
      "id": 0,
      "starts": 1979943,
      "ends": 1979943,
      "active": 0,
      "touched": 1979851,
      "whole": 1979850,
      "latency_sum": 2815362,
      "max": 75,
      "partial": 1,
      "partial_edges": 37,
      "active_edges": 0,
      "occupancy": 2815399,
      "faults": 0,
      "diag": 64,
      "dropped": 1979787
    },
    {
      "id": 1,
      "starts": 1979943,
      "ends": 1979943,
      "active": 0,
      "touched": 1979851,
      "whole": 1979851,
      "latency_sum": 2790718,
      "max": 49,
      "partial": 0,
      "partial_edges": 0,
      "active_edges": 0,
      "occupancy": 2790718,
      "faults": 0,
      "diag": 64,
      "dropped": 1979787
    }
  ],
  "scope": "native joint occupancy and per-plane episodes; no additive stall total or numerical oracle"
}
PASS passive native profile reconciliation
PASS matched6c native runtime/gates/memory/reports; passive-only difference; numerical oracle NONE
