------------------------------------------------------------
TimeQuest Timing Analyzer Summary
------------------------------------------------------------

Type  : Setup 'emu|pll|pll_inst|altera_pll_i|general[0].gpll~PLL_OUTPUT_COUNTER|divclk'
Slack : -1.225
TNS   : -49.875

Type  : Setup 'pll_hdmi|pll_hdmi_inst|altera_pll_i|cyclonev_pll|counter[0].output_counter|divclk'
Slack : -0.710
TNS   : -3.828

Type  : Setup 'emu|pll|pll_inst|altera_pll_i|general[1].gpll~PLL_OUTPUT_COUNTER|divclk'
Slack : 0.422
TNS   : 0.000

Type  : Setup 'sysmem|fpga_interfaces|clocks_resets|h2f_user0_clk'
Slack : 3.050
TNS   : 0.000

Type  : Setup 'FPGA_CLK1_50'
Slack : 7.389
TNS   : 0.000

Type  : Setup 'FPGA_CLK2_50'
Slack : 12.054
TNS   : 0.000

Type  : Setup 'emu|pllv|altera_pll_i|cyclonev_pll|counter[0].output_counter|divclk'
Slack : 19.962
TNS   : 0.000

Type  : Setup 'pll_audio|pll_audio_inst|altera_pll_i|general[0].gpll~PLL_OUTPUT_COUNTER|divclk'
Slack : 29.315
TNS   : 0.000

Type  : Hold 'emu|pllv|altera_pll_i|cyclonev_pll|counter[0].output_counter|divclk'
Slack : 0.250
TNS   : 0.000

Type  : Hold 'pll_hdmi|pll_hdmi_inst|altera_pll_i|cyclonev_pll|counter[0].output_counter|divclk'
Slack : 0.250
TNS   : 0.000

Type  : Hold 'emu|pll|pll_inst|altera_pll_i|general[0].gpll~PLL_OUTPUT_COUNTER|divclk'
Slack : 0.255
TNS   : 0.000

Type  : Hold 'FPGA_CLK1_50'
Slack : 0.304
TNS   : 0.000

Type  : Hold 'sysmem|fpga_interfaces|clocks_resets|h2f_user0_clk'
Slack : 0.310
TNS   : 0.000

Type  : Hold 'pll_audio|pll_audio_inst|altera_pll_i|general[0].gpll~PLL_OUTPUT_COUNTER|divclk'
Slack : 0.349
TNS   : 0.000

Type  : Hold 'FPGA_CLK2_50'
Slack : 0.393
TNS   : 0.000

Type  : Hold 'emu|pll|pll_inst|altera_pll_i|general[1].gpll~PLL_OUTPUT_COUNTER|divclk'
Slack : 0.450
TNS   : 0.000

Type  : Recovery 'pll_hdmi|pll_hdmi_inst|altera_pll_i|cyclonev_pll|counter[0].output_counter|divclk'
Slack : 4.016
TNS   : 0.000

Type  : Recovery 'sysmem|fpga_interfaces|clocks_resets|h2f_user0_clk'
Slack : 7.074
TNS   : 0.000

Type  : Recovery 'FPGA_CLK1_50'
Slack : 15.885
TNS   : 0.000

Type  : Recovery 'emu|pll|pll_inst|altera_pll_i|general[0].gpll~PLL_OUTPUT_COUNTER|divclk'
Slack : 20.143
TNS   : 0.000

Type  : Recovery 'emu|pllv|altera_pll_i|cyclonev_pll|counter[0].output_counter|divclk'
Slack : 37.336
TNS   : 0.000

Type  : Removal 'pll_hdmi|pll_hdmi_inst|altera_pll_i|cyclonev_pll|counter[0].output_counter|divclk'
Slack : 0.972
TNS   : 0.000

Type  : Removal 'FPGA_CLK1_50'
Slack : 1.078
TNS   : 0.000

Type  : Removal 'sysmem|fpga_interfaces|clocks_resets|h2f_user0_clk'
Slack : 1.463
TNS   : 0.000

Type  : Removal 'emu|pllv|altera_pll_i|cyclonev_pll|counter[0].output_counter|divclk'
Slack : 1.479
TNS   : 0.000

Type  : Removal 'emu|pll|pll_inst|altera_pll_i|general[0].gpll~PLL_OUTPUT_COUNTER|divclk'
Slack : 2.270
TNS   : 0.000

Type  : Minimum Pulse Width 'emu|pll|pll_inst|altera_pll_i|general[0].gpll~FRACTIONAL_PLL|vcoph[0]'
Slack : 0.505
TNS   : 0.000

Type  : Minimum Pulse Width 'emu|pllv|altera_pll_i|cyclonev_pll|fpll_0|fpll|vcoph[0]'
Slack : 0.709
TNS   : 0.000

Type  : Minimum Pulse Width 'pll_hdmi|pll_hdmi_inst|altera_pll_i|cyclonev_pll|fpll_0|fpll|vcoph[0]'
Slack : 1.122
TNS   : 0.000

Type  : Minimum Pulse Width 'pll_audio|pll_audio_inst|altera_pll_i|general[0].gpll~FRACTIONAL_PLL|vcoph[0]'
Slack : 1.196
TNS   : 0.000

Type  : Minimum Pulse Width 'pll_hdmi|pll_hdmi_inst|altera_pll_i|cyclonev_pll|counter[0].output_counter|divclk'
Slack : 1.933
TNS   : 0.000

Type  : Minimum Pulse Width 'sysmem|fpga_interfaces|clocks_resets|h2f_user0_clk'
Slack : 3.586
TNS   : 0.000

Type  : Minimum Pulse Width 'emu|pll|pll_inst|altera_pll_i|general[1].gpll~PLL_OUTPUT_COUNTER|divclk'
Slack : 4.028
TNS   : 0.000

Type  : Minimum Pulse Width 'FPGA_CLK2_50'
Slack : 9.208
TNS   : 0.000

Type  : Minimum Pulse Width 'FPGA_CLK1_50'
Slack : 9.211
TNS   : 0.000

Type  : Minimum Pulse Width 'FPGA_CLK3_50'
Slack : 9.730
TNS   : 0.000

Type  : Minimum Pulse Width 'emu|pll|pll_inst|altera_pll_i|general[0].gpll~PLL_OUTPUT_COUNTER|divclk'
Slack : 13.707
TNS   : 0.000

Type  : Minimum Pulse Width 'emu|pllv|altera_pll_i|cyclonev_pll|counter[0].output_counter|divclk'
Slack : 18.416
TNS   : 0.000

Type  : Minimum Pulse Width 'pll_audio|pll_audio_inst|altera_pll_i|general[0].gpll~PLL_OUTPUT_COUNTER|divclk'
Slack : 18.918
TNS   : 0.000

------------------------------------------------------------
