[22:52:06] Full compile (quartus_sh --flow compile MacQuadra800)
Info: *******************************************************************
Info: Running Quartus Prime Shell
    Info: Version 17.0.2 Build 602 07/19/2017 SJ Lite Edition
    Info: Copyright (C) 2017  Intel Corporation. All rights reserved.
    Info: Your use of Intel Corporation's design tools, logic functions 
    Info: and other software and tools, and its AMPP partner logic 
    Info: functions, and any output files from any of the foregoing 
    Info: (including device programming or simulation files), and any 
    Info: associated documentation or information are expressly subject 
    Info: to the terms and conditions of the Intel Program License 
    Info: Subscription Agreement, the Intel Quartus Prime License Agreement,
    Info: the Intel MegaCore Function License Agreement, or other 
    Info: applicable license agreement, including, without limitation, 
    Info: that your use is for the sole purpose of programming logic 
    Info: devices manufactured by Intel and sold by Intel or its 
    Info: authorized distributors.  Please refer to the applicable 
    Info: agreement for further details.
    Info: Processing started: Sun Sep 27 22:52:06 2026
Info: Command: quartus_sh --flow compile MacQuadra800
Info: Quartus(args): compile MacQuadra800
Info: Project Name = /home/alans/mister/MacQuadra800_MiSTer/scratch/fpu_normal_single_move_quartus_20260928/tree/MacQuadra800
Info: Revision Name = MacQuadra800
Info: *******************************************************************
Info: Running Quartus Prime Shell
    Info: Version 17.0.2 Build 602 07/19/2017 SJ Lite Edition
    Info: Processing started: Sun Sep 27 22:52:07 2026
Info: Command: quartus_sh -t sys/build_id.tcl compile MacQuadra800 MacQuadra800
Info: Quartus(args): compile MacQuadra800 MacQuadra800
Info (23030): Evaluation of Tcl script sys/build_id.tcl was successful
Info: Quartus Prime Shell was successful. 0 errors, 0 warnings
    Info: Peak virtual memory: 773 megabytes
    Info: Processing ended: Sun Sep 27 22:52:07 2026
    Info: Elapsed time: 00:00:00
    Info: Total CPU time (on all processors): 00:00:00
Info (293003): Smart recompilation skipped module Analysis & Synthesis because it is not required
Info: *******************************************************************
Info: Running Quartus Prime Fitter
    Info: Version 17.0.2 Build 602 07/19/2017 SJ Lite Edition
    Info: Processing started: Sun Sep 27 22:52:08 2026
Info: Command: quartus_fit --read_settings_files=on --write_settings_files=off MacQuadra800 -c MacQuadra800
Info: qfit2_default_script.tcl version: #1
Info: Project  = MacQuadra800
Info: Revision = MacQuadra800
Info (20030): Parallel compilation is enabled and will use 8 of the 8 processors detected
Info (119006): Selected device 5CSEBA6U23I7 for design "MacQuadra800"
Info (21077): Low junction temperature is -40 degrees C
Info (21077): High junction temperature is 100 degrees C
Info (171004): Fitter is performing a Standard Fit compilation using maximum Fitter effort to optimize design performance
Warning (292013): Feature LogicLock is only available with a valid subscription license. You can purchase a software subscription to gain full access to this feature.
Info (176045): Design uses memory blocks. Violating setup or hold times of memory block address registers for either read or write operations could cause memory contents to be corrupted. Make sure that all memory block address registers meet the setup and hold time requirements.
Info (184020): Starting Fitter periphery placement operations
Warning (177007): PLL(s) placed in location FRACTIONALPLL_X89_Y1_N0 do not have a PLL clock to compensate specified - the Fitter will attempt to compensate all PLL clocks
Info (11178): Promoted 9 clocks (9 global)
    Info (11162): sysmem_lite:sysmem|sysmem_HPS_fpga_interfaces:fpga_interfaces|h2f_rst_n[0]~CLKENA0 with 18 fanout uses global clock CLKCTRL_G14
    Info (11162): sysmem_lite:sysmem|sysmem_HPS_fpga_interfaces:fpga_interfaces|h2f_user0_clk[0]~CLKENA0 with 672 fanout uses global clock CLKCTRL_G8
    Info (11162): hdmi_tx_clk~CLKENA0 with 84 fanout uses global clock CLKCTRL_G4
    Info (11162): vga_tx_clk~CLKENA0 with 3 fanout uses global clock CLKCTRL_G5
    Info (11162): emu:emu|pll:pll|pll_0002:pll_inst|altera_pll:altera_pll_i|outclk_wire[0]~CLKENA0 with 17742 fanout uses global clock CLKCTRL_G3
    Info (11162): emu:emu|pll:pll|pll_0002:pll_inst|altera_pll:altera_pll_i|outclk_wire[1]~CLKENA0 with 706 fanout uses global clock CLKCTRL_G0
    Info (11162): pll_audio:pll_audio|pll_audio_0002:pll_audio_inst|altera_pll:altera_pll_i|outclk_wire[0]~CLKENA0 with 918 fanout uses global clock CLKCTRL_G12
Info (11191): Automatically promoted 2 clocks (2 global)
    Info (11162): FPGA_CLK1_50~inputCLKENA0 with 705 fanout uses global clock CLKCTRL_G1
    Info (11162): FPGA_CLK2_50~inputCLKENA0 with 189 fanout uses global clock CLKCTRL_G2
Info (184021): Fitter periphery placement operations ending: elapsed time is 00:00:00
Info (332164): Evaluating HDL-embedded SDC commands
    Info (332165): Entity altera_std_synchronizer
        Info (332166): set_false_path -to [get_keepers {*altera_std_synchronizer:*|din_s1}]
Info (332104): Reading SDC File: 'sys/sys_top.sdc'
Warning (332174): Ignored filter at sys_top.sdc(6): spi|sclk_out could not be matched with a pin File: /home/alans/mister/MacQuadra800_MiSTer/scratch/fpu_normal_single_move_quartus_20260928/tree/sys/sys_top.sdc Line: 6
Warning (332049): Ignored create_clock at sys_top.sdc(6): Argument <targets> is an empty collection File: /home/alans/mister/MacQuadra800_MiSTer/scratch/fpu_normal_single_move_quartus_20260928/tree/sys/sys_top.sdc Line: 6
    Info (332050): create_clock -period "100.0 MHz" [get_pins -compatibility_mode spi|sclk_out] -name spi_sck File: /home/alans/mister/MacQuadra800_MiSTer/scratch/fpu_normal_single_move_quartus_20260928/tree/sys/sys_top.sdc Line: 6
Info (332110): Deriving PLL clocks
    Info (332110): create_generated_clock -source {emu|pll|pll_inst|altera_pll_i|general[0].gpll~FRACTIONAL_PLL|refclkin} -divide_by 5 -multiply_by 99 -duty_cycle 50.00 -name {emu|pll|pll_inst|altera_pll_i|general[0].gpll~FRACTIONAL_PLL|vcoph[0]} {emu|pll|pll_inst|altera_pll_i|general[0].gpll~FRACTIONAL_PLL|vcoph[0]}
    Info (332110): create_generated_clock -source {emu|pll|pll_inst|altera_pll_i|general[0].gpll~PLL_OUTPUT_COUNTER|vco0ph[0]} -divide_by 30 -duty_cycle 50.00 -name {emu|pll|pll_inst|altera_pll_i|general[0].gpll~PLL_OUTPUT_COUNTER|divclk} {emu|pll|pll_inst|altera_pll_i|general[0].gpll~PLL_OUTPUT_COUNTER|divclk}
    Info (332110): create_generated_clock -source {emu|pll|pll_inst|altera_pll_i|general[1].gpll~PLL_OUTPUT_COUNTER|vco0ph[0]} -divide_by 10 -duty_cycle 50.00 -name {emu|pll|pll_inst|altera_pll_i|general[1].gpll~PLL_OUTPUT_COUNTER|divclk} {emu|pll|pll_inst|altera_pll_i|general[1].gpll~PLL_OUTPUT_COUNTER|divclk}
    Info (332110): create_generated_clock -source {pll_audio|pll_audio_inst|altera_pll_i|general[0].gpll~FRACTIONAL_PLL|refclkin} -divide_by 512 -multiply_by 4279 -duty_cycle 50.00 -name {pll_audio|pll_audio_inst|altera_pll_i|general[0].gpll~FRACTIONAL_PLL|vcoph[0]} {pll_audio|pll_audio_inst|altera_pll_i|general[0].gpll~FRACTIONAL_PLL|vcoph[0]}
    Info (332110): create_generated_clock -source {pll_audio|pll_audio_inst|altera_pll_i|general[0].gpll~PLL_OUTPUT_COUNTER|vco0ph[0]} -divide_by 17 -duty_cycle 50.00 -name {pll_audio|pll_audio_inst|altera_pll_i|general[0].gpll~PLL_OUTPUT_COUNTER|divclk} {pll_audio|pll_audio_inst|altera_pll_i|general[0].gpll~PLL_OUTPUT_COUNTER|divclk}
Info (332151): Clock uncertainty is not calculated until you update the timing netlist.
Warning (332174): Ignored filter at sys_top.sdc(17): spi_sck could not be matched with a clock File: /home/alans/mister/MacQuadra800_MiSTer/scratch/fpu_normal_single_move_quartus_20260928/tree/sys/sys_top.sdc Line: 17
Warning (332054): Assignment set_clock_groups is accepted but has some problems at sys_top.sdc(13): Argument -group with value [get_clocks { spi_sck}] contains zero elements File: /home/alans/mister/MacQuadra800_MiSTer/scratch/fpu_normal_single_move_quartus_20260928/tree/sys/sys_top.sdc Line: 13
    Info (332050): set_clock_groups -exclusive \
   -group [get_clocks { *|pll|pll_inst|altera_pll_i|*[*].*|divclk}] \
   -group [get_clocks { pll_hdmi|pll_hdmi_inst|altera_pll_i|*[0].*|divclk}] \
   -group [get_clocks { pll_audio|pll_audio_inst|altera_pll_i|*[0].*|divclk}] \
   -group [get_clocks { spi_sck}] \
   -group [get_clocks { hdmi_sck}] \
   -group [get_clocks { *|h2f_user0_clk}] \
   -group [get_clocks { FPGA_CLK1_50 }] \
   -group [get_clocks { FPGA_CLK2_50 }] \
   -group [get_clocks { FPGA_CLK3_50 }] File: /home/alans/mister/MacQuadra800_MiSTer/scratch/fpu_normal_single_move_quartus_20260928/tree/sys/sys_top.sdc Line: 13
Warning (332174): Ignored filter at sys_top.sdc(60): acx* could not be matched with a clock or keeper File: /home/alans/mister/MacQuadra800_MiSTer/scratch/fpu_normal_single_move_quartus_20260928/tree/sys/sys_top.sdc Line: 60
Warning (332174): Ignored filter at sys_top.sdc(60): acy* could not be matched with a clock or keeper File: /home/alans/mister/MacQuadra800_MiSTer/scratch/fpu_normal_single_move_quartus_20260928/tree/sys/sys_top.sdc Line: 60
Warning (332174): Ignored filter at sys_top.sdc(60): aflt_* could not be matched with a clock or keeper File: /home/alans/mister/MacQuadra800_MiSTer/scratch/fpu_normal_single_move_quartus_20260928/tree/sys/sys_top.sdc Line: 60
Info (332104): Reading SDC File: 'MacQuadra800.sdc'
Info (332151): Clock uncertainty is not calculated until you update the timing netlist.
Warning (332174): Ignored filter at MacQuadra800.sdc(30): *mon_meta* could not be matched with a keeper File: /home/alans/mister/MacQuadra800_MiSTer/scratch/fpu_normal_single_move_quartus_20260928/tree/MacQuadra800.sdc Line: 30
Info (332097): The following timing edges are non-unate.  TimeQuest will assume pos-unate behavior for these edges in the clock network.
    Info (332098): Cell: emu|pll|pll_inst|altera_pll_i|general[0].gpll~FRACTIONAL_PLL  from: refclkin  to: fbclk
    Info (332098): Cell: emu|pll|pll_inst|altera_pll_i|general[0].gpll~PLL_OUTPUT_COUNTER  from: vco0ph[0]  to: divclk
    Info (332098): Cell: emu|pll|pll_inst|altera_pll_i|general[0].gpll~PLL_REFCLK_SELECT  from: clkin[2]  to: clkout
    Info (332098): Cell: emu|pll|pll_inst|altera_pll_i|general[1].gpll~PLL_OUTPUT_COUNTER  from: vco0ph[0]  to: divclk
    Info (332098): Cell: pll_audio|pll_audio_inst|altera_pll_i|general[0].gpll~FRACTIONAL_PLL  from: refclkin  to: fbclk
    Info (332098): Cell: pll_audio|pll_audio_inst|altera_pll_i|general[0].gpll~PLL_OUTPUT_COUNTER  from: vco0ph[0]  to: divclk
    Info (332098): Cell: pll_audio|pll_audio_inst|altera_pll_i|general[0].gpll~PLL_REFCLK_SELECT  from: clkin[0]  to: clkout
    Info (332098): From: sysmem|fpga_interfaces|f2sdram|cmd_port_clk_0  to: sysmem_lite:sysmem|sysmem_HPS_fpga_interfaces:fpga_interfaces|f2sdram~FF_762
    Info (332098): From: sysmem|fpga_interfaces|f2sdram|cmd_port_clk_1  to: sysmem_lite:sysmem|sysmem_HPS_fpga_interfaces:fpga_interfaces|f2sdram~FF_827
    Info (332098): From: sysmem|fpga_interfaces|f2sdram|cmd_port_clk_2  to: sysmem_lite:sysmem|sysmem_HPS_fpga_interfaces:fpga_interfaces|f2sdram~FF_920
    Info (332098): From: sysmem|fpga_interfaces|f2sdram|rd_clk_0  to: sysmem_lite:sysmem|sysmem_HPS_fpga_interfaces:fpga_interfaces|f2sdram~FF_7
    Info (332098): From: sysmem|fpga_interfaces|f2sdram|rd_clk_1  to: sysmem_lite:sysmem|sysmem_HPS_fpga_interfaces:fpga_interfaces|f2sdram~FF_6
    Info (332098): From: sysmem|fpga_interfaces|f2sdram|rd_clk_2  to: sysmem_lite:sysmem|sysmem_HPS_fpga_interfaces:fpga_interfaces|f2sdram~FF_5
    Info (332098): From: sysmem|fpga_interfaces|f2sdram|rd_clk_3  to: sysmem_lite:sysmem|sysmem_HPS_fpga_interfaces:fpga_interfaces|f2sdram~FF_4
    Info (332098): From: sysmem|fpga_interfaces|f2sdram|wr_clk_0  to: sysmem_lite:sysmem|sysmem_HPS_fpga_interfaces:fpga_interfaces|f2sdram~FF_3
    Info (332098): From: sysmem|fpga_interfaces|f2sdram|wr_clk_1  to: sysmem_lite:sysmem|sysmem_HPS_fpga_interfaces:fpga_interfaces|f2sdram~FF_2
    Info (332098): From: sysmem|fpga_interfaces|f2sdram|wr_clk_2  to: sysmem_lite:sysmem|sysmem_HPS_fpga_interfaces:fpga_interfaces|f2sdram~FF_1
    Info (332098): From: sysmem|fpga_interfaces|f2sdram|wr_clk_3  to: sysmem_lite:sysmem|sysmem_HPS_fpga_interfaces:fpga_interfaces|f2sdram~FF_0
Info (332123): Deriving Clock Uncertainty. Please refer to report_sdc in TimeQuest to see clock uncertainties.
Info (332129): Detected timing requirements -- optimizing circuit to achieve only the specified requirements
Info (332111): Found 14 clocks
    Info (332111):   Period   Clock Name
    Info (332111): ======== ============
    Info (332111):    1.010 emu|pll|pll_inst|altera_pll_i|general[0].gpll~FRACTIONAL_PLL|vcoph[0]
    Info (332111):   30.303 emu|pll|pll_inst|altera_pll_i|general[0].gpll~PLL_OUTPUT_COUNTER|divclk
    Info (332111):   10.101 emu|pll|pll_inst|altera_pll_i|general[1].gpll~PLL_OUTPUT_COUNTER|divclk
    Info (332111):   20.000 FPGA_CLK1_50
    Info (332111):   20.000 FPGA_CLK2_50
    Info (332111):   20.000 FPGA_CLK3_50
    Info (332111):  100.000     hdmi_sck
    Info (332111):    2.393 pll_audio|pll_audio_inst|altera_pll_i|general[0].gpll~FRACTIONAL_PLL|vcoph[0]
    Info (332111):   40.682 pll_audio|pll_audio_inst|altera_pll_i|general[0].gpll~PLL_OUTPUT_COUNTER|divclk
    Info (332111):   10.000 sysmem|fpga_interfaces|clocks_resets|h2f_user0_clk
Info (176233): Starting register packing
Warning (176250): Ignoring invalid fast I/O register assignments. See the Ignored Assignments panel in the Fitter Compilation Report for more information.
Warning (176251): Ignoring some wildcard destinations of fast I/O register assignments
    Info (176252): Wildcard assignment "Fast Output Register=ON" to "SDRAM_*" matches multiple destination nodes -- some destinations are not valid targets for this assignment
Info (176235): Finished register packing
    Extra Info (176218): Packed 1 registers into blocks of type Block RAM
    Extra Info (176218): Packed 949 registers into blocks of type DSP block
    Extra Info (176218): Packed 16 registers into blocks of type I/O input buffer
    Extra Info (176218): Packed 80 registers into blocks of type I/O output buffer
    Extra Info (176220): Created 389 register duplicates
Info (128000): Starting physical synthesis optimizations for speed
Info (128002): Starting physical synthesis algorithm register retiming
Info (128003): Physical synthesis algorithm register retiming complete: estimated slack improvement of 0 ps
Info (128002): Starting physical synthesis algorithm combinational resynthesis using boolean division
Info (128003): Physical synthesis algorithm combinational resynthesis using boolean division complete: estimated slack improvement of 0 ps
Info (128002): Starting physical synthesis algorithm register retiming
Info (128003): Physical synthesis algorithm register retiming complete: estimated slack improvement of 0 ps
Info (128002): Starting physical synthesis algorithm combinational resynthesis using boolean division
Info (128003): Physical synthesis algorithm combinational resynthesis using boolean division complete: estimated slack improvement of 0 ps
Info (128001): Physical synthesis optimizations for speed complete: elapsed time is 00:00:52
Info (176233): Starting register packing
Info (176235): Finished register packing
    Extra Info (176219): No registers were packed into other blocks
Info (11798): Fitter preparation operations ending: elapsed time is 00:01:22
Info (170189): Fitter placement preparation operations beginning
Info (14951): The Fitter is using Advanced Physical Optimization.
Info (170190): Fitter placement preparation operations ending: elapsed time is 00:01:14
Info (170191): Fitter placement operations beginning
Info (170137): Fitter placement was successful
Info (170192): Fitter placement operations ending: elapsed time is 00:01:35
Info (170193): Fitter routing operations beginning
Info (170195): Router estimated average interconnect usage is 47% of the available device resources
    Info (170196): Router estimated peak interconnect usage is 71% of the available device resources in the region that extends from location X22_Y23 to location X32_Y34
Warning (16684): The router is trying to resolve an exceedingly large amount of congestion. At the moment, it predicts long routing run time and/or significant setup or hold timing failures. Congestion details can be found in the Chip Planner.
Warning (16618): Fitter routing phase terminated due to routing congestion. Congestion details can be found in Chip Planner.
Critical Warning (188026): The Fitter failed to successfully route the design.  You may be able get this design to route by making design modifications, changing the fitter seed or by enabling the Fitter Aggressive Routability Optimizations logic option.
    Info (188027): The highest placement effort tried by the fitter during this compile was:  2
Error (170143): Final fitting attempt was unsuccessful
Info (170194): Fitter routing operations ending: elapsed time is 00:05:43
Info (11888): Total time spent on timing analysis during the Fitter is 82.96 seconds.
Warning (171167): Found invalid Fitter assignments. See the Ignored Assignments panel in the Fitter Compilation Report for more information.
Warning (169064): Following 2 pins have no output enable or a GND or VCC output enable - later changes to this connectivity may change fitting results
    Info (169065): Pin USER_IO[3] has a permanently disabled output enable File: /home/alans/mister/MacQuadra800_MiSTer/scratch/fpu_normal_single_move_quartus_20260928/tree/sys/sys_top.v Line: 125
    Info (169065): Pin USER_IO[6] has a permanently disabled output enable File: /home/alans/mister/MacQuadra800_MiSTer/scratch/fpu_normal_single_move_quartus_20260928/tree/sys/sys_top.v Line: 125
Warning (169069): Following 8 pins have nothing, GND, or VCC driving datain port -- changes to this connectivity may change fitting results
    Info (169070): Pin SD_SPI_CLK has VCC driving its datain port File: /home/alans/mister/MacQuadra800_MiSTer/scratch/fpu_normal_single_move_quartus_20260928/tree/sys/sys_top.v Line: 101
    Info (169070): Pin SD_SPI_MOSI has VCC driving its datain port File: /home/alans/mister/MacQuadra800_MiSTer/scratch/fpu_normal_single_move_quartus_20260928/tree/sys/sys_top.v Line: 102
    Info (169070): Pin ADC_SCK has VCC driving its datain port File: /home/alans/mister/MacQuadra800_MiSTer/scratch/fpu_normal_single_move_quartus_20260928/tree/sys/sys_top.v Line: 109
    Info (169070): Pin ADC_SDI has VCC driving its datain port File: /home/alans/mister/MacQuadra800_MiSTer/scratch/fpu_normal_single_move_quartus_20260928/tree/sys/sys_top.v Line: 111
    Info (169070): Pin ADC_CONVST has VCC driving its datain port File: /home/alans/mister/MacQuadra800_MiSTer/scratch/fpu_normal_single_move_quartus_20260928/tree/sys/sys_top.v Line: 112
    Info (169070): Pin SDRAM_CKE has VCC driving its datain port File: /home/alans/mister/MacQuadra800_MiSTer/scratch/fpu_normal_single_move_quartus_20260928/tree/sys/sys_top.v Line: 57
    Info (169070): Pin USER_IO[3] has VCC driving its datain port File: /home/alans/mister/MacQuadra800_MiSTer/scratch/fpu_normal_single_move_quartus_20260928/tree/sys/sys_top.v Line: 125
    Info (169070): Pin USER_IO[6] has VCC driving its datain port File: /home/alans/mister/MacQuadra800_MiSTer/scratch/fpu_normal_single_move_quartus_20260928/tree/sys/sys_top.v Line: 125
Error (11802): Can't fit design in device. Modify your design to reduce resources, or choose a larger device. The Intel FPGA Knowledge Database contains many articles with specific details on how to resolve this error. Visit the Knowledge Database at https://www.altera.com/support/support-resources/knowledge-base/search.html and search for this specific error message number.
Info (144001): Generated suppressed messages file /home/alans/mister/MacQuadra800_MiSTer/scratch/fpu_normal_single_move_quartus_20260928/tree/output_files/MacQuadra800.fit.smsg
Error: Quartus Prime Fitter was unsuccessful. 2 errors, 18 warnings
    Error: Peak virtual memory: 5392 megabytes
    Error: Processing ended: Sun Sep 27 23:04:48 2026
    Error: Elapsed time: 00:12:40
    Error: Total CPU time (on all processors): 00:52:30
Info (18207): Some modules have been skipped due to smart recompilation. You can turn off smart recompilation under Compilation Process Settings in the Settings dialog to fully recompile your design
Error (293001): Quartus Prime Full Compilation was unsuccessful. 4 errors, 18 warnings
Error: Flow compile (for project /home/alans/mister/MacQuadra800_MiSTer/scratch/fpu_normal_single_move_quartus_20260928/tree/MacQuadra800) was not successful
Error: ERROR: Error(s) found while running an executable. See report file(s) for error message(s). Message log indicates which executable was run last.

Error (23031): Evaluation of Tcl script /home/alans/intelFPGA_lite/quartus/common/tcl/internal/qsh_flow.tcl unsuccessful
Error: Quartus Prime Shell was unsuccessful. 11 errors, 18 warnings
    Error: Peak virtual memory: 861 megabytes
    Error: Processing ended: Sun Sep 27 23:04:49 2026
    Error: Elapsed time: 00:12:43
    Error: Total CPU time (on all processors): 00:52:31

------------------------------------------------------------
BUILD STATUS  (MacQuadra800, 12m43s)
------------------------------------------------------------
  Analysis & Synthesis   (no fresh output_files/MacQuadra800.map.summary for this run)
  Fitter                 Fitter Status : Failed - Sun Sep 27 23:04:46 2026
  Timing (STA)           not generated for this run
  Artifact               output_files/MacQuadra800.rbf  *** NO FRESH ARTIFACT ***
  Quartus flow           exit=3
  Full log               output_files/build_20260927_225206.log
------------------------------------------------------------
