{
  "target": {
    "starts": 96271,
    "ends": 96271,
    "active": 0,
    "touched": 96271,
    "whole": 96271,
    "sum": 331334,
    "max": 25,
    "partial": 0,
    "partial_edges": 0,
    "active_edges": 0,
    "occupancy": 331334,
    "unclassified": 0
  },
  "saved_rest_resource": {
    "n": 90990,
    "sum": 311506,
    "max": 25
  },
  "path_counts": {
    "0": 64181,
    "1": 22459,
    "2": 9630,
    "3": 0,
    "4": 1,
    "5": 0,
    "6": 0
  },
  "branch_event_counts": {
    "0": 22459,
    "1": 0,
    "2": 1,
    "3": 9630,
    "4": 0,
    "5": 1,
    "6": 0
  },
  "scope": "translated enabled/cacheable resource data read episodes; no historical invalidation cause, numerical oracle or removable-cycle prediction"
}
PASS resource read attribution
