META format=speedometer-observer-v1 clock_unit=33MHz_rising_edges limit=512 resource_sha256=af67113bceb4eb906e973a9b747a0b1925b9d64c62f0f9a84bc6f0578839ca80
LIVE cycle=402 kind=PREFIX phase=1 site=0 pc=408050bc reason=
LIVE cycle=413 kind=PREFIX phase=2 site=0 pc=408050bc reason=
LIVE cycle=413 kind=PREFIX phase=3 site=0 pc=408050c2 reason=
LIVE cycle=422 kind=PREFIX phase=4 site=1 pc=408050c2 reason=
LIVE cycle=428 kind=PREFIX phase=5 site=1 pc=408050c8 reason=
LIVE cycle=461 kind=FPU_Identify phase=5 site=1 pc=0 reason=
LIVE cycle=461 kind=IDENTIFY phase=5 site=1 pc=408050ce reason=
LIVE cycle=461 kind=PREFIX phase=0 site=1 pc=408050ce reason=
IR_MISMATCH cycle=471 pc=40805106 ir=6032 fetched=3f3c state=3 before_state=190 pipe_admit=0 pipe_rf_owner=0 pipe_pc=408050d0
LIVE cycle=479 kind=FPU_TimerStart phase=0 site=1 pc=0 reason=
LIVE cycle=488 kind=FPU_CallbackStart phase=0 site=1 pc=0 reason=
LIVE cycle=527 kind=FPU_CallbackStop phase=0 site=1 pc=0 reason=
LIVE cycle=558 kind=FPU_TimerStop phase=0 site=1 pc=0 reason=
ADAPTER cycle=635 request_samples=522 ack_samples=70 instruction_acks=51 data_acks=19 error_acks=0 fetched_bytes=170 dispatches=38 known_dispatches=38 ir_mismatch=1 signature_failures=0 secondary_skipped=0 primary_mismatch_skipped=1 diagnostic_dropped=0 starts=1 stops=1 callbacks=1 returns=1 aborts=0 unmatched=0 prefix_aborts=0 prefix0=1 prefix1=1 prefix2=1 prefix3=1 prefix4=1 prefix5=1 invalidation0=1 invalidation1=0 invalidation2=1 invalidation3=0 invalidation4=0 invalidation5=0
INVALIDATIONS cycle=635 reason=0 phase0=1 phase1=0 phase2=0 phase3=0 phase4=0 phase5=0
INVALIDATIONS cycle=635 reason=1 phase0=0 phase1=0 phase2=0 phase3=0 phase4=0 phase5=0
INVALIDATIONS cycle=635 reason=2 phase0=1 phase1=0 phase2=0 phase3=0 phase4=0 phase5=0
INVALIDATIONS cycle=635 reason=3 phase0=0 phase1=0 phase2=0 phase3=0 phase4=0 phase5=0
INVALIDATIONS cycle=635 reason=4 phase0=0 phase1=0 phase2=0 phase3=0 phase4=0 phase5=0
INVALIDATIONS cycle=635 reason=5 phase0=0 phase1=0 phase2=0 phase3=0 phase4=0 phase5=0
FPU_SUMMARY starts=1 stops=1 callbacks=1 returns=1 aborts=0 unmatched=0 prefix_aborts=0 timer_open=0 callback_open=0 raw_stop_pending=0
SUMMARY records=0 identities=0 micro_starts=0 micro_stops=0 contexts=1 capped=0
