baseline_sim/rtl/adb.sv: OK
baseline_sim/rtl/ap68040/.gitignore: OK
baseline_sim/rtl/ap68040/LICENSE: OK
baseline_sim/rtl/ap68040/README.md: OK
baseline_sim/rtl/ap68040/UPSTREAM.md: OK
baseline_sim/rtl/ap68040/doc/CPUTEST_UPSTREAM_REPORT.md: OK
baseline_sim/rtl/ap68040/doc/tests-README: OK
baseline_sim/rtl/ap68040/experimental/README.md: OK
baseline_sim/rtl/ap68040/experimental/ap040_pipeline_integer.sv: OK
baseline_sim/rtl/ap68040/experimental/handoff_monitor.sv: OK
baseline_sim/rtl/ap68040/experimental/irq_load.s: OK
baseline_sim/rtl/ap68040/experimental/irq_load_monitor.sv: OK
baseline_sim/rtl/ap68040/experimental/irq_overlap.s: OK
baseline_sim/rtl/ap68040/experimental/irq_overlap_monitor.sv: OK
baseline_sim/rtl/ap68040/experimental/irq_pea.s: OK
baseline_sim/rtl/ap68040/experimental/irq_pea_monitor.sv: OK
baseline_sim/rtl/ap68040/experimental/irq_store.s: OK
baseline_sim/rtl/ap68040/experimental/irq_store_monitor.sv: OK
baseline_sim/rtl/ap68040/experimental/reference_trace.sv: OK
baseline_sim/rtl/ap68040/experimental/tb_pipeline_integer.sv: OK
baseline_sim/rtl/ap68040/experimental/tb_pipeline_pea.sv: OK
baseline_sim/rtl/ap68040/experimental/tb_pipeline_store_cancel.sv: OK
baseline_sim/rtl/ap68040/experimental/tb_pipeline_stores.sv: OK
baseline_sim/rtl/ap68040/rtl/ap040.qip: OK
baseline_sim/rtl/ap68040/rtl/ap040_alu.v: OK
baseline_sim/rtl/ap68040/rtl/ap040_bus16_adapter.v: OK
baseline_sim/rtl/ap68040/rtl/ap040_bus_timeout.v: OK
baseline_sim/rtl/ap68040/rtl/ap040_cache.v: OK
baseline_sim/rtl/ap68040/rtl/ap040_core.v: OK
baseline_sim/rtl/ap68040/rtl/ap040_defs.svh: OK
baseline_sim/rtl/ap68040/rtl/ap040_fpu.v: OK
baseline_sim/rtl/ap68040/rtl/ap040_mmu.v: OK
baseline_sim/rtl/ap68040/rtl/ap040_muldiv.v: OK
baseline_sim/rtl/ap68040/rtl/ap040_regfile.v: OK
baseline_sim/rtl/ap68040/rtl/ap040_tg68k_compat.v: OK
baseline_sim/rtl/ap68040/rtl/ap040_walker_cdc.v: OK
baseline_sim/rtl/ap68040/rtl/primitives/dpram.v: OK
baseline_sim/rtl/ap68040/tb/asm/bench_exact_permute.s: OK
baseline_sim/rtl/ap68040/tb/asm/bench_exact_sieve.s: OK
baseline_sim/rtl/ap68040/tb/asm/bench_loop.s: OK
baseline_sim/rtl/ap68040/tb/asm/branch_bench.s: OK
baseline_sim/rtl/ap68040/tb/asm/pipe_bench.s: OK
baseline_sim/rtl/ap68040/tb/asm/t_atcprobe.s: OK
baseline_sim/rtl/ap68040/tb/asm/t_bitfield_cache.s: OK
baseline_sim/rtl/ap68040/tb/asm/t_bitfield_mmu.s: OK
baseline_sim/rtl/ap68040/tb/asm/t_branch_early.s: OK
baseline_sim/rtl/ap68040/tb/asm/t_cache.s: OK
baseline_sim/rtl/ap68040/tb/asm/t_cas_lifo.s: OK
baseline_sim/rtl/ap68040/tb/asm/t_exceptions.s: OK
baseline_sim/rtl/ap68040/tb/asm/t_fpu.s: OK
baseline_sim/rtl/ap68040/tb/asm/t_fpu_frames.s: OK
baseline_sim/rtl/ap68040/tb/asm/t_fpu_resume.s: OK
baseline_sim/rtl/ap68040/tb/asm/t_integer.s: OK
baseline_sim/rtl/ap68040/tb/asm/t_lea_d16.s: OK
baseline_sim/rtl/ap68040/tb/asm/t_lea_fault.s: OK
baseline_sim/rtl/ap68040/tb/asm/t_loops_irq.s: OK
baseline_sim/rtl/ap68040/tb/asm/t_mmu.s: OK
baseline_sim/rtl/ap68040/tb/asm/t_movem_restart.s: OK
baseline_sim/rtl/ap68040/tb/asm/t_moves_fc.s: OK
baseline_sim/rtl/ap68040/tb/asm/t_pipeline_load_fault.s: OK
baseline_sim/rtl/ap68040/tb/asm/t_pipeline_loads.s: OK
baseline_sim/rtl/ap68040/tb/asm/t_pipeline_pea.s: OK
baseline_sim/rtl/ap68040/tb/asm/t_pipeline_pea_ext_fault.s: OK
baseline_sim/rtl/ap68040/tb/asm/t_pipeline_pea_fault.s: OK
baseline_sim/rtl/ap68040/tb/asm/t_pipeline_pea_trace.s: OK
baseline_sim/rtl/ap68040/tb/asm/t_pipeline_store_fault.s: OK
baseline_sim/rtl/ap68040/tb/asm/t_pipeline_stores.s: OK
baseline_sim/rtl/ap68040/tb/asm/t_refill_load.s: OK
baseline_sim/rtl/ap68040/tb/bin2hex.py: OK
baseline_sim/rtl/ap68040/tb/build_tests.sh: OK
baseline_sim/rtl/ap68040/tb/exact_sieve_monitor.sv: OK
baseline_sim/rtl/ap68040/tb/prepare_exact_sieve.py: OK
baseline_sim/rtl/ap68040/tb/run_exact_sieve.sh: OK
baseline_sim/rtl/ap68040/tb/run_tests.sh: OK
baseline_sim/rtl/ap68040/tb/tb_ap040_alu_arithmetic.v: OK
baseline_sim/rtl/ap68040/tb/tb_ap040_bus16_gap.v: OK
baseline_sim/rtl/ap68040/tb/tb_ap040_bus_timeout.v: OK
baseline_sim/rtl/ap68040/tb/tb_ap040_cache_snoop.v: OK
baseline_sim/rtl/ap68040/tb/tb_ap040_cache_xstore.sv: OK
baseline_sim/rtl/ap68040/tb/tb_ap040_double_fault.v: OK
baseline_sim/rtl/ap68040/tb/tb_ap040_fpu_normalize.v: OK
baseline_sim/rtl/ap68040/tb/tb_ap040_program.v: OK
baseline_sim/rtl/ap68040/tb/tb_ap040_regfile.v: OK
baseline_sim/rtl/ap68040/tb/tb_ap040_reset.v: OK
baseline_sim/rtl/ap68040/tb/tb_ap040_walker_cdc.v: OK
baseline_sim/rtl/cd_audio.sv: OK
baseline_sim/rtl/cos.sv: OK
baseline_sim/rtl/dafb.sv: OK
baseline_sim/rtl/dpram.v: OK
baseline_sim/rtl/easc.sv: OK
baseline_sim/rtl/iosb.sv: OK
baseline_sim/rtl/lfsr.v: OK
baseline_sim/rtl/mycore.v: OK
baseline_sim/rtl/ncr53c96.sv: OK
baseline_sim/rtl/pll.qip: OK
baseline_sim/rtl/pll.v: OK
baseline_sim/rtl/pll/pll_0002.qip: OK
baseline_sim/rtl/pll/pll_0002.v: OK
baseline_sim/rtl/pll/pll_0002_q13.qip: OK
baseline_sim/rtl/pll_video.v: OK
baseline_sim/rtl/quadra800.sv: OK
baseline_sim/rtl/rtc3430042.sv: OK
baseline_sim/rtl/scc.v: OK
baseline_sim/rtl/scsi_cache.sv: OK
baseline_sim/rtl/sdram.sv: OK
baseline_sim/rtl/sdram_beat32.sv: OK
baseline_sim/rtl/sonic_mbx.sv: OK
baseline_sim/rtl/uart/rxuart.v: OK
baseline_sim/rtl/uart/txuart.v: OK
baseline_sim/rtl/via6522.sv: OK
baseline_sim/rtl/wombat_bus32.sv: OK
baseline_sim/rtl/wombat_cpu.sv: OK
baseline_sim/rtl/wombat_store_buffer.sv: OK
baseline_sim/verilator/sim.v: OK
baseline_sim/verilator/sim_main.cpp: OK
baseline_sim/verilator/Makefile: OK
baseline_sim/verilator/quadra800-fastboot.rom.hex: OK
baseline_sim/verilator/run.hda: OK
baseline_sim/verilator/fpu_control_full.txt: OK
baseline_sim/verilator/obj_dir/Vemu: OK
baseline_sim/scripts/fixtures/speedometer_timing_observer/adapter.inc: OK
baseline_sim/scripts/fixtures/speedometer_timing_observer/speedometer_observer.h: OK
baseline_sim/scripts/fixtures/speedometer_timing_observer/fpu_timed_profile.h: OK
baseline_sim/scripts/fixtures/speedometer_timing_observer/window_counters.h: OK
speedometer_observer.h: OK
fpu_timed_profile.h: OK
window_counters.h: OK
integrate.py: OK
run_targeted_baseline.sh: OK
sim_main_integration.diff: OK
