LOADED image into SDRAM model (romlat=6)
SDRAM ready at 123957300 ps
[NCR 0] housekeeping: rst=1 bus=0 probe=1
[NCR 12] forward op=ff -> lba=7dff0000
NATIVE_START fpcr=00000000 pc=006300ae
MATRIX_HEAP_START zone=003f1890 bkLim=00492078 free=0003ff10 memtop=00517754
MATRIX_CALL alloc=1 pc=0060018c size=000000a4
SCC_SERIAL_OUT: ch=B byte=00 time=544809150
SCC_SERIAL_OUT: ch=A byte=00 time=544809150
MATRIX_RETURN alloc=1 pc=0060018e ptr=003f1d80 error=00000000 secondary=0
MATRIX_CALL alloc=2 pc=0060018c size=000000a4
MATRIX_RETURN alloc=2 pc=0060018e ptr=003f1e30 error=00000000 secondary=0
MATRIX_CALL alloc=3 pc=0060018c size=000000a4
MATRIX_RETURN alloc=3 pc=0060018e ptr=003f1ee0 error=00000000 secondary=0
MATRIX_CALL alloc=4 pc=0060018c size=000000a4
MATRIX_RETURN alloc=4 pc=0060018e ptr=003f1f90 error=00000000 secondary=0
MATRIX_CALL alloc=5 pc=0060018c size=000000a4
MATRIX_RETURN alloc=5 pc=0060018e ptr=003f2040 error=00000000 secondary=0
MATRIX_CALL alloc=6 pc=0060018c size=000000a4
MATRIX_RETURN alloc=6 pc=0060018e ptr=003f20f0 error=00000000 secondary=0
MATRIX_CALL alloc=7 pc=0060018c size=000000a4
MATRIX_RETURN alloc=7 pc=0060018e ptr=003f21a0 error=00000000 secondary=0
MATRIX_CALL alloc=8 pc=0060018c size=000000a4
MATRIX_RETURN alloc=8 pc=0060018e ptr=003f2250 error=00000000 secondary=0
MATRIX_CALL alloc=9 pc=0060018c size=000000a4
MATRIX_RETURN alloc=9 pc=0060018e ptr=003f2300 error=00000000 secondary=0
MATRIX_CALL alloc=10 pc=0060018c size=000000a4
MATRIX_RETURN alloc=10 pc=0060018e ptr=003f23b0 error=00000000 secondary=0
MATRIX_CALL alloc=11 pc=0060018c size=000000a4
MATRIX_RETURN alloc=11 pc=0060018e ptr=003f2460 error=00000000 secondary=0
MATRIX_CALL alloc=12 pc=0060018c size=000000a4
MATRIX_RETURN alloc=12 pc=0060018e ptr=003f2510 error=00000000 secondary=0
MATRIX_CALL alloc=13 pc=0060018c size=000000a4
MATRIX_RETURN alloc=13 pc=0060018e ptr=003f25c0 error=00000000 secondary=0
MATRIX_CALL alloc=14 pc=0060018c size=000000a4
MATRIX_RETURN alloc=14 pc=0060018e ptr=003f2670 error=00000000 secondary=0
MATRIX_CALL alloc=15 pc=0060018c size=000000a4
MATRIX_RETURN alloc=15 pc=0060018e ptr=003f2720 error=00000000 secondary=0
MATRIX_CALL alloc=16 pc=0060018c size=000000a4
MATRIX_RETURN alloc=16 pc=0060018e ptr=003f27d0 error=00000000 secondary=0
MATRIX_CALL alloc=17 pc=0060018c size=000000a4
MATRIX_RETURN alloc=17 pc=0060018e ptr=003f2880 error=00000000 secondary=0
MATRIX_CALL alloc=18 pc=0060018c size=000000a4
MATRIX_RETURN alloc=18 pc=0060018e ptr=003f2930 error=00000000 secondary=0
MATRIX_CALL alloc=19 pc=0060018c size=000000a4
MATRIX_RETURN alloc=19 pc=0060018e ptr=003f29e0 error=00000000 secondary=0
MATRIX_CALL alloc=20 pc=0060018c size=000000a4
MATRIX_RETURN alloc=20 pc=0060018e ptr=003f2a90 error=00000000 secondary=0
MATRIX_CALL alloc=21 pc=0060018c size=000000a4
MATRIX_RETURN alloc=21 pc=0060018e ptr=003f2b40 error=00000000 secondary=0
MATRIX_CALL alloc=22 pc=0060018c size=000000a4
MATRIX_RETURN alloc=22 pc=0060018e ptr=003f2bf0 error=00000000 secondary=0
MATRIX_CALL alloc=23 pc=0060018c size=000000a4
MATRIX_RETURN alloc=23 pc=0060018e ptr=003f2ca0 error=00000000 secondary=0
MATRIX_CALL alloc=24 pc=0060018c size=000000a4
MATRIX_RETURN alloc=24 pc=0060018e ptr=003f2d50 error=00000000 secondary=0
MATRIX_CALL alloc=25 pc=0060018c size=000000a4
MATRIX_RETURN alloc=25 pc=0060018e ptr=003f2e00 error=00000000 secondary=0
MATRIX_CALL alloc=26 pc=0060018c size=000000a4
MATRIX_RETURN alloc=26 pc=0060018e ptr=003f2eb0 error=00000000 secondary=0
MATRIX_CALL alloc=27 pc=0060018c size=000000a4
MATRIX_RETURN alloc=27 pc=0060018e ptr=003f2f60 error=00000000 secondary=0
MATRIX_CALL alloc=28 pc=0060018c size=000000a4
MATRIX_RETURN alloc=28 pc=0060018e ptr=003f3010 error=00000000 secondary=0
MATRIX_CALL alloc=29 pc=0060018c size=000000a4
MATRIX_RETURN alloc=29 pc=0060018e ptr=003f30c0 error=00000000 secondary=0
MATRIX_CALL alloc=30 pc=0060018c size=000000a4
MATRIX_RETURN alloc=30 pc=0060018e ptr=003f3170 error=00000000 secondary=0
MATRIX_CALL alloc=31 pc=0060018c size=000000a4
MATRIX_RETURN alloc=31 pc=0060018e ptr=00438cf0 error=00000000 secondary=0
MATRIX_CALL alloc=32 pc=0060018c size=000000a4
MATRIX_RETURN alloc=32 pc=0060018e ptr=00438da0 error=00000000 secondary=0
MATRIX_CALL alloc=33 pc=0060018c size=000000a4
MATRIX_RETURN alloc=33 pc=0060018e ptr=00438e50 error=00000000 secondary=0
MATRIX_CALL alloc=34 pc=0060018c size=000000a4
MATRIX_RETURN alloc=34 pc=0060018e ptr=00438f00 error=00000000 secondary=0
MATRIX_CALL alloc=35 pc=0060018c size=000000a4
MATRIX_RETURN alloc=35 pc=0060018e ptr=00438fb0 error=00000000 secondary=0
MATRIX_CALL alloc=36 pc=0060018c size=000000a4
MATRIX_RETURN alloc=36 pc=0060018e ptr=00439060 error=00000000 secondary=0
MATRIX_CALL alloc=37 pc=0060018c size=000000a4
MATRIX_RETURN alloc=37 pc=0060018e ptr=00439110 error=00000000 secondary=0
MATRIX_CALL alloc=38 pc=0060018c size=000000a4
MATRIX_RETURN alloc=38 pc=0060018e ptr=004391c0 error=00000000 secondary=0
MATRIX_CALL alloc=39 pc=0060018c size=000000a4
MATRIX_RETURN alloc=39 pc=0060018e ptr=00439270 error=00000000 secondary=0
MATRIX_CALL alloc=40 pc=0060018c size=000000a4
MATRIX_RETURN alloc=40 pc=0060018e ptr=00439320 error=00000000 secondary=0
MATRIX_CALL alloc=41 pc=0060018c size=000000a4
MATRIX_RETURN alloc=41 pc=0060018e ptr=004393d0 error=00000000 secondary=0
MATRIX_CALL alloc=42 pc=006001ae size=000000a4
MATRIX_RETURN alloc=42 pc=006001b0 ptr=00439480 error=00000000 secondary=0
MATRIX_CALL alloc=43 pc=006001ae size=000000a4
MATRIX_RETURN alloc=43 pc=006001b0 ptr=00439530 error=00000000 secondary=0
MATRIX_CALL alloc=44 pc=006001ae size=000000a4
MATRIX_RETURN alloc=44 pc=006001b0 ptr=004395e0 error=00000000 secondary=0
MATRIX_CALL alloc=45 pc=006001ae size=000000a4
MATRIX_RETURN alloc=45 pc=006001b0 ptr=00439690 error=00000000 secondary=0
MATRIX_CALL alloc=46 pc=006001ae size=000000a4
MATRIX_RETURN alloc=46 pc=006001b0 ptr=00439740 error=00000000 secondary=0
MATRIX_CALL alloc=47 pc=006001ae size=000000a4
MATRIX_RETURN alloc=47 pc=006001b0 ptr=004397f0 error=00000000 secondary=0
MATRIX_CALL alloc=48 pc=006001ae size=000000a4
MATRIX_RETURN alloc=48 pc=006001b0 ptr=004398a0 error=00000000 secondary=0
MATRIX_CALL alloc=49 pc=006001ae size=000000a4
MATRIX_RETURN alloc=49 pc=006001b0 ptr=00439950 error=00000000 secondary=0
MATRIX_CALL alloc=50 pc=006001ae size=000000a4
MATRIX_RETURN alloc=50 pc=006001b0 ptr=00439a00 error=00000000 secondary=0
MATRIX_CALL alloc=51 pc=006001ae size=000000a4
MATRIX_RETURN alloc=51 pc=006001b0 ptr=00439ab0 error=00000000 secondary=0
MATRIX_CALL alloc=52 pc=006001ae size=000000a4
MATRIX_RETURN alloc=52 pc=006001b0 ptr=00439b60 error=00000000 secondary=0
MATRIX_CALL alloc=53 pc=006001ae size=000000a4
MATRIX_RETURN alloc=53 pc=006001b0 ptr=00439c10 error=00000000 secondary=0
MATRIX_CALL alloc=54 pc=006001ae size=000000a4
MATRIX_RETURN alloc=54 pc=006001b0 ptr=00439cc0 error=00000000 secondary=0
MATRIX_CALL alloc=55 pc=006001ae size=000000a4
MATRIX_RETURN alloc=55 pc=006001b0 ptr=00439d70 error=00000000 secondary=0
MATRIX_CALL alloc=56 pc=006001ae size=000000a4
MATRIX_RETURN alloc=56 pc=006001b0 ptr=00439e20 error=00000000 secondary=0
MATRIX_CALL alloc=57 pc=006001ae size=000000a4
MATRIX_RETURN alloc=57 pc=006001b0 ptr=00439ed0 error=00000000 secondary=0
MATRIX_CALL alloc=58 pc=006001ae size=000000a4
MATRIX_RETURN alloc=58 pc=006001b0 ptr=00439f80 error=00000000 secondary=0
MATRIX_CALL alloc=59 pc=006001ae size=000000a4
MATRIX_RETURN alloc=59 pc=006001b0 ptr=0043a030 error=00000000 secondary=0
MATRIX_CALL alloc=60 pc=006001ae size=000000a4
MATRIX_RETURN alloc=60 pc=006001b0 ptr=0043a0e0 error=00000000 secondary=0
MATRIX_CALL alloc=61 pc=006001ae size=000000a4
MATRIX_RETURN alloc=61 pc=006001b0 ptr=0043a190 error=00000000 secondary=0
MATRIX_CALL alloc=62 pc=006001ae size=000000a4
MATRIX_RETURN alloc=62 pc=006001b0 ptr=0043a240 error=00000000 secondary=0
MATRIX_CALL alloc=63 pc=006001ae size=000000a4
MATRIX_RETURN alloc=63 pc=006001b0 ptr=0043a2f0 error=00000000 secondary=0
MATRIX_CALL alloc=64 pc=006001ae size=000000a4
MATRIX_RETURN alloc=64 pc=006001b0 ptr=0043a3a0 error=00000000 secondary=0
MATRIX_CALL alloc=65 pc=006001ae size=000000a4
MATRIX_RETURN alloc=65 pc=006001b0 ptr=0043a450 error=00000000 secondary=0
MATRIX_CALL alloc=66 pc=006001ae size=000000a4
MATRIX_RETURN alloc=66 pc=006001b0 ptr=0043a500 error=00000000 secondary=0
MATRIX_CALL alloc=67 pc=006001ae size=000000a4
MATRIX_RETURN alloc=67 pc=006001b0 ptr=0043a5b0 error=00000000 secondary=0
MATRIX_CALL alloc=68 pc=006001ae size=000000a4
MATRIX_RETURN alloc=68 pc=006001b0 ptr=0043a660 error=00000000 secondary=0
MATRIX_CALL alloc=69 pc=006001ae size=000000a4
MATRIX_RETURN alloc=69 pc=006001b0 ptr=0043a710 error=00000000 secondary=0
MATRIX_CALL alloc=70 pc=006001ae size=000000a4
MATRIX_RETURN alloc=70 pc=006001b0 ptr=0043a7c0 error=00000000 secondary=0
MATRIX_CALL alloc=71 pc=006001ae size=000000a4
MATRIX_RETURN alloc=71 pc=006001b0 ptr=0043a870 error=00000000 secondary=0
MATRIX_CALL alloc=72 pc=006001ae size=000000a4
MATRIX_RETURN alloc=72 pc=006001b0 ptr=0043a920 error=00000000 secondary=0
MATRIX_CALL alloc=73 pc=006001ae size=000000a4
MATRIX_RETURN alloc=73 pc=006001b0 ptr=0043a9d0 error=00000000 secondary=0
MATRIX_CALL alloc=74 pc=006001ae size=000000a4
MATRIX_RETURN alloc=74 pc=006001b0 ptr=0043aa80 error=00000000 secondary=0
MATRIX_CALL alloc=75 pc=006001ae size=000000a4
MATRIX_RETURN alloc=75 pc=006001b0 ptr=0043ab30 error=00000000 secondary=0
MATRIX_CALL alloc=76 pc=006001ae size=000000a4
MATRIX_RETURN alloc=76 pc=006001b0 ptr=0043abe0 error=00000000 secondary=0
MATRIX_CALL alloc=77 pc=006001ae size=000000a4
MATRIX_RETURN alloc=77 pc=006001b0 ptr=0043ac90 error=00000000 secondary=0
MATRIX_CALL alloc=78 pc=006001ae size=000000a4
MATRIX_RETURN alloc=78 pc=006001b0 ptr=0043ad40 error=00000000 secondary=0
MATRIX_CALL alloc=79 pc=006001ae size=000000a4
MATRIX_RETURN alloc=79 pc=006001b0 ptr=0043adf0 error=00000000 secondary=0
MATRIX_CALL alloc=80 pc=006001ae size=000000a4
MATRIX_RETURN alloc=80 pc=006001b0 ptr=0043aea0 error=00000000 secondary=0
MATRIX_CALL alloc=81 pc=006001ae size=000000a4
MATRIX_RETURN alloc=81 pc=006001b0 ptr=0043af50 error=00000000 secondary=0
MATRIX_CALL alloc=82 pc=006001ae size=000000a4
MATRIX_RETURN alloc=82 pc=006001b0 ptr=0043b000 error=00000000 secondary=0
MATRIX_CALL alloc=83 pc=006001d0 size=000000a4
MATRIX_RETURN alloc=83 pc=006001d2 ptr=0043b0b0 error=00000000 secondary=0
MATRIX_CALL alloc=84 pc=006001d0 size=000000a4
MATRIX_RETURN alloc=84 pc=006001d2 ptr=0043b160 error=00000000 secondary=0
MATRIX_CALL alloc=85 pc=006001d0 size=000000a4
MATRIX_RETURN alloc=85 pc=006001d2 ptr=0043b210 error=00000000 secondary=0
MATRIX_CALL alloc=86 pc=006001d0 size=000000a4
MATRIX_RETURN alloc=86 pc=006001d2 ptr=0043b2c0 error=00000000 secondary=0
MATRIX_CALL alloc=87 pc=006001d0 size=000000a4
MATRIX_RETURN alloc=87 pc=006001d2 ptr=0043b370 error=00000000 secondary=0
MATRIX_CALL alloc=88 pc=006001d0 size=000000a4
MATRIX_RETURN alloc=88 pc=006001d2 ptr=0043b420 error=00000000 secondary=0
MATRIX_CALL alloc=89 pc=006001d0 size=000000a4
MATRIX_RETURN alloc=89 pc=006001d2 ptr=0043b4d0 error=00000000 secondary=0
MATRIX_CALL alloc=90 pc=006001d0 size=000000a4
MATRIX_RETURN alloc=90 pc=006001d2 ptr=0043b580 error=00000000 secondary=0
MATRIX_CALL alloc=91 pc=006001d0 size=000000a4
MATRIX_RETURN alloc=91 pc=006001d2 ptr=0043b630 error=00000000 secondary=0
MATRIX_CALL alloc=92 pc=006001d0 size=000000a4
MATRIX_RETURN alloc=92 pc=006001d2 ptr=0043b6e0 error=00000000 secondary=0
MATRIX_CALL alloc=93 pc=006001d0 size=000000a4
MATRIX_RETURN alloc=93 pc=006001d2 ptr=0043b790 error=00000000 secondary=0
MATRIX_CALL alloc=94 pc=006001d0 size=000000a4
MATRIX_RETURN alloc=94 pc=006001d2 ptr=0043b840 error=00000000 secondary=0
MATRIX_CALL alloc=95 pc=006001d0 size=000000a4
MATRIX_RETURN alloc=95 pc=006001d2 ptr=0043b8f0 error=00000000 secondary=0
MATRIX_CALL alloc=96 pc=006001d0 size=000000a4
MATRIX_RETURN alloc=96 pc=006001d2 ptr=0043b9a0 error=00000000 secondary=0
MATRIX_CALL alloc=97 pc=006001d0 size=000000a4
MATRIX_RETURN alloc=97 pc=006001d2 ptr=0043ba50 error=00000000 secondary=0
MATRIX_CALL alloc=98 pc=006001d0 size=000000a4
MATRIX_RETURN alloc=98 pc=006001d2 ptr=0043bb00 error=00000000 secondary=0
MATRIX_CALL alloc=99 pc=006001d0 size=000000a4
MATRIX_RETURN alloc=99 pc=006001d2 ptr=0043bbb0 error=00000000 secondary=0
MATRIX_CALL alloc=100 pc=006001d0 size=000000a4
MATRIX_RETURN alloc=100 pc=006001d2 ptr=0043bc60 error=00000000 secondary=0
MATRIX_CALL alloc=101 pc=006001d0 size=000000a4
MATRIX_RETURN alloc=101 pc=006001d2 ptr=0043bd10 error=00000000 secondary=0
MATRIX_CALL alloc=102 pc=006001d0 size=000000a4
MATRIX_RETURN alloc=102 pc=006001d2 ptr=0043bdc0 error=00000000 secondary=0
MATRIX_CALL alloc=103 pc=006001d0 size=000000a4
MATRIX_RETURN alloc=103 pc=006001d2 ptr=0043be70 error=00000000 secondary=0
MATRIX_CALL alloc=104 pc=006001d0 size=000000a4
MATRIX_RETURN alloc=104 pc=006001d2 ptr=0043bf20 error=00000000 secondary=0
MATRIX_CALL alloc=105 pc=006001d0 size=000000a4
MATRIX_RETURN alloc=105 pc=006001d2 ptr=0043bfd0 error=00000000 secondary=0
MATRIX_CALL alloc=106 pc=006001d0 size=000000a4
MATRIX_RETURN alloc=106 pc=006001d2 ptr=0043c080 error=00000000 secondary=0
MATRIX_CALL alloc=107 pc=006001d0 size=000000a4
MATRIX_RETURN alloc=107 pc=006001d2 ptr=0043c130 error=00000000 secondary=0
MATRIX_CALL alloc=108 pc=006001d0 size=000000a4
MATRIX_RETURN alloc=108 pc=006001d2 ptr=0043c1e0 error=00000000 secondary=0
MATRIX_CALL alloc=109 pc=006001d0 size=000000a4
MATRIX_RETURN alloc=109 pc=006001d2 ptr=0043c290 error=00000000 secondary=0
MATRIX_CALL alloc=110 pc=006001d0 size=000000a4
MATRIX_RETURN alloc=110 pc=006001d2 ptr=0043c340 error=00000000 secondary=0
MATRIX_CALL alloc=111 pc=006001d0 size=000000a4
MATRIX_RETURN alloc=111 pc=006001d2 ptr=0043c3f0 error=00000000 secondary=0
MATRIX_CALL alloc=112 pc=006001d0 size=000000a4
MATRIX_RETURN alloc=112 pc=006001d2 ptr=0043c4a0 error=00000000 secondary=0
MATRIX_CALL alloc=113 pc=006001d0 size=000000a4
MATRIX_RETURN alloc=113 pc=006001d2 ptr=0043c550 error=00000000 secondary=0
MATRIX_CALL alloc=114 pc=006001d0 size=000000a4
MATRIX_RETURN alloc=114 pc=006001d2 ptr=0043c600 error=00000000 secondary=0
MATRIX_CALL alloc=115 pc=006001d0 size=000000a4
MATRIX_RETURN alloc=115 pc=006001d2 ptr=0043c6b0 error=00000000 secondary=0
MATRIX_CALL alloc=116 pc=006001d0 size=000000a4
MATRIX_RETURN alloc=116 pc=006001d2 ptr=0043c760 error=00000000 secondary=0
MATRIX_CALL alloc=117 pc=006001d0 size=000000a4
MATRIX_RETURN alloc=117 pc=006001d2 ptr=0043c810 error=00000000 secondary=0
MATRIX_CALL alloc=118 pc=006001d0 size=000000a4
MATRIX_RETURN alloc=118 pc=006001d2 ptr=0043c8c0 error=00000000 secondary=0
MATRIX_CALL alloc=119 pc=006001d0 size=000000a4
MATRIX_RETURN alloc=119 pc=006001d2 ptr=0043c970 error=00000000 secondary=0
MATRIX_CALL alloc=120 pc=006001d0 size=000000a4
MATRIX_RETURN alloc=120 pc=006001d2 ptr=0043ca20 error=00000000 secondary=0
MATRIX_CALL alloc=121 pc=006001d0 size=000000a4
MATRIX_RETURN alloc=121 pc=006001d2 ptr=0043cad0 error=00000000 secondary=0
MATRIX_CALL alloc=122 pc=006001d0 size=000000a4
MATRIX_RETURN alloc=122 pc=006001d2 ptr=0043cb80 error=00000000 secondary=0
MATRIX_CALL alloc=123 pc=006001d0 size=000000a4
MATRIX_RETURN alloc=123 pc=006001d2 ptr=0043cc30 error=00000000 secondary=0
HEARTBEAT cycle=2000000 pc=0060010c
HEARTBEAT cycle=4000000 pc=0060012e
HEARTBEAT cycle=6000000 pc=00600132
HEARTBEAT cycle=8000000 pc=00600132
HEARTBEAT cycle=10000000 pc=0060011a
HEARTBEAT cycle=12000000 pc=00600156
HEARTBEAT cycle=14000000 pc=0060013c
HEARTBEAT cycle=16000000 pc=0060011a
HEARTBEAT cycle=18000000 pc=00600132
HEARTBEAT cycle=20000000 pc=00600132
HEARTBEAT cycle=22000000 pc=0060015c
HEARTBEAT cycle=24000000 pc=00600156
HEARTBEAT cycle=26000000 pc=0060012a
HEARTBEAT cycle=28000000 pc=00600150
MATRIX_NUMERIC_CAPTURE_GUARDS_PASS storebuf_count=0 bridge_write_queue_empty=1 write_inflight=0
MATRIX_NUMERIC_CAPTURE files=123 bytes_each=164 first_free_pc=000600260
MATRIX_CALL free=1 pc=00600260 ptr=003f1d80
MATRIX_RETURN free=1 pc=00600262 ptr=003f1d80 error=00000000 secondary=0
MATRIX_CALL free=2 pc=00600270 ptr=00439480
MATRIX_RETURN free=2 pc=00600272 ptr=00439480 error=00000000 secondary=0
MATRIX_CALL free=3 pc=00600280 ptr=0043b0b0
MATRIX_RETURN free=3 pc=00600282 ptr=0043b0b0 error=00000000 secondary=0
MATRIX_CALL free=4 pc=00600260 ptr=003f1e30
MATRIX_RETURN free=4 pc=00600262 ptr=003f1e30 error=00000000 secondary=0
MATRIX_CALL free=5 pc=00600270 ptr=00439530
MATRIX_RETURN free=5 pc=00600272 ptr=00439530 error=00000000 secondary=0
MATRIX_CALL free=6 pc=00600280 ptr=0043b160
MATRIX_RETURN free=6 pc=00600282 ptr=0043b160 error=00000000 secondary=0
MATRIX_CALL free=7 pc=00600260 ptr=003f1ee0
MATRIX_RETURN free=7 pc=00600262 ptr=003f1ee0 error=00000000 secondary=0
MATRIX_CALL free=8 pc=00600270 ptr=004395e0
MATRIX_RETURN free=8 pc=00600272 ptr=004395e0 error=00000000 secondary=0
MATRIX_CALL free=9 pc=00600280 ptr=0043b210
MATRIX_RETURN free=9 pc=00600282 ptr=0043b210 error=00000000 secondary=0
MATRIX_CALL free=10 pc=00600260 ptr=003f1f90
MATRIX_RETURN free=10 pc=00600262 ptr=003f1f90 error=00000000 secondary=0
MATRIX_CALL free=11 pc=00600270 ptr=00439690
MATRIX_RETURN free=11 pc=00600272 ptr=00439690 error=00000000 secondary=0
MATRIX_CALL free=12 pc=00600280 ptr=0043b2c0
MATRIX_RETURN free=12 pc=00600282 ptr=0043b2c0 error=00000000 secondary=0
MATRIX_CALL free=13 pc=00600260 ptr=003f2040
MATRIX_RETURN free=13 pc=00600262 ptr=003f2040 error=00000000 secondary=0
MATRIX_CALL free=14 pc=00600270 ptr=00439740
MATRIX_RETURN free=14 pc=00600272 ptr=00439740 error=00000000 secondary=0
MATRIX_CALL free=15 pc=00600280 ptr=0043b370
MATRIX_RETURN free=15 pc=00600282 ptr=0043b370 error=00000000 secondary=0
MATRIX_CALL free=16 pc=00600260 ptr=003f20f0
MATRIX_RETURN free=16 pc=00600262 ptr=003f20f0 error=00000000 secondary=0
MATRIX_CALL free=17 pc=00600270 ptr=004397f0
MATRIX_RETURN free=17 pc=00600272 ptr=004397f0 error=00000000 secondary=0
MATRIX_CALL free=18 pc=00600280 ptr=0043b420
MATRIX_RETURN free=18 pc=00600282 ptr=0043b420 error=00000000 secondary=0
MATRIX_CALL free=19 pc=00600260 ptr=003f21a0
MATRIX_RETURN free=19 pc=00600262 ptr=003f21a0 error=00000000 secondary=0
MATRIX_CALL free=20 pc=00600270 ptr=004398a0
MATRIX_RETURN free=20 pc=00600272 ptr=004398a0 error=00000000 secondary=0
MATRIX_CALL free=21 pc=00600280 ptr=0043b4d0
MATRIX_RETURN free=21 pc=00600282 ptr=0043b4d0 error=00000000 secondary=0
MATRIX_CALL free=22 pc=00600260 ptr=003f2250
MATRIX_RETURN free=22 pc=00600262 ptr=003f2250 error=00000000 secondary=0
MATRIX_CALL free=23 pc=00600270 ptr=00439950
MATRIX_RETURN free=23 pc=00600272 ptr=00439950 error=00000000 secondary=0
MATRIX_CALL free=24 pc=00600280 ptr=0043b580
MATRIX_RETURN free=24 pc=00600282 ptr=0043b580 error=00000000 secondary=0
MATRIX_CALL free=25 pc=00600260 ptr=003f2300
MATRIX_RETURN free=25 pc=00600262 ptr=003f2300 error=00000000 secondary=0
MATRIX_CALL free=26 pc=00600270 ptr=00439a00
MATRIX_RETURN free=26 pc=00600272 ptr=00439a00 error=00000000 secondary=0
MATRIX_CALL free=27 pc=00600280 ptr=0043b630
MATRIX_RETURN free=27 pc=00600282 ptr=0043b630 error=00000000 secondary=0
MATRIX_CALL free=28 pc=00600260 ptr=003f23b0
MATRIX_RETURN free=28 pc=00600262 ptr=003f23b0 error=00000000 secondary=0
MATRIX_CALL free=29 pc=00600270 ptr=00439ab0
MATRIX_RETURN free=29 pc=00600272 ptr=00439ab0 error=00000000 secondary=0
MATRIX_CALL free=30 pc=00600280 ptr=0043b6e0
MATRIX_RETURN free=30 pc=00600282 ptr=0043b6e0 error=00000000 secondary=0
MATRIX_CALL free=31 pc=00600260 ptr=003f2460
MATRIX_RETURN free=31 pc=00600262 ptr=003f2460 error=00000000 secondary=0
MATRIX_CALL free=32 pc=00600270 ptr=00439b60
MATRIX_RETURN free=32 pc=00600272 ptr=00439b60 error=00000000 secondary=0
MATRIX_CALL free=33 pc=00600280 ptr=0043b790
MATRIX_RETURN free=33 pc=00600282 ptr=0043b790 error=00000000 secondary=0
MATRIX_CALL free=34 pc=00600260 ptr=003f2510
MATRIX_RETURN free=34 pc=00600262 ptr=003f2510 error=00000000 secondary=0
MATRIX_CALL free=35 pc=00600270 ptr=00439c10
MATRIX_RETURN free=35 pc=00600272 ptr=00439c10 error=00000000 secondary=0
MATRIX_CALL free=36 pc=00600280 ptr=0043b840
MATRIX_RETURN free=36 pc=00600282 ptr=0043b840 error=00000000 secondary=0
MATRIX_CALL free=37 pc=00600260 ptr=003f25c0
MATRIX_RETURN free=37 pc=00600262 ptr=003f25c0 error=00000000 secondary=0
MATRIX_CALL free=38 pc=00600270 ptr=00439cc0
MATRIX_RETURN free=38 pc=00600272 ptr=00439cc0 error=00000000 secondary=0
MATRIX_CALL free=39 pc=00600280 ptr=0043b8f0
MATRIX_RETURN free=39 pc=00600282 ptr=0043b8f0 error=00000000 secondary=0
MATRIX_CALL free=40 pc=00600260 ptr=003f2670
MATRIX_RETURN free=40 pc=00600262 ptr=003f2670 error=00000000 secondary=0
MATRIX_CALL free=41 pc=00600270 ptr=00439d70
MATRIX_RETURN free=41 pc=00600272 ptr=00439d70 error=00000000 secondary=0
MATRIX_CALL free=42 pc=00600280 ptr=0043b9a0
MATRIX_RETURN free=42 pc=00600282 ptr=0043b9a0 error=00000000 secondary=0
MATRIX_CALL free=43 pc=00600260 ptr=003f2720
MATRIX_RETURN free=43 pc=00600262 ptr=003f2720 error=00000000 secondary=0
MATRIX_CALL free=44 pc=00600270 ptr=00439e20
MATRIX_RETURN free=44 pc=00600272 ptr=00439e20 error=00000000 secondary=0
MATRIX_CALL free=45 pc=00600280 ptr=0043ba50
MATRIX_RETURN free=45 pc=00600282 ptr=0043ba50 error=00000000 secondary=0
MATRIX_CALL free=46 pc=00600260 ptr=003f27d0
MATRIX_RETURN free=46 pc=00600262 ptr=003f27d0 error=00000000 secondary=0
MATRIX_CALL free=47 pc=00600270 ptr=00439ed0
MATRIX_RETURN free=47 pc=00600272 ptr=00439ed0 error=00000000 secondary=0
MATRIX_CALL free=48 pc=00600280 ptr=0043bb00
MATRIX_RETURN free=48 pc=00600282 ptr=0043bb00 error=00000000 secondary=0
MATRIX_CALL free=49 pc=00600260 ptr=003f2880
MATRIX_RETURN free=49 pc=00600262 ptr=003f2880 error=00000000 secondary=0
MATRIX_CALL free=50 pc=00600270 ptr=00439f80
MATRIX_RETURN free=50 pc=00600272 ptr=00439f80 error=00000000 secondary=0
MATRIX_CALL free=51 pc=00600280 ptr=0043bbb0
MATRIX_RETURN free=51 pc=00600282 ptr=0043bbb0 error=00000000 secondary=0
MATRIX_CALL free=52 pc=00600260 ptr=003f2930
MATRIX_RETURN free=52 pc=00600262 ptr=003f2930 error=00000000 secondary=0
MATRIX_CALL free=53 pc=00600270 ptr=0043a030
MATRIX_RETURN free=53 pc=00600272 ptr=0043a030 error=00000000 secondary=0
MATRIX_CALL free=54 pc=00600280 ptr=0043bc60
MATRIX_RETURN free=54 pc=00600282 ptr=0043bc60 error=00000000 secondary=0
MATRIX_CALL free=55 pc=00600260 ptr=003f29e0
MATRIX_RETURN free=55 pc=00600262 ptr=003f29e0 error=00000000 secondary=0
MATRIX_CALL free=56 pc=00600270 ptr=0043a0e0
MATRIX_RETURN free=56 pc=00600272 ptr=0043a0e0 error=00000000 secondary=0
MATRIX_CALL free=57 pc=00600280 ptr=0043bd10
MATRIX_RETURN free=57 pc=00600282 ptr=0043bd10 error=00000000 secondary=0
MATRIX_CALL free=58 pc=00600260 ptr=003f2a90
MATRIX_RETURN free=58 pc=00600262 ptr=003f2a90 error=00000000 secondary=0
MATRIX_CALL free=59 pc=00600270 ptr=0043a190
MATRIX_RETURN free=59 pc=00600272 ptr=0043a190 error=00000000 secondary=0
MATRIX_CALL free=60 pc=00600280 ptr=0043bdc0
MATRIX_RETURN free=60 pc=00600282 ptr=0043bdc0 error=00000000 secondary=0
MATRIX_CALL free=61 pc=00600260 ptr=003f2b40
MATRIX_RETURN free=61 pc=00600262 ptr=003f2b40 error=00000000 secondary=0
MATRIX_CALL free=62 pc=00600270 ptr=0043a240
MATRIX_RETURN free=62 pc=00600272 ptr=0043a240 error=00000000 secondary=0
MATRIX_CALL free=63 pc=00600280 ptr=0043be70
MATRIX_RETURN free=63 pc=00600282 ptr=0043be70 error=00000000 secondary=0
MATRIX_CALL free=64 pc=00600260 ptr=003f2bf0
MATRIX_RETURN free=64 pc=00600262 ptr=003f2bf0 error=00000000 secondary=0
MATRIX_CALL free=65 pc=00600270 ptr=0043a2f0
MATRIX_RETURN free=65 pc=00600272 ptr=0043a2f0 error=00000000 secondary=0
MATRIX_CALL free=66 pc=00600280 ptr=0043bf20
MATRIX_RETURN free=66 pc=00600282 ptr=0043bf20 error=00000000 secondary=0
MATRIX_CALL free=67 pc=00600260 ptr=003f2ca0
MATRIX_RETURN free=67 pc=00600262 ptr=003f2ca0 error=00000000 secondary=0
MATRIX_CALL free=68 pc=00600270 ptr=0043a3a0
MATRIX_RETURN free=68 pc=00600272 ptr=0043a3a0 error=00000000 secondary=0
MATRIX_CALL free=69 pc=00600280 ptr=0043bfd0
MATRIX_RETURN free=69 pc=00600282 ptr=0043bfd0 error=00000000 secondary=0
MATRIX_CALL free=70 pc=00600260 ptr=003f2d50
MATRIX_RETURN free=70 pc=00600262 ptr=003f2d50 error=00000000 secondary=0
MATRIX_CALL free=71 pc=00600270 ptr=0043a450
MATRIX_RETURN free=71 pc=00600272 ptr=0043a450 error=00000000 secondary=0
MATRIX_CALL free=72 pc=00600280 ptr=0043c080
MATRIX_RETURN free=72 pc=00600282 ptr=0043c080 error=00000000 secondary=0
MATRIX_CALL free=73 pc=00600260 ptr=003f2e00
MATRIX_RETURN free=73 pc=00600262 ptr=003f2e00 error=00000000 secondary=0
MATRIX_CALL free=74 pc=00600270 ptr=0043a500
MATRIX_RETURN free=74 pc=00600272 ptr=0043a500 error=00000000 secondary=0
MATRIX_CALL free=75 pc=00600280 ptr=0043c130
MATRIX_RETURN free=75 pc=00600282 ptr=0043c130 error=00000000 secondary=0
MATRIX_CALL free=76 pc=00600260 ptr=003f2eb0
MATRIX_RETURN free=76 pc=00600262 ptr=003f2eb0 error=00000000 secondary=0
MATRIX_CALL free=77 pc=00600270 ptr=0043a5b0
MATRIX_RETURN free=77 pc=00600272 ptr=0043a5b0 error=00000000 secondary=0
MATRIX_CALL free=78 pc=00600280 ptr=0043c1e0
MATRIX_RETURN free=78 pc=00600282 ptr=0043c1e0 error=00000000 secondary=0
MATRIX_CALL free=79 pc=00600260 ptr=003f2f60
MATRIX_RETURN free=79 pc=00600262 ptr=003f2f60 error=00000000 secondary=0
MATRIX_CALL free=80 pc=00600270 ptr=0043a660
MATRIX_RETURN free=80 pc=00600272 ptr=0043a660 error=00000000 secondary=0
MATRIX_CALL free=81 pc=00600280 ptr=0043c290
MATRIX_RETURN free=81 pc=00600282 ptr=0043c290 error=00000000 secondary=0
MATRIX_CALL free=82 pc=00600260 ptr=003f3010
MATRIX_RETURN free=82 pc=00600262 ptr=003f3010 error=00000000 secondary=0
MATRIX_CALL free=83 pc=00600270 ptr=0043a710
MATRIX_RETURN free=83 pc=00600272 ptr=0043a710 error=00000000 secondary=0
MATRIX_CALL free=84 pc=00600280 ptr=0043c340
MATRIX_RETURN free=84 pc=00600282 ptr=0043c340 error=00000000 secondary=0
MATRIX_CALL free=85 pc=00600260 ptr=003f30c0
MATRIX_RETURN free=85 pc=00600262 ptr=003f30c0 error=00000000 secondary=0
MATRIX_CALL free=86 pc=00600270 ptr=0043a7c0
MATRIX_RETURN free=86 pc=00600272 ptr=0043a7c0 error=00000000 secondary=0
MATRIX_CALL free=87 pc=00600280 ptr=0043c3f0
MATRIX_RETURN free=87 pc=00600282 ptr=0043c3f0 error=00000000 secondary=0
MATRIX_CALL free=88 pc=00600260 ptr=003f3170
MATRIX_RETURN free=88 pc=00600262 ptr=003f3170 error=00000000 secondary=0
MATRIX_CALL free=89 pc=00600270 ptr=0043a870
MATRIX_RETURN free=89 pc=00600272 ptr=0043a870 error=00000000 secondary=0
MATRIX_CALL free=90 pc=00600280 ptr=0043c4a0
MATRIX_RETURN free=90 pc=00600282 ptr=0043c4a0 error=00000000 secondary=0
MATRIX_CALL free=91 pc=00600260 ptr=00438cf0
MATRIX_RETURN free=91 pc=00600262 ptr=00438cf0 error=00000000 secondary=0
MATRIX_CALL free=92 pc=00600270 ptr=0043a920
MATRIX_RETURN free=92 pc=00600272 ptr=0043a920 error=00000000 secondary=0
MATRIX_CALL free=93 pc=00600280 ptr=0043c550
MATRIX_RETURN free=93 pc=00600282 ptr=0043c550 error=00000000 secondary=0
MATRIX_CALL free=94 pc=00600260 ptr=00438da0
MATRIX_RETURN free=94 pc=00600262 ptr=00438da0 error=00000000 secondary=0
MATRIX_CALL free=95 pc=00600270 ptr=0043a9d0
MATRIX_RETURN free=95 pc=00600272 ptr=0043a9d0 error=00000000 secondary=0
MATRIX_CALL free=96 pc=00600280 ptr=0043c600
MATRIX_RETURN free=96 pc=00600282 ptr=0043c600 error=00000000 secondary=0
MATRIX_CALL free=97 pc=00600260 ptr=00438e50
MATRIX_RETURN free=97 pc=00600262 ptr=00438e50 error=00000000 secondary=0
MATRIX_CALL free=98 pc=00600270 ptr=0043aa80
MATRIX_RETURN free=98 pc=00600272 ptr=0043aa80 error=00000000 secondary=0
MATRIX_CALL free=99 pc=00600280 ptr=0043c6b0
MATRIX_RETURN free=99 pc=00600282 ptr=0043c6b0 error=00000000 secondary=0
MATRIX_CALL free=100 pc=00600260 ptr=00438f00
MATRIX_RETURN free=100 pc=00600262 ptr=00438f00 error=00000000 secondary=0
MATRIX_CALL free=101 pc=00600270 ptr=0043ab30
MATRIX_RETURN free=101 pc=00600272 ptr=0043ab30 error=00000000 secondary=0
MATRIX_CALL free=102 pc=00600280 ptr=0043c760
MATRIX_RETURN free=102 pc=00600282 ptr=0043c760 error=00000000 secondary=0
MATRIX_CALL free=103 pc=00600260 ptr=00438fb0
MATRIX_RETURN free=103 pc=00600262 ptr=00438fb0 error=00000000 secondary=0
MATRIX_CALL free=104 pc=00600270 ptr=0043abe0
MATRIX_RETURN free=104 pc=00600272 ptr=0043abe0 error=00000000 secondary=0
MATRIX_CALL free=105 pc=00600280 ptr=0043c810
MATRIX_RETURN free=105 pc=00600282 ptr=0043c810 error=00000000 secondary=0
MATRIX_CALL free=106 pc=00600260 ptr=00439060
MATRIX_RETURN free=106 pc=00600262 ptr=00439060 error=00000000 secondary=0
MATRIX_CALL free=107 pc=00600270 ptr=0043ac90
MATRIX_RETURN free=107 pc=00600272 ptr=0043ac90 error=00000000 secondary=0
MATRIX_CALL free=108 pc=00600280 ptr=0043c8c0
MATRIX_RETURN free=108 pc=00600282 ptr=0043c8c0 error=00000000 secondary=0
MATRIX_CALL free=109 pc=00600260 ptr=00439110
MATRIX_RETURN free=109 pc=00600262 ptr=00439110 error=00000000 secondary=0
MATRIX_CALL free=110 pc=00600270 ptr=0043ad40
MATRIX_RETURN free=110 pc=00600272 ptr=0043ad40 error=00000000 secondary=0
MATRIX_CALL free=111 pc=00600280 ptr=0043c970
MATRIX_RETURN free=111 pc=00600282 ptr=0043c970 error=00000000 secondary=0
MATRIX_CALL free=112 pc=00600260 ptr=004391c0
MATRIX_RETURN free=112 pc=00600262 ptr=004391c0 error=00000000 secondary=0
MATRIX_CALL free=113 pc=00600270 ptr=0043adf0
MATRIX_RETURN free=113 pc=00600272 ptr=0043adf0 error=00000000 secondary=0
MATRIX_CALL free=114 pc=00600280 ptr=0043ca20
MATRIX_RETURN free=114 pc=00600282 ptr=0043ca20 error=00000000 secondary=0
MATRIX_CALL free=115 pc=00600260 ptr=00439270
MATRIX_RETURN free=115 pc=00600262 ptr=00439270 error=00000000 secondary=0
MATRIX_CALL free=116 pc=00600270 ptr=0043aea0
MATRIX_RETURN free=116 pc=00600272 ptr=0043aea0 error=00000000 secondary=0
MATRIX_CALL free=117 pc=00600280 ptr=0043cad0
MATRIX_RETURN free=117 pc=00600282 ptr=0043cad0 error=00000000 secondary=0
MATRIX_CALL free=118 pc=00600260 ptr=00439320
MATRIX_RETURN free=118 pc=00600262 ptr=00439320 error=00000000 secondary=0
MATRIX_CALL free=119 pc=00600270 ptr=0043af50
MATRIX_RETURN free=119 pc=00600272 ptr=0043af50 error=00000000 secondary=0
MATRIX_CALL free=120 pc=00600280 ptr=0043cb80
MATRIX_RETURN free=120 pc=00600282 ptr=0043cb80 error=00000000 secondary=0
MATRIX_CALL free=121 pc=00600260 ptr=004393d0
MATRIX_RETURN free=121 pc=00600262 ptr=004393d0 error=00000000 secondary=0
MATRIX_CALL free=122 pc=00600270 ptr=0043b000
MATRIX_RETURN free=122 pc=00600272 ptr=0043b000 error=00000000 secondary=0
MATRIX_CALL free=123 pc=00600280 ptr=0043cc30
MATRIX_RETURN free=123 pc=00600282 ptr=0043cc30 error=00000000 secondary=0
WHETSTONE_LOOP cycles=29640994 platform=sdram romlat=6
WHETSTONE RETURNED cycles=29641770 loop=29640994
MATRIX_TRAPS alloc_calls=123 alloc_returns=123 free_calls=123 free_returns=123 primary_resumes=246 secondary_resumes=0
MATRIX_HEAP_END zone=003f1890 bkLim=00492078 free=0003ff10 memtop=00517754 ptr_tables=match
NATIVE_COVERAGE body=272958 resource=28500331 rom=454917 vector11_pc=0 unimp_pulse_samples=0
NATIVE_OVERLAP bg=3768360 blockingdec=1974168 go=6059980 mrd_fill=438071 mrd_unacked=350891
NATIVE_TOTAL clocks=29640994 core=29640994 cache=29640994 fst=29640994
NATIVE_CORE state=3 samples=219992
NATIVE_CORE state=4 samples=1107342
NATIVE_CORE state=5 samples=292
NATIVE_CORE state=8 samples=1378897
NATIVE_CORE state=9 samples=3931702
NATIVE_CORE state=10 samples=1093142
NATIVE_CORE state=11 samples=1307699
NATIVE_CORE state=13 samples=840751
NATIVE_CORE state=15 samples=525380
NATIVE_CORE state=16 samples=247
NATIVE_CORE state=17 samples=247
NATIVE_CORE state=19 samples=15743
NATIVE_CORE state=20 samples=464696
NATIVE_CORE state=21 samples=946
NATIVE_CORE state=22 samples=12822
NATIVE_CORE state=23 samples=571
NATIVE_CORE state=24 samples=1517
NATIVE_CORE state=26 samples=28697
NATIVE_CORE state=27 samples=2970
NATIVE_CORE state=28 samples=100482
NATIVE_CORE state=30 samples=588800
NATIVE_CORE state=34 samples=260
NATIVE_CORE state=35 samples=247
NATIVE_CORE state=36 samples=247
NATIVE_CORE state=37 samples=247
NATIVE_CORE state=39 samples=247
NATIVE_CORE state=41 samples=247
NATIVE_CORE state=42 samples=247
NATIVE_CORE state=51 samples=2745
NATIVE_CORE state=52 samples=2530
NATIVE_CORE state=53 samples=219
NATIVE_CORE state=55 samples=334
NATIVE_CORE state=56 samples=20320
NATIVE_CORE state=57 samples=4
NATIVE_CORE state=58 samples=492
NATIVE_CORE state=62 samples=19214
NATIVE_CORE state=65 samples=19214
NATIVE_CORE state=68 samples=16378
NATIVE_CORE state=69 samples=16377
NATIVE_CORE state=70 samples=66614
NATIVE_CORE state=78 samples=2
NATIVE_CORE state=79 samples=2
NATIVE_CORE state=81 samples=175
NATIVE_CORE state=82 samples=58
NATIVE_CORE state=87 samples=59
NATIVE_CORE state=89 samples=6651
NATIVE_CORE state=90 samples=6651
NATIVE_CORE state=91 samples=6651
NATIVE_CORE state=92 samples=6651
NATIVE_CORE state=96 samples=6651
NATIVE_CORE state=97 samples=6651
NATIVE_CORE state=98 samples=58
NATIVE_CORE state=107 samples=4534
NATIVE_CORE state=112 samples=36
NATIVE_CORE state=113 samples=36
NATIVE_CORE state=117 samples=36
NATIVE_CORE state=118 samples=36
NATIVE_CORE state=120 samples=36
NATIVE_CORE state=121 samples=18
NATIVE_CORE state=130 samples=36
NATIVE_CORE state=131 samples=36
NATIVE_CORE state=132 samples=18
NATIVE_CORE state=133 samples=29989
NATIVE_CORE state=153 samples=4047768
NATIVE_CORE state=155 samples=1292800
NATIVE_CORE state=156 samples=12800
NATIVE_CORE state=158 samples=1024000
NATIVE_CORE state=160 samples=6059980
NATIVE_CORE state=161 samples=524800
NATIVE_CORE state=178 samples=5452
NATIVE_CORE state=179 samples=1729
NATIVE_CORE state=180 samples=247
NATIVE_CORE state=190 samples=4249372
NATIVE_CORE state=250 samples=557857
NATIVE_CACHE state=0 samples=27207017
NATIVE_CACHE state=1 samples=138956
NATIVE_CACHE state=4 samples=624178
NATIVE_CACHE state=5 samples=45492
NATIVE_CACHE state=6 samples=1528621
NATIVE_CACHE state=7 samples=29184
NATIVE_CACHE state=8 samples=33773
NATIVE_CACHE state=9 samples=33773
FPU_ELIG_WINDOW clocks=29640994 sampling=pre_edge_existing_in_loop
FPU_ELIG_ROUND samples=1538168 eligible=1510148 bg=421192 decode_wait=421192 cpu_go=1088956
FPU_ELIG_ROUND_REJECT reason=0 samples=28020
FPU_ELIG_ROUND_REJECT reason=1 samples=28020
FPU_ELIG_ROUND_REJECT reason=2 samples=0
FPU_ELIG_ROUND_REJECT reason=3 samples=0
FPU_ELIG_ROUND_REJECT reason=4 samples=27752
FPU_ELIG_ROUND_REJECT reason=5 samples=0
FPU_ELIG_ROUND_REJECT reason=6 samples=0
FPU_ELIG_ROUND_REJECT reason=7 samples=0
FPU_ELIG_ROUND_REJECT reason=8 samples=0
FPU_ELIG_ROUND_REJECT reason=9 samples=0
FPU_ELIG_STDONE samples=524800 enables_zero=524800 eligible=524800 enabled=0 sideport=0 not_ce_reset=0
FPU_ELIG_FST id=0 samples=23959854
FPU_ELIG_FST id=1 samples=565352
FPU_ELIG_FST id=2 samples=12800
FPU_ELIG_FST id=3 samples=56276
FPU_ELIG_FST id=4 samples=1548800
FPU_ELIG_FST id=5 samples=230944
FPU_ELIG_FST id=7 samples=512000
FPU_ELIG_FST id=9 samples=238972
FPU_ELIG_FST id=10 samples=364488
FPU_ELIG_FST id=13 samples=88540
FPU_ELIG_FST id=14 samples=1538168
FPU_ELIG_FST id=17 samples=524800
FPU_ELIG_BUSY_OP op=00 samples=2167504
FPU_ELIG_BUSY_OP op=22 samples=1337032
FPU_ELIG_BUSY_OP op=23 samples=1127004
FPU_ELIG_BUSY_OP op=7f samples=1049600
FPU_ELIG_ROUND_OP op=00 samples=1036800 eligible=1008780
FPU_ELIG_ROUND_OP op=22 samples=255972 eligible=255972
FPU_ELIG_ROUND_OP op=23 samples=245396 eligible=245396
SDRAM_PROTOCOL_ERRORS 0
SDRAM_TIMING tRC=9 tRCD=2 tRP=3 tRAS=6 max_refresh_gap=780
BERR 0  IPL_ASSERTED_CYCLES 0  ROM_READS total=12528 loop=12528  VRAM_BEATS 0
CORE_LAT instr n=1843923 sum=2018170 | read n=2045567 sum=3851284 | write n=975932 sum=1038461
EXT read_line_hit n=0 sum=0 mean=0.00
EXT read_first_miss n=38476 sum=338646 mean=8.80
EXT_HIST read_first_miss 7:3287 8:2238 9:32212 10:451 11:161 12:114 13:6 14:7
EXT read_bus32 n=30801 sum=552653 mean=17.94
EXT_HIST read_bus32 16:941 17:2370 18:25987 19:906 20:323 21:161 22:113
EXT write_direct n=975649 sum=2571300 mean=2.64
EXT_HIST write_direct 2:355647 3:620002
EXT write_bus32 n=283 sum=2736 mean=9.67
EXT_HIST write_bus32 6:24 10:257 11:2
EXT instr n=16235 sum=157093 mean=9.68
EXT_HIST instr 7:1658 8:317 9:1112 10:12563 11:109 12:278 13:79 14:71 15:32 16:6 17:4 18:2 19:3 20:1
BUS32_SHAPE class=2 size=2 addr[3:0]=e n=30801
BUS32_SHAPE class=4 size=0 addr[3:0]=8 n=11
BUS32_SHAPE class=4 size=0 addr[3:0]=c n=9
BUS32_SHAPE class=4 size=1 addr[3:0]=6 n=4
BUS32_SHAPE class=4 size=2 addr[3:0]=2 n=101
BUS32_SHAPE class=4 size=2 addr[3:0]=6 n=23
BUS32_SHAPE class=4 size=2 addr[3:0]=a n=2
BUS32_SHAPE class=4 size=2 addr[3:0]=e n=133
BUS32_REGION class=2 addr=0630000 n=30801
BUS32_REGION class=4 addr=0630000 n=283
WALKER n=414 sum=3614
STOREBUF full_stall_cycles=36
STOREBUF_OCC 0:26158392 1:3376520 2:95364 3:10268 4:450
BRIDGE ram_reads=104199 read_wait_fifo_cycles=3745 wq_full_cycles=39 wq_noroom_cycles=1334 write_blocked_by_room=628 fill_poisoned_pushes=0
BRIDGE_WQ_OCC 0:24678830 1:2948313 2:1828079 3:109755 4:48880 5:19840 6:5963 7:1295 8:39
BRIDGE_WQ_AT_READ 0:102604 1:1316 2:236 3:40 4:3
SDRAM rd hit=35988 conflict=61499 closed=6712 | wr hit=2583037 conflict=500191 closed=109158 | refresh=116392 busy=13524161/88922982 clk_ram
- /home/alans/mister/MacQuadra800_MiSTer/scratch/native_matrix_candidate_numeric_20260928/tb_platform_whet.sv:499: Verilog $finish
- S i m u l a t i o n   R e p o r t: Verilator 5.050 2026-07-01
- Verilator: $finish at 898ms; walltime 113.530 s; speed 7.912 ms/s
- Verilator: cpu 113.518 s on 1 threads; allocated 168 MB
