LOADED image into SDRAM model (romlat=6)
SDRAM ready at 123957300 ps
[NCR 0] housekeeping: rst=1 bus=0 probe=1
[NCR 12] forward op=ff -> lba=7dff0000
SCC_SERIAL_OUT: ch=B byte=00 time=544809150
SCC_SERIAL_OUT: ch=A byte=00 time=544809150
HEARTBEAT cycle=2000000 pc=00600340
HEARTBEAT cycle=4000000 pc=408eeb48
HEARTBEAT cycle=6000000 pc=408ee716
HEARTBEAT cycle=8000000 pc=408eaecc
HEARTBEAT cycle=10000000 pc=006008ee
HEARTBEAT cycle=12000000 pc=408eaa7a
HEARTBEAT cycle=14000000 pc=0060075a
HEARTBEAT cycle=16000000 pc=408ee71e
WHETSTONE_LOOP cycles=17641650 platform=sdram romlat=6
WHETSTONE RETURNED cycles=17642118 loop=17641650
FPU_ELIG_WINDOW clocks=17641650 sampling=pre_edge_existing_in_loop
FPU_ELIG_ROUND samples=236066 eligible=66688 bg=8759 decode_wait=4351 cpu_go=57929
FPU_ELIG_ROUND_REJECT reason=0 samples=933
FPU_ELIG_ROUND_REJECT reason=1 samples=933
FPU_ELIG_ROUND_REJECT reason=2 samples=119568
FPU_ELIG_ROUND_REJECT reason=3 samples=0
FPU_ELIG_ROUND_REJECT reason=4 samples=3
FPU_ELIG_ROUND_REJECT reason=5 samples=0
FPU_ELIG_ROUND_REJECT reason=6 samples=80475
FPU_ELIG_ROUND_REJECT reason=7 samples=0
FPU_ELIG_ROUND_REJECT reason=8 samples=0
FPU_ELIG_ROUND_REJECT reason=9 samples=0
FPU_ELIG_STDONE samples=930 enables_zero=930 eligible=930 enabled=0 sideport=0 not_ce_reset=0
FPU_ELIG_FST id=0 samples=16276447
FPU_ELIG_FST id=1 samples=45548
FPU_ELIG_FST id=2 samples=10424
FPU_ELIG_FST id=3 samples=71234
FPU_ELIG_FST id=4 samples=242356
FPU_ELIG_FST id=5 samples=61557
FPU_ELIG_FST id=6 samples=930
FPU_ELIG_FST id=7 samples=182817
FPU_ELIG_FST id=9 samples=87506
FPU_ELIG_FST id=10 samples=109794
FPU_ELIG_FST id=11 samples=265176
FPU_ELIG_FST id=12 samples=21390
FPU_ELIG_FST id=13 samples=29475
FPU_ELIG_FST id=14 samples=236066
FPU_ELIG_FST id=17 samples=930
FPU_ELIG_BUSY_OP op=00 samples=182968
FPU_ELIG_BUSY_OP op=04 samples=26040
FPU_ELIG_BUSY_OP op=18 samples=1926
FPU_ELIG_BUSY_OP op=1a samples=7596
FPU_ELIG_BUSY_OP op=20 samples=328083
FPU_ELIG_BUSY_OP op=22 samples=386128
FPU_ELIG_BUSY_OP op=23 samples=327848
FPU_ELIG_BUSY_OP op=25 samples=5118
FPU_ELIG_BUSY_OP op=28 samples=75079
FPU_ELIG_BUSY_OP op=38 samples=20697
FPU_ELIG_BUSY_OP op=7f samples=3720
FPU_ELIG_ROUND_OP op=00 samples=50086 eligible=44953
FPU_ELIG_ROUND_OP op=04 samples=930 eligible=0
FPU_ELIG_ROUND_OP op=18 samples=642 eligible=642
FPU_ELIG_ROUND_OP op=1a samples=2532 eligible=2532
FPU_ELIG_ROUND_OP op=20 samples=20969 eligible=930
FPU_ELIG_ROUND_OP op=22 samples=76084 eligible=5427
FPU_ELIG_ROUND_OP op=23 samples=71827 eligible=7298
FPU_ELIG_ROUND_OP op=28 samples=12996 eligible=4906
SDRAM_PROTOCOL_ERRORS 0
SDRAM_TIMING tRC=11 tRCD=2 tRP=3 tRAS=6 max_refresh_gap=781
BERR 0  IPL_ASSERTED_CYCLES 0  ROM_READS total=57080 loop=57080  VRAM_BEATS 0
CORE_LAT instr n=1550090 sum=2583984 | read n=2767869 sum=3449536 | write n=2399248 sum=2590909
EXT read_line_hit n=0 sum=0 mean=0.00
EXT read_first_miss n=1984 sum=17975 mean=9.06
EXT_HIST read_first_miss 7:454 8:185 9:314 10:932 11:60 12:18 13:6 14:10 15:3 16:2
EXT read_bus32 n=1318 sum=21521 mean=16.33
EXT_HIST read_bus32 16:952 17:316 18:34 19:15 20:1
EXT write_direct n=2388920 sum=5681551 mean=2.38
EXT_HIST write_direct 2:1485209 3:903711
EXT write_bus32 n=10328 sum=103167 mean=9.99
EXT_HIST write_bus32 6:38 10:10257 11:27 12:6
EXT instr n=59512 sum=603670 mean=10.14
EXT_HIST instr 7:34 8:21 9:984 10:56243 11:105 12:126 13:55 14:922 15:907 16:17 17:2 18:47 19:49
BUS32_SHAPE class=2 size=2 addr[3:0]=e n=1318
BUS32_SHAPE class=4 size=2 addr[3:0]=2 n=3609
BUS32_SHAPE class=4 size=2 addr[3:0]=6 n=2018
BUS32_SHAPE class=4 size=2 addr[3:0]=a n=2273
BUS32_SHAPE class=4 size=2 addr[3:0]=c n=38
BUS32_SHAPE class=4 size=2 addr[3:0]=e n=2390
BUS32_REGION class=2 addr=0630000 n=1318
BUS32_REGION class=4 addr=0630000 n=10328
WALKER n=729 sum=6316
STOREBUF full_stall_cycles=12946
STOREBUF_OCC 0:10522472 1:5581276 2:1431501 3:67651 4:38750
BRIDGE ram_reads=7781 read_wait_fifo_cycles=12649 wq_full_cycles=901 wq_noroom_cycles=29821 write_blocked_by_room=21667 fill_poisoned_pushes=0
BRIDGE_WQ_OCC 0:9241206 1:3386940 2:3073275 3:1253901 4:338747 5:189659 6:128101 7:28920 8:901
BRIDGE_WQ_AT_READ 0:5272 1:317 2:300 3:1874 4:18
SDRAM rd hit=2991 conflict=3901 closed=889 | wr hit=6555241 conflict=3237 closed=68020 | refresh=69274 busy=20424490/52924950 clk_ram
- /home/alans/mister/MacQuadra800_MiSTer/scratch/fpu_completion_eligibility_20260928/tb_platform_whet.sv:422: Verilog $finish
- S i m u l a t i o n   R e p o r t: Verilator 5.050 2026-07-01
- Verilator: $finish at 535ms; walltime 84.242 s; speed 6.347 ms/s
- Verilator: cpu 84.237 s on 1 threads; allocated 168 MB
