SDRAM ready at 123957300 ps
WHETSTONE_LOOP cycles=17641650 platform=sdram romlat=6
WHETSTONE RETURNED cycles=17642118 loop=17641650
SDRAM_PROTOCOL_ERRORS 0
SDRAM_TIMING tRC=11 tRCD=2 tRP=3 tRAS=6 max_refresh_gap=781
BERR 0  IPL_ASSERTED_CYCLES 0  ROM_READS total=57080 loop=57080  VRAM_BEATS 0
CORE_LAT instr n=1550090 sum=2583984 | read n=2767869 sum=3449536 | write n=2399248 sum=2590909
EXT read_line_hit n=0 sum=0 mean=0.00
EXT read_first_miss n=1984 sum=17975 mean=9.06
EXT_HIST read_first_miss 7:454 8:185 9:314 10:932 11:60 12:18 13:6 14:10 15:3 16:2
EXT read_bus32 n=1318 sum=21521 mean=16.33
EXT_HIST read_bus32 16:952 17:316 18:34 19:15 20:1
EXT write_direct n=2388920 sum=5681551 mean=2.38
EXT_HIST write_direct 2:1485209 3:903711
EXT write_bus32 n=10328 sum=103167 mean=9.99
EXT_HIST write_bus32 6:38 10:10257 11:27 12:6
EXT instr n=59512 sum=603670 mean=10.14
EXT_HIST instr 7:34 8:21 9:984 10:56243 11:105 12:126 13:55 14:922 15:907 16:17 17:2 18:47 19:49
BUS32_SHAPE class=2 size=2 addr[3:0]=e n=1318
BUS32_SHAPE class=4 size=2 addr[3:0]=2 n=3609
BUS32_SHAPE class=4 size=2 addr[3:0]=6 n=2018
BUS32_SHAPE class=4 size=2 addr[3:0]=a n=2273
BUS32_SHAPE class=4 size=2 addr[3:0]=c n=38
BUS32_SHAPE class=4 size=2 addr[3:0]=e n=2390
BUS32_REGION class=2 addr=0630000 n=1318
BUS32_REGION class=4 addr=0630000 n=10328
WALKER n=729 sum=6316
STOREBUF full_stall_cycles=12946
STOREBUF_OCC 0:10522472 1:5581276 2:1431501 3:67651 4:38750
BRIDGE ram_reads=7781 read_wait_fifo_cycles=12649 wq_full_cycles=901 wq_noroom_cycles=29821 write_blocked_by_room=21667 fill_poisoned_pushes=0
BRIDGE_WQ_OCC 0:9241206 1:3386940 2:3073275 3:1253901 4:338747 5:189659 6:128101 7:28920 8:901
BRIDGE_WQ_AT_READ 0:5272 1:317 2:300 3:1874 4:18
SDRAM rd hit=2991 conflict=3901 closed=889 | wr hit=6555241 conflict=3237 closed=68020 | refresh=69274 busy=20424490/52924950 clk_ram
MEMCHECK whet_globals.hex: match
MEMCHECK whet_code.hex: match
MEMCHECK whet_stack.hex: match
