SDRAM ready at 123957300 ps
WHETSTONE_LOOP cycles=17637468 platform=sdram romlat=6
WHETSTONE RETURNED cycles=17637932 loop=17637468
SDRAM_PROTOCOL_ERRORS 0
SDRAM_TIMING tRC=12 tRCD=2 tRP=3 tRAS=6 max_refresh_gap=783
BERR 0  IPL_ASSERTED_CYCLES 0  ROM_READS total=57080 loop=57080  VRAM_BEATS 0
CORE_LAT instr n=1550865 sum=2578647 | read n=2767869 sum=3448282 | write n=2399248 sum=2590587
EXT read_line_hit n=0 sum=0 mean=0.00
EXT read_first_miss n=1984 sum=17943 mean=9.04
EXT_HIST read_first_miss 7:450 8:198 9:306 10:935 11:62 12:20 13:5 14:5 15:2 18:1
EXT read_bus32 n=1318 sum=21479 mean=16.30
EXT_HIST read_bus32 16:981 17:297 18:35 20:3 22:2
EXT write_direct n=2388931 sum=5681583 mean=2.38
EXT_HIST write_direct 2:1485210 3:903721
EXT write_bus32 n=10317 sum=103062 mean=9.99
EXT_HIST write_bus32 6:37 10:10246 11:28 12:6
EXT instr n=59522 sum=603807 mean=10.14
EXT_HIST instr 7:70 8:21 9:946 10:56215 11:72 12:200 13:38 14:892 15:951 16:12 17:37 18:67 19:1
BUS32_SHAPE class=2 size=2 addr[3:0]=e n=1318
BUS32_SHAPE class=4 size=2 addr[3:0]=2 n=3534
BUS32_SHAPE class=4 size=2 addr[3:0]=6 n=1970
BUS32_SHAPE class=4 size=2 addr[3:0]=a n=2220
BUS32_SHAPE class=4 size=2 addr[3:0]=c n=37
BUS32_SHAPE class=4 size=2 addr[3:0]=e n=2556
BUS32_REGION class=2 addr=0630000 n=1318
BUS32_REGION class=4 addr=0630000 n=10317
WALKER n=729 sum=6324
STOREBUF full_stall_cycles=13382
STOREBUF_OCC 0:10518549 1:5580899 2:1431582 3:67913 4:38525
BRIDGE ram_reads=7791 read_wait_fifo_cycles=12811 wq_full_cycles=696 wq_noroom_cycles=29102 write_blocked_by_room=20738 fill_poisoned_pushes=0
BRIDGE_WQ_OCC 0:9236293 1:3386513 2:3070956 3:1253937 4:340969 5:190890 6:128808 7:28406 8:696
BRIDGE_WQ_AT_READ 0:5240 1:403 2:242 3:1802 4:104
SDRAM rd hit=3054 conflict=3960 closed=777 | wr hit=6555173 conflict=3205 closed=68120 | refresh=69257 busy=20424783/52912404 clk_ram
MEMCHECK whet_globals.hex: match
MEMCHECK whet_code.hex: match
MEMCHECK whet_stack.hex: match
