make: Nothing to be done for 'fastboot'.
/home/alans/verilator5/bin/verilator -cc --x-assign fast --x-initial fast --noassert --unroll-count 256 -LDFLAGS "-lGL -ldl `sdl2-config --libs`" -exe --trace --Mdir ./obj_dir \
	+define+SIMULATION=1 -CFLAGS "-I../sim/imgui -I../sim/ -I../sim/mac -g" --timescale-override 1ps/1ps -Wno-TIMESCALEMOD -I../rtl -Wno-fatal -Wno-WIDTH -Wno-WIDTHEXPAND -Wno-WIDTHTRUNC -Wno-IMPLICIT -Wno-PINMISSING -Wno-UNUSEDSIGNAL -Wno-UNOPTFLAT -Wno-CASEINCOMPLETE -Wno-UNSIGNED -Wno-CMPCONST -Wno-LATCH -Wno-UNDRIVEN -Wno-MISINDENT -Wno-COMBDLY -Wno-INITIALDLY -Wno-SYNCASYNCNET -Wno-BLKLOOPINIT -Wno-MULTIDRIVEN -Wno-GENUNNAMED --trace-fst --timing +define+AP040_EXPERIMENTAL_XSTORE=1 +define+AP040_EXPERIMENTAL_LEA=1 +define+AP040_EXPERIMENTAL_PIPELINE=1 +define+AP040_EXPERIMENTAL_PIPELINE_LOADS=1 +define+AP040_EXPERIMENTAL_PIPELINE_STORES=1 +define+AP040_EXPERIMENTAL_PIPELINE_PEA=1 +define+AP040_EXPERIMENTAL_PIPELINE_P6=1 +define+AP040_PIPELINE_MEMORY_ENTRY=1 +define+AP040_PIPELINE_COMPARE=1 +define+AP040_PIPELINE_EARLY_DRAIN=1 +define+SCSI_CACHE_OFF=1 +incdir+../rtl +incdir+../rtl/ap68040/rtl -I../rtl/ap68040/rtl --top-module emu -CFLAGS "`sdl2-config --cflags` -Iimgui -Iimgui" sim.v ../rtl/mycore.v ../rtl/cos.sv sim_lfsr.v ../rtl/quadra800.sv ../rtl/wombat_cpu.sv ../rtl/wombat_store_buffer.sv ../rtl/wombat_bus32.sv ../rtl/iosb.sv ../rtl/via6522.sv ../rtl/dafb.sv ../rtl/rtc3430042.sv ../rtl/easc.sv ../rtl/ncr53c96.sv ../rtl/sonic_mbx.sv ../rtl/cd_audio.sv ../rtl/scsi_cache.sv ../rtl/adb.sv ../rtl/scc.v ../rtl/uart/txuart.v ../rtl/uart/rxuart.v ../rtl/ap68040/rtl/ap040_core.v ../rtl/ap68040/experimental/ap040_pipeline_integer.sv ../rtl/ap68040/rtl/ap040_bus_timeout.v ../rtl/ap68040/rtl/ap040_regfile.v ../rtl/ap68040/rtl/ap040_alu.v ../rtl/ap68040/rtl/ap040_muldiv.v ../rtl/ap68040/rtl/ap040_mmu.v ../rtl/ap68040/rtl/ap040_cache.v ../rtl/ap68040/rtl/ap040_fpu.v ../rtl/dpram.v sim_main.cpp sim/sim_console.cpp sim/sim_video.cpp sim/sim_input.cpp sim/sim_clock.cpp sim/sim_audio.cpp sim/sim_blkdevice.cpp sim/cd_window.cpp sim/mac/mac_cdrom_resp.cpp sim/mac/mac_cdrom_play.cpp sim/m68kdasm.c sim/m68k_dasm_stubs.cpp sim/imgui/imgui_impl_sdl.cpp sim/imgui/imgui_impl_opengl2.cpp sim/imgui/imgui_draw.cpp sim/imgui/imgui_widgets.cpp sim/imgui/imgui_tables.cpp sim/imgui/imgui.cpp sim/imgui/ImGuiFileDialog.cpp sim/imgui/implot.cpp sim/imgui/implot_items.cpp
- V e r i l a t i o n   R e p o r t: Verilator 5.050 2026-07-01 rev v5.050
- Verilator: Built from 10.514 MB sources in 37 modules, into 12.722 MB in 22 C++ files needing 0.014 MB
- Verilator: Walltime 1.326 s (elab=0.075, cvt=1.061, bld=0.000); cpu 1.325 s on 1 threads; allocated 159.926 MB
make -C obj_dir -f Vemu.mk
make[1]: Entering directory '/home/alans/mister/MacQuadra800_MiSTer/scratch/cache_xline_sideband_fullmachine_20260928/verilator/obj_dir'
ccache g++  -I.  -MMD -I/home/alans/verilator5/share/verilator/include -I/home/alans/verilator5/share/verilator/include/vltstd -DVERILATOR=1 -DVM_COVERAGE=0 -DVM_SC=0 -DVM_TIMING=0 -DVM_TRACE=1 -DVM_TRACE_FST=1 -DVM_TRACE_VCD=0 -DVM_TRACE_SAIF=0 -DVM_VPI=0 -faligned-new -fcf-protection=none -Wno-bool-operation -Wno-int-in-bool-context -Wno-shadow -Wno-sign-compare -Wno-subobject-linkage -Wno-tautological-compare -Wno-uninitialized -Wno-unused-but-set-parameter -Wno-unused-but-set-variable -Wno-unused-parameter -Wno-unused-variable    -I../sim/imgui -I../sim/ -I../sim/mac -g -I/usr/include/SDL2 -D_REENTRANT -Iimgui -Iimgui   -Os  -c -o cd_window.o ../sim/cd_window.cpp
ccache g++  -I.  -MMD -I/home/alans/verilator5/share/verilator/include -I/home/alans/verilator5/share/verilator/include/vltstd -DVERILATOR=1 -DVM_COVERAGE=0 -DVM_SC=0 -DVM_TIMING=0 -DVM_TRACE=1 -DVM_TRACE_FST=1 -DVM_TRACE_VCD=0 -DVM_TRACE_SAIF=0 -DVM_VPI=0 -faligned-new -fcf-protection=none -Wno-bool-operation -Wno-int-in-bool-context -Wno-shadow -Wno-sign-compare -Wno-subobject-linkage -Wno-tautological-compare -Wno-uninitialized -Wno-unused-but-set-parameter -Wno-unused-but-set-variable -Wno-unused-parameter -Wno-unused-variable    -I../sim/imgui -I../sim/ -I../sim/mac -g -I/usr/include/SDL2 -D_REENTRANT -Iimgui -Iimgui   -Os  -c -o ImGuiFileDialog.o ../sim/imgui/ImGuiFileDialog.cpp
ccache g++  -I.  -MMD -I/home/alans/verilator5/share/verilator/include -I/home/alans/verilator5/share/verilator/include/vltstd -DVERILATOR=1 -DVM_COVERAGE=0 -DVM_SC=0 -DVM_TIMING=0 -DVM_TRACE=1 -DVM_TRACE_FST=1 -DVM_TRACE_VCD=0 -DVM_TRACE_SAIF=0 -DVM_VPI=0 -faligned-new -fcf-protection=none -Wno-bool-operation -Wno-int-in-bool-context -Wno-shadow -Wno-sign-compare -Wno-subobject-linkage -Wno-tautological-compare -Wno-uninitialized -Wno-unused-but-set-parameter -Wno-unused-but-set-variable -Wno-unused-parameter -Wno-unused-variable    -I../sim/imgui -I../sim/ -I../sim/mac -g -I/usr/include/SDL2 -D_REENTRANT -Iimgui -Iimgui   -Os  -c -o imgui.o ../sim/imgui/imgui.cpp
ccache g++  -I.  -MMD -I/home/alans/verilator5/share/verilator/include -I/home/alans/verilator5/share/verilator/include/vltstd -DVERILATOR=1 -DVM_COVERAGE=0 -DVM_SC=0 -DVM_TIMING=0 -DVM_TRACE=1 -DVM_TRACE_FST=1 -DVM_TRACE_VCD=0 -DVM_TRACE_SAIF=0 -DVM_VPI=0 -faligned-new -fcf-protection=none -Wno-bool-operation -Wno-int-in-bool-context -Wno-shadow -Wno-sign-compare -Wno-subobject-linkage -Wno-tautological-compare -Wno-uninitialized -Wno-unused-but-set-parameter -Wno-unused-but-set-variable -Wno-unused-parameter -Wno-unused-variable    -I../sim/imgui -I../sim/ -I../sim/mac -g -I/usr/include/SDL2 -D_REENTRANT -Iimgui -Iimgui   -Os  -c -o imgui_draw.o ../sim/imgui/imgui_draw.cpp
ccache g++  -I.  -MMD -I/home/alans/verilator5/share/verilator/include -I/home/alans/verilator5/share/verilator/include/vltstd -DVERILATOR=1 -DVM_COVERAGE=0 -DVM_SC=0 -DVM_TIMING=0 -DVM_TRACE=1 -DVM_TRACE_FST=1 -DVM_TRACE_VCD=0 -DVM_TRACE_SAIF=0 -DVM_VPI=0 -faligned-new -fcf-protection=none -Wno-bool-operation -Wno-int-in-bool-context -Wno-shadow -Wno-sign-compare -Wno-subobject-linkage -Wno-tautological-compare -Wno-uninitialized -Wno-unused-but-set-parameter -Wno-unused-but-set-variable -Wno-unused-parameter -Wno-unused-variable    -I../sim/imgui -I../sim/ -I../sim/mac -g -I/usr/include/SDL2 -D_REENTRANT -Iimgui -Iimgui   -Os  -c -o imgui_impl_opengl2.o ../sim/imgui/imgui_impl_opengl2.cpp
ccache g++  -I.  -MMD -I/home/alans/verilator5/share/verilator/include -I/home/alans/verilator5/share/verilator/include/vltstd -DVERILATOR=1 -DVM_COVERAGE=0 -DVM_SC=0 -DVM_TIMING=0 -DVM_TRACE=1 -DVM_TRACE_FST=1 -DVM_TRACE_VCD=0 -DVM_TRACE_SAIF=0 -DVM_VPI=0 -faligned-new -fcf-protection=none -Wno-bool-operation -Wno-int-in-bool-context -Wno-shadow -Wno-sign-compare -Wno-subobject-linkage -Wno-tautological-compare -Wno-uninitialized -Wno-unused-but-set-parameter -Wno-unused-but-set-variable -Wno-unused-parameter -Wno-unused-variable    -I../sim/imgui -I../sim/ -I../sim/mac -g -I/usr/include/SDL2 -D_REENTRANT -Iimgui -Iimgui   -Os  -c -o imgui_impl_sdl.o ../sim/imgui/imgui_impl_sdl.cpp
ccache g++  -I.  -MMD -I/home/alans/verilator5/share/verilator/include -I/home/alans/verilator5/share/verilator/include/vltstd -DVERILATOR=1 -DVM_COVERAGE=0 -DVM_SC=0 -DVM_TIMING=0 -DVM_TRACE=1 -DVM_TRACE_FST=1 -DVM_TRACE_VCD=0 -DVM_TRACE_SAIF=0 -DVM_VPI=0 -faligned-new -fcf-protection=none -Wno-bool-operation -Wno-int-in-bool-context -Wno-shadow -Wno-sign-compare -Wno-subobject-linkage -Wno-tautological-compare -Wno-uninitialized -Wno-unused-but-set-parameter -Wno-unused-but-set-variable -Wno-unused-parameter -Wno-unused-variable    -I../sim/imgui -I../sim/ -I../sim/mac -g -I/usr/include/SDL2 -D_REENTRANT -Iimgui -Iimgui   -Os  -c -o imgui_tables.o ../sim/imgui/imgui_tables.cpp
ccache g++  -I.  -MMD -I/home/alans/verilator5/share/verilator/include -I/home/alans/verilator5/share/verilator/include/vltstd -DVERILATOR=1 -DVM_COVERAGE=0 -DVM_SC=0 -DVM_TIMING=0 -DVM_TRACE=1 -DVM_TRACE_FST=1 -DVM_TRACE_VCD=0 -DVM_TRACE_SAIF=0 -DVM_VPI=0 -faligned-new -fcf-protection=none -Wno-bool-operation -Wno-int-in-bool-context -Wno-shadow -Wno-sign-compare -Wno-subobject-linkage -Wno-tautological-compare -Wno-uninitialized -Wno-unused-but-set-parameter -Wno-unused-but-set-variable -Wno-unused-parameter -Wno-unused-variable    -I../sim/imgui -I../sim/ -I../sim/mac -g -I/usr/include/SDL2 -D_REENTRANT -Iimgui -Iimgui   -Os  -c -o imgui_widgets.o ../sim/imgui/imgui_widgets.cpp
ccache g++  -I.  -MMD -I/home/alans/verilator5/share/verilator/include -I/home/alans/verilator5/share/verilator/include/vltstd -DVERILATOR=1 -DVM_COVERAGE=0 -DVM_SC=0 -DVM_TIMING=0 -DVM_TRACE=1 -DVM_TRACE_FST=1 -DVM_TRACE_VCD=0 -DVM_TRACE_SAIF=0 -DVM_VPI=0 -faligned-new -fcf-protection=none -Wno-bool-operation -Wno-int-in-bool-context -Wno-shadow -Wno-sign-compare -Wno-subobject-linkage -Wno-tautological-compare -Wno-uninitialized -Wno-unused-but-set-parameter -Wno-unused-but-set-variable -Wno-unused-parameter -Wno-unused-variable    -I../sim/imgui -I../sim/ -I../sim/mac -g -I/usr/include/SDL2 -D_REENTRANT -Iimgui -Iimgui   -Os  -c -o implot.o ../sim/imgui/implot.cpp
ccache g++  -I.  -MMD -I/home/alans/verilator5/share/verilator/include -I/home/alans/verilator5/share/verilator/include/vltstd -DVERILATOR=1 -DVM_COVERAGE=0 -DVM_SC=0 -DVM_TIMING=0 -DVM_TRACE=1 -DVM_TRACE_FST=1 -DVM_TRACE_VCD=0 -DVM_TRACE_SAIF=0 -DVM_VPI=0 -faligned-new -fcf-protection=none -Wno-bool-operation -Wno-int-in-bool-context -Wno-shadow -Wno-sign-compare -Wno-subobject-linkage -Wno-tautological-compare -Wno-uninitialized -Wno-unused-but-set-parameter -Wno-unused-but-set-variable -Wno-unused-parameter -Wno-unused-variable    -I../sim/imgui -I../sim/ -I../sim/mac -g -I/usr/include/SDL2 -D_REENTRANT -Iimgui -Iimgui   -Os  -c -o implot_items.o ../sim/imgui/implot_items.cpp
ccache g++  -I.  -MMD -I/home/alans/verilator5/share/verilator/include -I/home/alans/verilator5/share/verilator/include/vltstd -DVERILATOR=1 -DVM_COVERAGE=0 -DVM_SC=0 -DVM_TIMING=0 -DVM_TRACE=1 -DVM_TRACE_FST=1 -DVM_TRACE_VCD=0 -DVM_TRACE_SAIF=0 -DVM_VPI=0 -faligned-new -fcf-protection=none -Wno-bool-operation -Wno-int-in-bool-context -Wno-shadow -Wno-sign-compare -Wno-subobject-linkage -Wno-tautological-compare -Wno-uninitialized -Wno-unused-but-set-parameter -Wno-unused-but-set-variable -Wno-unused-parameter -Wno-unused-variable    -I../sim/imgui -I../sim/ -I../sim/mac -g -I/usr/include/SDL2 -D_REENTRANT -Iimgui -Iimgui   -Os  -c -o m68k_dasm_stubs.o ../sim/m68k_dasm_stubs.cpp
ccache g++  -I.  -MMD -I/home/alans/verilator5/share/verilator/include -I/home/alans/verilator5/share/verilator/include/vltstd -DVERILATOR=1 -DVM_COVERAGE=0 -DVM_SC=0 -DVM_TIMING=0 -DVM_TRACE=1 -DVM_TRACE_FST=1 -DVM_TRACE_VCD=0 -DVM_TRACE_SAIF=0 -DVM_VPI=0 -faligned-new -fcf-protection=none -Wno-bool-operation -Wno-int-in-bool-context -Wno-shadow -Wno-sign-compare -Wno-subobject-linkage -Wno-tautological-compare -Wno-uninitialized -Wno-unused-but-set-parameter -Wno-unused-but-set-variable -Wno-unused-parameter -Wno-unused-variable    -I../sim/imgui -I../sim/ -I../sim/mac -g -I/usr/include/SDL2 -D_REENTRANT -Iimgui -Iimgui   -Os  -c -o m68kdasm.o ../sim/m68kdasm.c
../sim/m68kdasm.c: In function ‘void d68010_movec()’:
../sim/m68kdasm.c:2109:36: warning: ISO C++ forbids converting a string constant to ‘char*’ [-Wwrite-strings]
 2109 |                         reg_name = "SFC";
      |                                    ^~~~~
../sim/m68kdasm.c:2110:37: warning: ISO C++ forbids converting a string constant to ‘char*’ [-Wwrite-strings]
 2110 |                         processor = "1+";
      |                                     ^~~~
../sim/m68kdasm.c:2113:36: warning: ISO C++ forbids converting a string constant to ‘char*’ [-Wwrite-strings]
 2113 |                         reg_name = "DFC";
      |                                    ^~~~~
../sim/m68kdasm.c:2114:37: warning: ISO C++ forbids converting a string constant to ‘char*’ [-Wwrite-strings]
 2114 |                         processor = "1+";
      |                                     ^~~~
../sim/m68kdasm.c:2117:36: warning: ISO C++ forbids converting a string constant to ‘char*’ [-Wwrite-strings]
 2117 |                         reg_name = "USP";
      |                                    ^~~~~
../sim/m68kdasm.c:2118:37: warning: ISO C++ forbids converting a string constant to ‘char*’ [-Wwrite-strings]
 2118 |                         processor = "1+";
      |                                     ^~~~
../sim/m68kdasm.c:2121:36: warning: ISO C++ forbids converting a string constant to ‘char*’ [-Wwrite-strings]
 2121 |                         reg_name = "VBR";
      |                                    ^~~~~
../sim/m68kdasm.c:2122:37: warning: ISO C++ forbids converting a string constant to ‘char*’ [-Wwrite-strings]
 2122 |                         processor = "1+";
      |                                     ^~~~
../sim/m68kdasm.c:2125:36: warning: ISO C++ forbids converting a string constant to ‘char*’ [-Wwrite-strings]
 2125 |                         reg_name = "CACR";
      |                                    ^~~~~~
../sim/m68kdasm.c:2126:37: warning: ISO C++ forbids converting a string constant to ‘char*’ [-Wwrite-strings]
 2126 |                         processor = "2+";
      |                                     ^~~~
../sim/m68kdasm.c:2129:36: warning: ISO C++ forbids converting a string constant to ‘char*’ [-Wwrite-strings]
 2129 |                         reg_name = "CAAR";
      |                                    ^~~~~~
../sim/m68kdasm.c:2130:37: warning: ISO C++ forbids converting a string constant to ‘char*’ [-Wwrite-strings]
 2130 |                         processor = "2,3";
      |                                     ^~~~~
../sim/m68kdasm.c:2133:36: warning: ISO C++ forbids converting a string constant to ‘char*’ [-Wwrite-strings]
 2133 |                         reg_name = "MSP";
      |                                    ^~~~~
../sim/m68kdasm.c:2134:37: warning: ISO C++ forbids converting a string constant to ‘char*’ [-Wwrite-strings]
 2134 |                         processor = "2+";
      |                                     ^~~~
../sim/m68kdasm.c:2137:36: warning: ISO C++ forbids converting a string constant to ‘char*’ [-Wwrite-strings]
 2137 |                         reg_name = "ISP";
      |                                    ^~~~~
../sim/m68kdasm.c:2138:37: warning: ISO C++ forbids converting a string constant to ‘char*’ [-Wwrite-strings]
 2138 |                         processor = "2+";
      |                                     ^~~~
../sim/m68kdasm.c:2141:36: warning: ISO C++ forbids converting a string constant to ‘char*’ [-Wwrite-strings]
 2141 |                         reg_name = "TC";
      |                                    ^~~~
../sim/m68kdasm.c:2142:37: warning: ISO C++ forbids converting a string constant to ‘char*’ [-Wwrite-strings]
 2142 |                         processor = "4+";
      |                                     ^~~~
../sim/m68kdasm.c:2145:36: warning: ISO C++ forbids converting a string constant to ‘char*’ [-Wwrite-strings]
 2145 |                         reg_name = "ITT0";
      |                                    ^~~~~~
../sim/m68kdasm.c:2146:37: warning: ISO C++ forbids converting a string constant to ‘char*’ [-Wwrite-strings]
 2146 |                         processor = "4+";
      |                                     ^~~~
../sim/m68kdasm.c:2149:36: warning: ISO C++ forbids converting a string constant to ‘char*’ [-Wwrite-strings]
 2149 |                         reg_name = "ITT1";
      |                                    ^~~~~~
../sim/m68kdasm.c:2150:37: warning: ISO C++ forbids converting a string constant to ‘char*’ [-Wwrite-strings]
 2150 |                         processor = "4+";
      |                                     ^~~~
../sim/m68kdasm.c:2153:36: warning: ISO C++ forbids converting a string constant to ‘char*’ [-Wwrite-strings]
 2153 |                         reg_name = "DTT0";
      |                                    ^~~~~~
../sim/m68kdasm.c:2154:37: warning: ISO C++ forbids converting a string constant to ‘char*’ [-Wwrite-strings]
 2154 |                         processor = "4+";
      |                                     ^~~~
../sim/m68kdasm.c:2157:36: warning: ISO C++ forbids converting a string constant to ‘char*’ [-Wwrite-strings]
 2157 |                         reg_name = "DTT1";
      |                                    ^~~~~~
../sim/m68kdasm.c:2158:37: warning: ISO C++ forbids converting a string constant to ‘char*’ [-Wwrite-strings]
 2158 |                         processor = "4+";
      |                                     ^~~~
../sim/m68kdasm.c:2161:36: warning: ISO C++ forbids converting a string constant to ‘char*’ [-Wwrite-strings]
 2161 |                         reg_name = "MMUSR";
      |                                    ^~~~~~~
../sim/m68kdasm.c:2162:37: warning: ISO C++ forbids converting a string constant to ‘char*’ [-Wwrite-strings]
 2162 |                         processor = "4+";
      |                                     ^~~~
../sim/m68kdasm.c:2165:36: warning: ISO C++ forbids converting a string constant to ‘char*’ [-Wwrite-strings]
 2165 |                         reg_name = "URP";
      |                                    ^~~~~
../sim/m68kdasm.c:2166:37: warning: ISO C++ forbids converting a string constant to ‘char*’ [-Wwrite-strings]
 2166 |                         processor = "4+";
      |                                     ^~~~
../sim/m68kdasm.c:2169:36: warning: ISO C++ forbids converting a string constant to ‘char*’ [-Wwrite-strings]
 2169 |                         reg_name = "SRP";
      |                                    ^~~~~
../sim/m68kdasm.c:2170:37: warning: ISO C++ forbids converting a string constant to ‘char*’ [-Wwrite-strings]
 2170 |                         processor = "4+";
      |                                     ^~~~
../sim/m68kdasm.c:2174:37: warning: ISO C++ forbids converting a string constant to ‘char*’ [-Wwrite-strings]
 2174 |                         processor = "?";
      |                                     ^~~
ccache g++  -I.  -MMD -I/home/alans/verilator5/share/verilator/include -I/home/alans/verilator5/share/verilator/include/vltstd -DVERILATOR=1 -DVM_COVERAGE=0 -DVM_SC=0 -DVM_TIMING=0 -DVM_TRACE=1 -DVM_TRACE_FST=1 -DVM_TRACE_VCD=0 -DVM_TRACE_SAIF=0 -DVM_VPI=0 -faligned-new -fcf-protection=none -Wno-bool-operation -Wno-int-in-bool-context -Wno-shadow -Wno-sign-compare -Wno-subobject-linkage -Wno-tautological-compare -Wno-uninitialized -Wno-unused-but-set-parameter -Wno-unused-but-set-variable -Wno-unused-parameter -Wno-unused-variable    -I../sim/imgui -I../sim/ -I../sim/mac -g -I/usr/include/SDL2 -D_REENTRANT -Iimgui -Iimgui   -Os  -c -o mac_cdrom_play.o ../sim/mac/mac_cdrom_play.cpp
ccache g++  -I.  -MMD -I/home/alans/verilator5/share/verilator/include -I/home/alans/verilator5/share/verilator/include/vltstd -DVERILATOR=1 -DVM_COVERAGE=0 -DVM_SC=0 -DVM_TIMING=0 -DVM_TRACE=1 -DVM_TRACE_FST=1 -DVM_TRACE_VCD=0 -DVM_TRACE_SAIF=0 -DVM_VPI=0 -faligned-new -fcf-protection=none -Wno-bool-operation -Wno-int-in-bool-context -Wno-shadow -Wno-sign-compare -Wno-subobject-linkage -Wno-tautological-compare -Wno-uninitialized -Wno-unused-but-set-parameter -Wno-unused-but-set-variable -Wno-unused-parameter -Wno-unused-variable    -I../sim/imgui -I../sim/ -I../sim/mac -g -I/usr/include/SDL2 -D_REENTRANT -Iimgui -Iimgui   -Os  -c -o mac_cdrom_resp.o ../sim/mac/mac_cdrom_resp.cpp
ccache g++  -I.  -MMD -I/home/alans/verilator5/share/verilator/include -I/home/alans/verilator5/share/verilator/include/vltstd -DVERILATOR=1 -DVM_COVERAGE=0 -DVM_SC=0 -DVM_TIMING=0 -DVM_TRACE=1 -DVM_TRACE_FST=1 -DVM_TRACE_VCD=0 -DVM_TRACE_SAIF=0 -DVM_VPI=0 -faligned-new -fcf-protection=none -Wno-bool-operation -Wno-int-in-bool-context -Wno-shadow -Wno-sign-compare -Wno-subobject-linkage -Wno-tautological-compare -Wno-uninitialized -Wno-unused-but-set-parameter -Wno-unused-but-set-variable -Wno-unused-parameter -Wno-unused-variable    -I../sim/imgui -I../sim/ -I../sim/mac -g -I/usr/include/SDL2 -D_REENTRANT -Iimgui -Iimgui   -Os  -c -o sim_audio.o ../sim/sim_audio.cpp
ccache g++  -I.  -MMD -I/home/alans/verilator5/share/verilator/include -I/home/alans/verilator5/share/verilator/include/vltstd -DVERILATOR=1 -DVM_COVERAGE=0 -DVM_SC=0 -DVM_TIMING=0 -DVM_TRACE=1 -DVM_TRACE_FST=1 -DVM_TRACE_VCD=0 -DVM_TRACE_SAIF=0 -DVM_VPI=0 -faligned-new -fcf-protection=none -Wno-bool-operation -Wno-int-in-bool-context -Wno-shadow -Wno-sign-compare -Wno-subobject-linkage -Wno-tautological-compare -Wno-uninitialized -Wno-unused-but-set-parameter -Wno-unused-but-set-variable -Wno-unused-parameter -Wno-unused-variable    -I../sim/imgui -I../sim/ -I../sim/mac -g -I/usr/include/SDL2 -D_REENTRANT -Iimgui -Iimgui   -Os  -c -o sim_blkdevice.o ../sim/sim_blkdevice.cpp
ccache g++  -I.  -MMD -I/home/alans/verilator5/share/verilator/include -I/home/alans/verilator5/share/verilator/include/vltstd -DVERILATOR=1 -DVM_COVERAGE=0 -DVM_SC=0 -DVM_TIMING=0 -DVM_TRACE=1 -DVM_TRACE_FST=1 -DVM_TRACE_VCD=0 -DVM_TRACE_SAIF=0 -DVM_VPI=0 -faligned-new -fcf-protection=none -Wno-bool-operation -Wno-int-in-bool-context -Wno-shadow -Wno-sign-compare -Wno-subobject-linkage -Wno-tautological-compare -Wno-uninitialized -Wno-unused-but-set-parameter -Wno-unused-but-set-variable -Wno-unused-parameter -Wno-unused-variable    -I../sim/imgui -I../sim/ -I../sim/mac -g -I/usr/include/SDL2 -D_REENTRANT -Iimgui -Iimgui   -Os  -c -o sim_clock.o ../sim/sim_clock.cpp
ccache g++  -I.  -MMD -I/home/alans/verilator5/share/verilator/include -I/home/alans/verilator5/share/verilator/include/vltstd -DVERILATOR=1 -DVM_COVERAGE=0 -DVM_SC=0 -DVM_TIMING=0 -DVM_TRACE=1 -DVM_TRACE_FST=1 -DVM_TRACE_VCD=0 -DVM_TRACE_SAIF=0 -DVM_VPI=0 -faligned-new -fcf-protection=none -Wno-bool-operation -Wno-int-in-bool-context -Wno-shadow -Wno-sign-compare -Wno-subobject-linkage -Wno-tautological-compare -Wno-uninitialized -Wno-unused-but-set-parameter -Wno-unused-but-set-variable -Wno-unused-parameter -Wno-unused-variable    -I../sim/imgui -I../sim/ -I../sim/mac -g -I/usr/include/SDL2 -D_REENTRANT -Iimgui -Iimgui   -Os  -c -o sim_console.o ../sim/sim_console.cpp
../sim/sim_console.cpp: In constructor ‘DebugConsole::DebugConsole()’:
../sim/sim_console.cpp:50:16: warning: zero-length gnu_printf format string [-Wformat-zero-length]
   50 |         AddLog("");
      |                ^~
ccache g++  -I.  -MMD -I/home/alans/verilator5/share/verilator/include -I/home/alans/verilator5/share/verilator/include/vltstd -DVERILATOR=1 -DVM_COVERAGE=0 -DVM_SC=0 -DVM_TIMING=0 -DVM_TRACE=1 -DVM_TRACE_FST=1 -DVM_TRACE_VCD=0 -DVM_TRACE_SAIF=0 -DVM_VPI=0 -faligned-new -fcf-protection=none -Wno-bool-operation -Wno-int-in-bool-context -Wno-shadow -Wno-sign-compare -Wno-subobject-linkage -Wno-tautological-compare -Wno-uninitialized -Wno-unused-but-set-parameter -Wno-unused-but-set-variable -Wno-unused-parameter -Wno-unused-variable    -I../sim/imgui -I../sim/ -I../sim/mac -g -I/usr/include/SDL2 -D_REENTRANT -Iimgui -Iimgui   -Os  -c -o sim_input.o ../sim/sim_input.cpp
ccache g++  -I.  -MMD -I/home/alans/verilator5/share/verilator/include -I/home/alans/verilator5/share/verilator/include/vltstd -DVERILATOR=1 -DVM_COVERAGE=0 -DVM_SC=0 -DVM_TIMING=0 -DVM_TRACE=1 -DVM_TRACE_FST=1 -DVM_TRACE_VCD=0 -DVM_TRACE_SAIF=0 -DVM_VPI=0 -faligned-new -fcf-protection=none -Wno-bool-operation -Wno-int-in-bool-context -Wno-shadow -Wno-sign-compare -Wno-subobject-linkage -Wno-tautological-compare -Wno-uninitialized -Wno-unused-but-set-parameter -Wno-unused-but-set-variable -Wno-unused-parameter -Wno-unused-variable    -I../sim/imgui -I../sim/ -I../sim/mac -g -I/usr/include/SDL2 -D_REENTRANT -Iimgui -Iimgui   -Os  -c -o sim_video.o ../sim/sim_video.cpp
../sim/sim_video.cpp: In member function ‘int SimVideo::Initialise(const char*)’:
../sim/sim_video.cpp:331:22: warning: cast to pointer from integer of different size [-Wint-to-pointer-cast]
  331 |         texture_id = (ImTextureID)tex;
      |                      ^~~~~~~~~~~~~~~~
ccache g++  -I.  -MMD -I/home/alans/verilator5/share/verilator/include -I/home/alans/verilator5/share/verilator/include/vltstd -DVERILATOR=1 -DVM_COVERAGE=0 -DVM_SC=0 -DVM_TIMING=0 -DVM_TRACE=1 -DVM_TRACE_FST=1 -DVM_TRACE_VCD=0 -DVM_TRACE_SAIF=0 -DVM_VPI=0 -faligned-new -fcf-protection=none -Wno-bool-operation -Wno-int-in-bool-context -Wno-shadow -Wno-sign-compare -Wno-subobject-linkage -Wno-tautological-compare -Wno-uninitialized -Wno-unused-but-set-parameter -Wno-unused-but-set-variable -Wno-unused-parameter -Wno-unused-variable    -I../sim/imgui -I../sim/ -I../sim/mac -g -I/usr/include/SDL2 -D_REENTRANT -Iimgui -Iimgui   -Os  -c -o sim_main.o ../sim_main.cpp
ccache g++ -Os  -I.  -MMD -I/home/alans/verilator5/share/verilator/include -I/home/alans/verilator5/share/verilator/include/vltstd -DVERILATOR=1 -DVM_COVERAGE=0 -DVM_SC=0 -DVM_TIMING=0 -DVM_TRACE=1 -DVM_TRACE_FST=1 -DVM_TRACE_VCD=0 -DVM_TRACE_SAIF=0 -DVM_VPI=0 -faligned-new -fcf-protection=none -Wno-bool-operation -Wno-int-in-bool-context -Wno-shadow -Wno-sign-compare -Wno-subobject-linkage -Wno-tautological-compare -Wno-uninitialized -Wno-unused-but-set-parameter -Wno-unused-but-set-variable -Wno-unused-parameter -Wno-unused-variable    -I../sim/imgui -I../sim/ -I../sim/mac -g -I/usr/include/SDL2 -D_REENTRANT -Iimgui -Iimgui   -c -o verilated.o /home/alans/verilator5/share/verilator/include/verilated.cpp
ccache g++ -Os  -I.  -MMD -I/home/alans/verilator5/share/verilator/include -I/home/alans/verilator5/share/verilator/include/vltstd -DVERILATOR=1 -DVM_COVERAGE=0 -DVM_SC=0 -DVM_TIMING=0 -DVM_TRACE=1 -DVM_TRACE_FST=1 -DVM_TRACE_VCD=0 -DVM_TRACE_SAIF=0 -DVM_VPI=0 -faligned-new -fcf-protection=none -Wno-bool-operation -Wno-int-in-bool-context -Wno-shadow -Wno-sign-compare -Wno-subobject-linkage -Wno-tautological-compare -Wno-uninitialized -Wno-unused-but-set-parameter -Wno-unused-but-set-variable -Wno-unused-parameter -Wno-unused-variable    -I../sim/imgui -I../sim/ -I../sim/mac -g -I/usr/include/SDL2 -D_REENTRANT -Iimgui -Iimgui   -c -o verilated_dpi.o /home/alans/verilator5/share/verilator/include/verilated_dpi.cpp
ccache g++ -Os  -I.  -MMD -I/home/alans/verilator5/share/verilator/include -I/home/alans/verilator5/share/verilator/include/vltstd -DVERILATOR=1 -DVM_COVERAGE=0 -DVM_SC=0 -DVM_TIMING=0 -DVM_TRACE=1 -DVM_TRACE_FST=1 -DVM_TRACE_VCD=0 -DVM_TRACE_SAIF=0 -DVM_VPI=0 -faligned-new -fcf-protection=none -Wno-bool-operation -Wno-int-in-bool-context -Wno-shadow -Wno-sign-compare -Wno-subobject-linkage -Wno-tautological-compare -Wno-uninitialized -Wno-unused-but-set-parameter -Wno-unused-but-set-variable -Wno-unused-parameter -Wno-unused-variable    -I../sim/imgui -I../sim/ -I../sim/mac -g -I/usr/include/SDL2 -D_REENTRANT -Iimgui -Iimgui   -c -o verilated_fst_c.o /home/alans/verilator5/share/verilator/include/verilated_fst_c.cpp
ccache g++ -Os  -I.  -MMD -I/home/alans/verilator5/share/verilator/include -I/home/alans/verilator5/share/verilator/include/vltstd -DVERILATOR=1 -DVM_COVERAGE=0 -DVM_SC=0 -DVM_TIMING=0 -DVM_TRACE=1 -DVM_TRACE_FST=1 -DVM_TRACE_VCD=0 -DVM_TRACE_SAIF=0 -DVM_VPI=0 -faligned-new -fcf-protection=none -Wno-bool-operation -Wno-int-in-bool-context -Wno-shadow -Wno-sign-compare -Wno-subobject-linkage -Wno-tautological-compare -Wno-uninitialized -Wno-unused-but-set-parameter -Wno-unused-but-set-variable -Wno-unused-parameter -Wno-unused-variable    -I../sim/imgui -I../sim/ -I../sim/mac -g -I/usr/include/SDL2 -D_REENTRANT -Iimgui -Iimgui   -c -o verilated_threads.o /home/alans/verilator5/share/verilator/include/verilated_threads.cpp
ccache g++ -Os  -I.  -MMD -I/home/alans/verilator5/share/verilator/include -I/home/alans/verilator5/share/verilator/include/vltstd -DVERILATOR=1 -DVM_COVERAGE=0 -DVM_SC=0 -DVM_TIMING=0 -DVM_TRACE=1 -DVM_TRACE_FST=1 -DVM_TRACE_VCD=0 -DVM_TRACE_SAIF=0 -DVM_VPI=0 -faligned-new -fcf-protection=none -Wno-bool-operation -Wno-int-in-bool-context -Wno-shadow -Wno-sign-compare -Wno-subobject-linkage -Wno-tautological-compare -Wno-uninitialized -Wno-unused-but-set-parameter -Wno-unused-but-set-variable -Wno-unused-parameter -Wno-unused-variable    -I../sim/imgui -I../sim/ -I../sim/mac -g -I/usr/include/SDL2 -D_REENTRANT -Iimgui -Iimgui   -x c++-header Vemu__pch.h -o Vemu__pch.h.fast.gch
ccache g++   -I.  -MMD -I/home/alans/verilator5/share/verilator/include -I/home/alans/verilator5/share/verilator/include/vltstd -DVERILATOR=1 -DVM_COVERAGE=0 -DVM_SC=0 -DVM_TIMING=0 -DVM_TRACE=1 -DVM_TRACE_FST=1 -DVM_TRACE_VCD=0 -DVM_TRACE_SAIF=0 -DVM_VPI=0 -faligned-new -fcf-protection=none -Wno-bool-operation -Wno-int-in-bool-context -Wno-shadow -Wno-sign-compare -Wno-subobject-linkage -Wno-tautological-compare -Wno-uninitialized -Wno-unused-but-set-parameter -Wno-unused-but-set-variable -Wno-unused-parameter -Wno-unused-variable    -I../sim/imgui -I../sim/ -I../sim/mac -g -I/usr/include/SDL2 -D_REENTRANT -Iimgui -Iimgui   -x c++-header Vemu__pch.h -o Vemu__pch.h.slow.gch
ccache g++ -Os  -I.  -MMD -I/home/alans/verilator5/share/verilator/include -I/home/alans/verilator5/share/verilator/include/vltstd -DVERILATOR=1 -DVM_COVERAGE=0 -DVM_SC=0 -DVM_TIMING=0 -DVM_TRACE=1 -DVM_TRACE_FST=1 -DVM_TRACE_VCD=0 -DVM_TRACE_SAIF=0 -DVM_VPI=0 -faligned-new -fcf-protection=none -Wno-bool-operation -Wno-int-in-bool-context -Wno-shadow -Wno-sign-compare -Wno-subobject-linkage -Wno-tautological-compare -Wno-uninitialized -Wno-unused-but-set-parameter -Wno-unused-but-set-variable -Wno-unused-parameter -Wno-unused-variable    -I../sim/imgui -I../sim/ -I../sim/mac -g -I/usr/include/SDL2 -D_REENTRANT -Iimgui -Iimgui   -include Vemu__pch.h.fast -c Vemu.cpp
ccache g++ -Os  -I.  -MMD -I/home/alans/verilator5/share/verilator/include -I/home/alans/verilator5/share/verilator/include/vltstd -DVERILATOR=1 -DVM_COVERAGE=0 -DVM_SC=0 -DVM_TIMING=0 -DVM_TRACE=1 -DVM_TRACE_FST=1 -DVM_TRACE_VCD=0 -DVM_TRACE_SAIF=0 -DVM_VPI=0 -faligned-new -fcf-protection=none -Wno-bool-operation -Wno-int-in-bool-context -Wno-shadow -Wno-sign-compare -Wno-subobject-linkage -Wno-tautological-compare -Wno-uninitialized -Wno-unused-but-set-parameter -Wno-unused-but-set-variable -Wno-unused-parameter -Wno-unused-variable    -I../sim/imgui -I../sim/ -I../sim/mac -g -I/usr/include/SDL2 -D_REENTRANT -Iimgui -Iimgui   -include Vemu__pch.h.fast -c Vemu___024root__0.cpp
ccache g++ -Os  -I.  -MMD -I/home/alans/verilator5/share/verilator/include -I/home/alans/verilator5/share/verilator/include/vltstd -DVERILATOR=1 -DVM_COVERAGE=0 -DVM_SC=0 -DVM_TIMING=0 -DVM_TRACE=1 -DVM_TRACE_FST=1 -DVM_TRACE_VCD=0 -DVM_TRACE_SAIF=0 -DVM_VPI=0 -faligned-new -fcf-protection=none -Wno-bool-operation -Wno-int-in-bool-context -Wno-shadow -Wno-sign-compare -Wno-subobject-linkage -Wno-tautological-compare -Wno-uninitialized -Wno-unused-but-set-parameter -Wno-unused-but-set-variable -Wno-unused-parameter -Wno-unused-variable    -I../sim/imgui -I../sim/ -I../sim/mac -g -I/usr/include/SDL2 -D_REENTRANT -Iimgui -Iimgui   -include Vemu__pch.h.fast -c Vemu_emu__0.cpp
ccache g++ -Os  -I.  -MMD -I/home/alans/verilator5/share/verilator/include -I/home/alans/verilator5/share/verilator/include/vltstd -DVERILATOR=1 -DVM_COVERAGE=0 -DVM_SC=0 -DVM_TIMING=0 -DVM_TRACE=1 -DVM_TRACE_FST=1 -DVM_TRACE_VCD=0 -DVM_TRACE_SAIF=0 -DVM_VPI=0 -faligned-new -fcf-protection=none -Wno-bool-operation -Wno-int-in-bool-context -Wno-shadow -Wno-sign-compare -Wno-subobject-linkage -Wno-tautological-compare -Wno-uninitialized -Wno-unused-but-set-parameter -Wno-unused-but-set-variable -Wno-unused-parameter -Wno-unused-variable    -I../sim/imgui -I../sim/ -I../sim/mac -g -I/usr/include/SDL2 -D_REENTRANT -Iimgui -Iimgui   -include Vemu__pch.h.fast -c Vemu_emu__1.cpp
ccache g++ -Os  -I.  -MMD -I/home/alans/verilator5/share/verilator/include -I/home/alans/verilator5/share/verilator/include/vltstd -DVERILATOR=1 -DVM_COVERAGE=0 -DVM_SC=0 -DVM_TIMING=0 -DVM_TRACE=1 -DVM_TRACE_FST=1 -DVM_TRACE_VCD=0 -DVM_TRACE_SAIF=0 -DVM_VPI=0 -faligned-new -fcf-protection=none -Wno-bool-operation -Wno-int-in-bool-context -Wno-shadow -Wno-sign-compare -Wno-subobject-linkage -Wno-tautological-compare -Wno-uninitialized -Wno-unused-but-set-parameter -Wno-unused-but-set-variable -Wno-unused-parameter -Wno-unused-variable    -I../sim/imgui -I../sim/ -I../sim/mac -g -I/usr/include/SDL2 -D_REENTRANT -Iimgui -Iimgui   -include Vemu__pch.h.fast -c Vemu_emu__2.cpp
ccache g++ -Os  -I.  -MMD -I/home/alans/verilator5/share/verilator/include -I/home/alans/verilator5/share/verilator/include/vltstd -DVERILATOR=1 -DVM_COVERAGE=0 -DVM_SC=0 -DVM_TIMING=0 -DVM_TRACE=1 -DVM_TRACE_FST=1 -DVM_TRACE_VCD=0 -DVM_TRACE_SAIF=0 -DVM_VPI=0 -faligned-new -fcf-protection=none -Wno-bool-operation -Wno-int-in-bool-context -Wno-shadow -Wno-sign-compare -Wno-subobject-linkage -Wno-tautological-compare -Wno-uninitialized -Wno-unused-but-set-parameter -Wno-unused-but-set-variable -Wno-unused-parameter -Wno-unused-variable    -I../sim/imgui -I../sim/ -I../sim/mac -g -I/usr/include/SDL2 -D_REENTRANT -Iimgui -Iimgui   -include Vemu__pch.h.fast -c Vemu_emu__3.cpp
ccache g++ -Os  -I.  -MMD -I/home/alans/verilator5/share/verilator/include -I/home/alans/verilator5/share/verilator/include/vltstd -DVERILATOR=1 -DVM_COVERAGE=0 -DVM_SC=0 -DVM_TIMING=0 -DVM_TRACE=1 -DVM_TRACE_FST=1 -DVM_TRACE_VCD=0 -DVM_TRACE_SAIF=0 -DVM_VPI=0 -faligned-new -fcf-protection=none -Wno-bool-operation -Wno-int-in-bool-context -Wno-shadow -Wno-sign-compare -Wno-subobject-linkage -Wno-tautological-compare -Wno-uninitialized -Wno-unused-but-set-parameter -Wno-unused-but-set-variable -Wno-unused-parameter -Wno-unused-variable    -I../sim/imgui -I../sim/ -I../sim/mac -g -I/usr/include/SDL2 -D_REENTRANT -Iimgui -Iimgui   -include Vemu__pch.h.fast -c Vemu_emu__4.cpp
ccache g++ -Os  -I.  -MMD -I/home/alans/verilator5/share/verilator/include -I/home/alans/verilator5/share/verilator/include/vltstd -DVERILATOR=1 -DVM_COVERAGE=0 -DVM_SC=0 -DVM_TIMING=0 -DVM_TRACE=1 -DVM_TRACE_FST=1 -DVM_TRACE_VCD=0 -DVM_TRACE_SAIF=0 -DVM_VPI=0 -faligned-new -fcf-protection=none -Wno-bool-operation -Wno-int-in-bool-context -Wno-shadow -Wno-sign-compare -Wno-subobject-linkage -Wno-tautological-compare -Wno-uninitialized -Wno-unused-but-set-parameter -Wno-unused-but-set-variable -Wno-unused-parameter -Wno-unused-variable    -I../sim/imgui -I../sim/ -I../sim/mac -g -I/usr/include/SDL2 -D_REENTRANT -Iimgui -Iimgui   -include Vemu__pch.h.fast -c Vemu_emu__5.cpp
ccache g++ -Os  -I.  -MMD -I/home/alans/verilator5/share/verilator/include -I/home/alans/verilator5/share/verilator/include/vltstd -DVERILATOR=1 -DVM_COVERAGE=0 -DVM_SC=0 -DVM_TIMING=0 -DVM_TRACE=1 -DVM_TRACE_FST=1 -DVM_TRACE_VCD=0 -DVM_TRACE_SAIF=0 -DVM_VPI=0 -faligned-new -fcf-protection=none -Wno-bool-operation -Wno-int-in-bool-context -Wno-shadow -Wno-sign-compare -Wno-subobject-linkage -Wno-tautological-compare -Wno-uninitialized -Wno-unused-but-set-parameter -Wno-unused-but-set-variable -Wno-unused-parameter -Wno-unused-variable    -I../sim/imgui -I../sim/ -I../sim/mac -g -I/usr/include/SDL2 -D_REENTRANT -Iimgui -Iimgui   -include Vemu__pch.h.fast -c Vemu_emu__6.cpp
ccache g++ -Os  -I.  -MMD -I/home/alans/verilator5/share/verilator/include -I/home/alans/verilator5/share/verilator/include/vltstd -DVERILATOR=1 -DVM_COVERAGE=0 -DVM_SC=0 -DVM_TIMING=0 -DVM_TRACE=1 -DVM_TRACE_FST=1 -DVM_TRACE_VCD=0 -DVM_TRACE_SAIF=0 -DVM_VPI=0 -faligned-new -fcf-protection=none -Wno-bool-operation -Wno-int-in-bool-context -Wno-shadow -Wno-sign-compare -Wno-subobject-linkage -Wno-tautological-compare -Wno-uninitialized -Wno-unused-but-set-parameter -Wno-unused-but-set-variable -Wno-unused-parameter -Wno-unused-variable    -I../sim/imgui -I../sim/ -I../sim/mac -g -I/usr/include/SDL2 -D_REENTRANT -Iimgui -Iimgui   -include Vemu__pch.h.fast -c Vemu__Dpi.cpp
ccache g++ -Os  -I.  -MMD -I/home/alans/verilator5/share/verilator/include -I/home/alans/verilator5/share/verilator/include/vltstd -DVERILATOR=1 -DVM_COVERAGE=0 -DVM_SC=0 -DVM_TIMING=0 -DVM_TRACE=1 -DVM_TRACE_FST=1 -DVM_TRACE_VCD=0 -DVM_TRACE_SAIF=0 -DVM_VPI=0 -faligned-new -fcf-protection=none -Wno-bool-operation -Wno-int-in-bool-context -Wno-shadow -Wno-sign-compare -Wno-subobject-linkage -Wno-tautological-compare -Wno-uninitialized -Wno-unused-but-set-parameter -Wno-unused-but-set-variable -Wno-unused-parameter -Wno-unused-variable    -I../sim/imgui -I../sim/ -I../sim/mac -g -I/usr/include/SDL2 -D_REENTRANT -Iimgui -Iimgui   -include Vemu__pch.h.fast -c Vemu__Trace__0.cpp
ccache g++   -I.  -MMD -I/home/alans/verilator5/share/verilator/include -I/home/alans/verilator5/share/verilator/include/vltstd -DVERILATOR=1 -DVM_COVERAGE=0 -DVM_SC=0 -DVM_TIMING=0 -DVM_TRACE=1 -DVM_TRACE_FST=1 -DVM_TRACE_VCD=0 -DVM_TRACE_SAIF=0 -DVM_VPI=0 -faligned-new -fcf-protection=none -Wno-bool-operation -Wno-int-in-bool-context -Wno-shadow -Wno-sign-compare -Wno-subobject-linkage -Wno-tautological-compare -Wno-uninitialized -Wno-unused-but-set-parameter -Wno-unused-but-set-variable -Wno-unused-parameter -Wno-unused-variable    -I../sim/imgui -I../sim/ -I../sim/mac -g -I/usr/include/SDL2 -D_REENTRANT -Iimgui -Iimgui   -include Vemu__pch.h.slow -c Vemu__ConstPool__0__Slow.cpp
ccache g++   -I.  -MMD -I/home/alans/verilator5/share/verilator/include -I/home/alans/verilator5/share/verilator/include/vltstd -DVERILATOR=1 -DVM_COVERAGE=0 -DVM_SC=0 -DVM_TIMING=0 -DVM_TRACE=1 -DVM_TRACE_FST=1 -DVM_TRACE_VCD=0 -DVM_TRACE_SAIF=0 -DVM_VPI=0 -faligned-new -fcf-protection=none -Wno-bool-operation -Wno-int-in-bool-context -Wno-shadow -Wno-sign-compare -Wno-subobject-linkage -Wno-tautological-compare -Wno-uninitialized -Wno-unused-but-set-parameter -Wno-unused-but-set-variable -Wno-unused-parameter -Wno-unused-variable    -I../sim/imgui -I../sim/ -I../sim/mac -g -I/usr/include/SDL2 -D_REENTRANT -Iimgui -Iimgui   -include Vemu__pch.h.slow -c Vemu___024root__Slow.cpp
ccache g++   -I.  -MMD -I/home/alans/verilator5/share/verilator/include -I/home/alans/verilator5/share/verilator/include/vltstd -DVERILATOR=1 -DVM_COVERAGE=0 -DVM_SC=0 -DVM_TIMING=0 -DVM_TRACE=1 -DVM_TRACE_FST=1 -DVM_TRACE_VCD=0 -DVM_TRACE_SAIF=0 -DVM_VPI=0 -faligned-new -fcf-protection=none -Wno-bool-operation -Wno-int-in-bool-context -Wno-shadow -Wno-sign-compare -Wno-subobject-linkage -Wno-tautological-compare -Wno-uninitialized -Wno-unused-but-set-parameter -Wno-unused-but-set-variable -Wno-unused-parameter -Wno-unused-variable    -I../sim/imgui -I../sim/ -I../sim/mac -g -I/usr/include/SDL2 -D_REENTRANT -Iimgui -Iimgui   -include Vemu__pch.h.slow -c Vemu___024root__0__Slow.cpp
ccache g++   -I.  -MMD -I/home/alans/verilator5/share/verilator/include -I/home/alans/verilator5/share/verilator/include/vltstd -DVERILATOR=1 -DVM_COVERAGE=0 -DVM_SC=0 -DVM_TIMING=0 -DVM_TRACE=1 -DVM_TRACE_FST=1 -DVM_TRACE_VCD=0 -DVM_TRACE_SAIF=0 -DVM_VPI=0 -faligned-new -fcf-protection=none -Wno-bool-operation -Wno-int-in-bool-context -Wno-shadow -Wno-sign-compare -Wno-subobject-linkage -Wno-tautological-compare -Wno-uninitialized -Wno-unused-but-set-parameter -Wno-unused-but-set-variable -Wno-unused-parameter -Wno-unused-variable    -I../sim/imgui -I../sim/ -I../sim/mac -g -I/usr/include/SDL2 -D_REENTRANT -Iimgui -Iimgui   -include Vemu__pch.h.slow -c Vemu_emu__Slow.cpp
ccache g++   -I.  -MMD -I/home/alans/verilator5/share/verilator/include -I/home/alans/verilator5/share/verilator/include/vltstd -DVERILATOR=1 -DVM_COVERAGE=0 -DVM_SC=0 -DVM_TIMING=0 -DVM_TRACE=1 -DVM_TRACE_FST=1 -DVM_TRACE_VCD=0 -DVM_TRACE_SAIF=0 -DVM_VPI=0 -faligned-new -fcf-protection=none -Wno-bool-operation -Wno-int-in-bool-context -Wno-shadow -Wno-sign-compare -Wno-subobject-linkage -Wno-tautological-compare -Wno-uninitialized -Wno-unused-but-set-parameter -Wno-unused-but-set-variable -Wno-unused-parameter -Wno-unused-variable    -I../sim/imgui -I../sim/ -I../sim/mac -g -I/usr/include/SDL2 -D_REENTRANT -Iimgui -Iimgui   -include Vemu__pch.h.slow -c Vemu_emu__0__Slow.cpp
ccache g++   -I.  -MMD -I/home/alans/verilator5/share/verilator/include -I/home/alans/verilator5/share/verilator/include/vltstd -DVERILATOR=1 -DVM_COVERAGE=0 -DVM_SC=0 -DVM_TIMING=0 -DVM_TRACE=1 -DVM_TRACE_FST=1 -DVM_TRACE_VCD=0 -DVM_TRACE_SAIF=0 -DVM_VPI=0 -faligned-new -fcf-protection=none -Wno-bool-operation -Wno-int-in-bool-context -Wno-shadow -Wno-sign-compare -Wno-subobject-linkage -Wno-tautological-compare -Wno-uninitialized -Wno-unused-but-set-parameter -Wno-unused-but-set-variable -Wno-unused-parameter -Wno-unused-variable    -I../sim/imgui -I../sim/ -I../sim/mac -g -I/usr/include/SDL2 -D_REENTRANT -Iimgui -Iimgui   -include Vemu__pch.h.slow -c Vemu_emu__1__Slow.cpp
ccache g++   -I.  -MMD -I/home/alans/verilator5/share/verilator/include -I/home/alans/verilator5/share/verilator/include/vltstd -DVERILATOR=1 -DVM_COVERAGE=0 -DVM_SC=0 -DVM_TIMING=0 -DVM_TRACE=1 -DVM_TRACE_FST=1 -DVM_TRACE_VCD=0 -DVM_TRACE_SAIF=0 -DVM_VPI=0 -faligned-new -fcf-protection=none -Wno-bool-operation -Wno-int-in-bool-context -Wno-shadow -Wno-sign-compare -Wno-subobject-linkage -Wno-tautological-compare -Wno-uninitialized -Wno-unused-but-set-parameter -Wno-unused-but-set-variable -Wno-unused-parameter -Wno-unused-variable    -I../sim/imgui -I../sim/ -I../sim/mac -g -I/usr/include/SDL2 -D_REENTRANT -Iimgui -Iimgui   -include Vemu__pch.h.slow -c Vemu_emu__2__Slow.cpp
ccache g++   -I.  -MMD -I/home/alans/verilator5/share/verilator/include -I/home/alans/verilator5/share/verilator/include/vltstd -DVERILATOR=1 -DVM_COVERAGE=0 -DVM_SC=0 -DVM_TIMING=0 -DVM_TRACE=1 -DVM_TRACE_FST=1 -DVM_TRACE_VCD=0 -DVM_TRACE_SAIF=0 -DVM_VPI=0 -faligned-new -fcf-protection=none -Wno-bool-operation -Wno-int-in-bool-context -Wno-shadow -Wno-sign-compare -Wno-subobject-linkage -Wno-tautological-compare -Wno-uninitialized -Wno-unused-but-set-parameter -Wno-unused-but-set-variable -Wno-unused-parameter -Wno-unused-variable    -I../sim/imgui -I../sim/ -I../sim/mac -g -I/usr/include/SDL2 -D_REENTRANT -Iimgui -Iimgui   -include Vemu__pch.h.slow -c Vemu__Syms__Slow.cpp
ccache g++   -I.  -MMD -I/home/alans/verilator5/share/verilator/include -I/home/alans/verilator5/share/verilator/include/vltstd -DVERILATOR=1 -DVM_COVERAGE=0 -DVM_SC=0 -DVM_TIMING=0 -DVM_TRACE=1 -DVM_TRACE_FST=1 -DVM_TRACE_VCD=0 -DVM_TRACE_SAIF=0 -DVM_VPI=0 -faligned-new -fcf-protection=none -Wno-bool-operation -Wno-int-in-bool-context -Wno-shadow -Wno-sign-compare -Wno-subobject-linkage -Wno-tautological-compare -Wno-uninitialized -Wno-unused-but-set-parameter -Wno-unused-but-set-variable -Wno-unused-parameter -Wno-unused-variable    -I../sim/imgui -I../sim/ -I../sim/mac -g -I/usr/include/SDL2 -D_REENTRANT -Iimgui -Iimgui   -include Vemu__pch.h.slow -c Vemu__Trace__0__Slow.cpp
ccache g++   -I.  -MMD -I/home/alans/verilator5/share/verilator/include -I/home/alans/verilator5/share/verilator/include/vltstd -DVERILATOR=1 -DVM_COVERAGE=0 -DVM_SC=0 -DVM_TIMING=0 -DVM_TRACE=1 -DVM_TRACE_FST=1 -DVM_TRACE_VCD=0 -DVM_TRACE_SAIF=0 -DVM_VPI=0 -faligned-new -fcf-protection=none -Wno-bool-operation -Wno-int-in-bool-context -Wno-shadow -Wno-sign-compare -Wno-subobject-linkage -Wno-tautological-compare -Wno-uninitialized -Wno-unused-but-set-parameter -Wno-unused-but-set-variable -Wno-unused-parameter -Wno-unused-variable    -I../sim/imgui -I../sim/ -I../sim/mac -g -I/usr/include/SDL2 -D_REENTRANT -Iimgui -Iimgui   -include Vemu__pch.h.slow -c Vemu__Trace__1__Slow.cpp
ccache g++   -I.  -MMD -I/home/alans/verilator5/share/verilator/include -I/home/alans/verilator5/share/verilator/include/vltstd -DVERILATOR=1 -DVM_COVERAGE=0 -DVM_SC=0 -DVM_TIMING=0 -DVM_TRACE=1 -DVM_TRACE_FST=1 -DVM_TRACE_VCD=0 -DVM_TRACE_SAIF=0 -DVM_VPI=0 -faligned-new -fcf-protection=none -Wno-bool-operation -Wno-int-in-bool-context -Wno-shadow -Wno-sign-compare -Wno-subobject-linkage -Wno-tautological-compare -Wno-uninitialized -Wno-unused-but-set-parameter -Wno-unused-but-set-variable -Wno-unused-parameter -Wno-unused-variable    -I../sim/imgui -I../sim/ -I../sim/mac -g -I/usr/include/SDL2 -D_REENTRANT -Iimgui -Iimgui   -include Vemu__pch.h.slow -c Vemu__TraceDecls__0__Slow.cpp
Vemu__Trace__0.cpp: In function ‘void Vemu___024root__trace_chg_0_sub_0(Vemu___024root*, VerilatedTrace<VerilatedFst, VerilatedFstBuffer>::Buffer*)’:
Vemu__Trace__0.cpp:64:6: note: variable tracking size limit exceeded with ‘-fvar-tracking-assignments’, retrying without
   64 | void Vemu___024root__trace_chg_0_sub_0(Vemu___024root* vlSelf, VerilatedFst::Buffer* bufp) {
      |      ^~~~~~~~~~~~~~~~~~~~~~~~~~~~~~~~~
g++    cd_window.o ImGuiFileDialog.o imgui.o imgui_draw.o imgui_impl_opengl2.o imgui_impl_sdl.o imgui_tables.o imgui_widgets.o implot.o implot_items.o m68k_dasm_stubs.o m68kdasm.o mac_cdrom_play.o mac_cdrom_resp.o sim_audio.o sim_blkdevice.o sim_clock.o sim_console.o sim_input.o sim_video.o sim_main.o verilated.o verilated_dpi.o verilated_fst_c.o verilated_threads.o Vemu__ALL.a   -lGL -ldl -lSDL2 -lz  -pthread -lpthread -latomic -llz4 -lz   -o Vemu
rm Vemu__ALL.verilator_deplist.tmp
make[1]: Leaving directory '/home/alans/mister/MacQuadra800_MiSTer/scratch/cache_xline_sideband_fullmachine_20260928/verilator/obj_dir'
