LOADED image into SDRAM model (romlat=6)
SDRAM ready at 123957300 ps
[NCR 0] housekeeping: rst=1 bus=0 probe=1
[NCR 12] forward op=ff -> lba=7dff0000
NATIVE_START fpcr=00000000 pc=006300ae
MATRIX_HEAP_START zone=003f1890 bkLim=00492078 free=0003ff10 memtop=00517754
MATRIX_CALL alloc=1 pc=0060018c size=000000a4
SCC_SERIAL_OUT: ch=B byte=00 time=544809150
SCC_SERIAL_OUT: ch=A byte=00 time=544809150
MATRIX_RETURN alloc=1 pc=0060018e ptr=003f1d80 error=00000000 secondary=0
MATRIX_CALL alloc=2 pc=0060018c size=000000a4
MATRIX_RETURN alloc=2 pc=0060018e ptr=003f1e30 error=00000000 secondary=0
MATRIX_CALL alloc=3 pc=0060018c size=000000a4
MATRIX_RETURN alloc=3 pc=0060018e ptr=003f1ee0 error=00000000 secondary=0
MATRIX_CALL alloc=4 pc=0060018c size=000000a4
MATRIX_RETURN alloc=4 pc=0060018e ptr=003f1f90 error=00000000 secondary=0
MATRIX_CALL alloc=5 pc=0060018c size=000000a4
MATRIX_RETURN alloc=5 pc=0060018e ptr=003f2040 error=00000000 secondary=0
MATRIX_CALL alloc=6 pc=0060018c size=000000a4
MATRIX_RETURN alloc=6 pc=0060018e ptr=003f20f0 error=00000000 secondary=0
MATRIX_CALL alloc=7 pc=0060018c size=000000a4
MATRIX_RETURN alloc=7 pc=0060018e ptr=003f21a0 error=00000000 secondary=0
MATRIX_CALL alloc=8 pc=0060018c size=000000a4
MATRIX_RETURN alloc=8 pc=0060018e ptr=003f2250 error=00000000 secondary=0
MATRIX_CALL alloc=9 pc=0060018c size=000000a4
MATRIX_RETURN alloc=9 pc=0060018e ptr=003f2300 error=00000000 secondary=0
MATRIX_CALL alloc=10 pc=0060018c size=000000a4
MATRIX_RETURN alloc=10 pc=0060018e ptr=003f23b0 error=00000000 secondary=0
MATRIX_CALL alloc=11 pc=0060018c size=000000a4
MATRIX_RETURN alloc=11 pc=0060018e ptr=003f2460 error=00000000 secondary=0
MATRIX_CALL alloc=12 pc=0060018c size=000000a4
MATRIX_RETURN alloc=12 pc=0060018e ptr=003f2510 error=00000000 secondary=0
MATRIX_CALL alloc=13 pc=0060018c size=000000a4
MATRIX_RETURN alloc=13 pc=0060018e ptr=003f25c0 error=00000000 secondary=0
MATRIX_CALL alloc=14 pc=0060018c size=000000a4
MATRIX_RETURN alloc=14 pc=0060018e ptr=003f2670 error=00000000 secondary=0
MATRIX_CALL alloc=15 pc=0060018c size=000000a4
MATRIX_RETURN alloc=15 pc=0060018e ptr=003f2720 error=00000000 secondary=0
MATRIX_CALL alloc=16 pc=0060018c size=000000a4
MATRIX_RETURN alloc=16 pc=0060018e ptr=003f27d0 error=00000000 secondary=0
MATRIX_CALL alloc=17 pc=0060018c size=000000a4
MATRIX_RETURN alloc=17 pc=0060018e ptr=003f2880 error=00000000 secondary=0
MATRIX_CALL alloc=18 pc=0060018c size=000000a4
MATRIX_RETURN alloc=18 pc=0060018e ptr=003f2930 error=00000000 secondary=0
MATRIX_CALL alloc=19 pc=0060018c size=000000a4
MATRIX_RETURN alloc=19 pc=0060018e ptr=003f29e0 error=00000000 secondary=0
MATRIX_CALL alloc=20 pc=0060018c size=000000a4
MATRIX_RETURN alloc=20 pc=0060018e ptr=003f2a90 error=00000000 secondary=0
MATRIX_CALL alloc=21 pc=0060018c size=000000a4
MATRIX_RETURN alloc=21 pc=0060018e ptr=003f2b40 error=00000000 secondary=0
MATRIX_CALL alloc=22 pc=0060018c size=000000a4
MATRIX_RETURN alloc=22 pc=0060018e ptr=003f2bf0 error=00000000 secondary=0
MATRIX_CALL alloc=23 pc=0060018c size=000000a4
MATRIX_RETURN alloc=23 pc=0060018e ptr=003f2ca0 error=00000000 secondary=0
MATRIX_CALL alloc=24 pc=0060018c size=000000a4
MATRIX_RETURN alloc=24 pc=0060018e ptr=003f2d50 error=00000000 secondary=0
MATRIX_CALL alloc=25 pc=0060018c size=000000a4
MATRIX_RETURN alloc=25 pc=0060018e ptr=003f2e00 error=00000000 secondary=0
MATRIX_CALL alloc=26 pc=0060018c size=000000a4
MATRIX_RETURN alloc=26 pc=0060018e ptr=003f2eb0 error=00000000 secondary=0
MATRIX_CALL alloc=27 pc=0060018c size=000000a4
MATRIX_RETURN alloc=27 pc=0060018e ptr=003f2f60 error=00000000 secondary=0
MATRIX_CALL alloc=28 pc=0060018c size=000000a4
MATRIX_RETURN alloc=28 pc=0060018e ptr=003f3010 error=00000000 secondary=0
MATRIX_CALL alloc=29 pc=0060018c size=000000a4
MATRIX_RETURN alloc=29 pc=0060018e ptr=003f30c0 error=00000000 secondary=0
MATRIX_CALL alloc=30 pc=0060018c size=000000a4
MATRIX_RETURN alloc=30 pc=0060018e ptr=003f3170 error=00000000 secondary=0
MATRIX_CALL alloc=31 pc=0060018c size=000000a4
MATRIX_RETURN alloc=31 pc=0060018e ptr=00438cf0 error=00000000 secondary=0
MATRIX_CALL alloc=32 pc=0060018c size=000000a4
MATRIX_RETURN alloc=32 pc=0060018e ptr=00438da0 error=00000000 secondary=0
MATRIX_CALL alloc=33 pc=0060018c size=000000a4
MATRIX_RETURN alloc=33 pc=0060018e ptr=00438e50 error=00000000 secondary=0
MATRIX_CALL alloc=34 pc=0060018c size=000000a4
MATRIX_RETURN alloc=34 pc=0060018e ptr=00438f00 error=00000000 secondary=0
MATRIX_CALL alloc=35 pc=0060018c size=000000a4
MATRIX_RETURN alloc=35 pc=0060018e ptr=00438fb0 error=00000000 secondary=0
MATRIX_CALL alloc=36 pc=0060018c size=000000a4
MATRIX_RETURN alloc=36 pc=0060018e ptr=00439060 error=00000000 secondary=0
MATRIX_CALL alloc=37 pc=0060018c size=000000a4
MATRIX_RETURN alloc=37 pc=0060018e ptr=00439110 error=00000000 secondary=0
MATRIX_CALL alloc=38 pc=0060018c size=000000a4
MATRIX_RETURN alloc=38 pc=0060018e ptr=004391c0 error=00000000 secondary=0
MATRIX_CALL alloc=39 pc=0060018c size=000000a4
MATRIX_RETURN alloc=39 pc=0060018e ptr=00439270 error=00000000 secondary=0
MATRIX_CALL alloc=40 pc=0060018c size=000000a4
MATRIX_RETURN alloc=40 pc=0060018e ptr=00439320 error=00000000 secondary=0
MATRIX_CALL alloc=41 pc=0060018c size=000000a4
MATRIX_RETURN alloc=41 pc=0060018e ptr=004393d0 error=00000000 secondary=0
MATRIX_CALL alloc=42 pc=006001ae size=000000a4
MATRIX_RETURN alloc=42 pc=006001b0 ptr=00439480 error=00000000 secondary=0
MATRIX_CALL alloc=43 pc=006001ae size=000000a4
MATRIX_RETURN alloc=43 pc=006001b0 ptr=00439530 error=00000000 secondary=0
MATRIX_CALL alloc=44 pc=006001ae size=000000a4
MATRIX_RETURN alloc=44 pc=006001b0 ptr=004395e0 error=00000000 secondary=0
MATRIX_CALL alloc=45 pc=006001ae size=000000a4
MATRIX_RETURN alloc=45 pc=006001b0 ptr=00439690 error=00000000 secondary=0
MATRIX_CALL alloc=46 pc=006001ae size=000000a4
MATRIX_RETURN alloc=46 pc=006001b0 ptr=00439740 error=00000000 secondary=0
MATRIX_CALL alloc=47 pc=006001ae size=000000a4
MATRIX_RETURN alloc=47 pc=006001b0 ptr=004397f0 error=00000000 secondary=0
MATRIX_CALL alloc=48 pc=006001ae size=000000a4
MATRIX_RETURN alloc=48 pc=006001b0 ptr=004398a0 error=00000000 secondary=0
MATRIX_CALL alloc=49 pc=006001ae size=000000a4
MATRIX_RETURN alloc=49 pc=006001b0 ptr=00439950 error=00000000 secondary=0
MATRIX_CALL alloc=50 pc=006001ae size=000000a4
MATRIX_RETURN alloc=50 pc=006001b0 ptr=00439a00 error=00000000 secondary=0
MATRIX_CALL alloc=51 pc=006001ae size=000000a4
MATRIX_RETURN alloc=51 pc=006001b0 ptr=00439ab0 error=00000000 secondary=0
MATRIX_CALL alloc=52 pc=006001ae size=000000a4
MATRIX_RETURN alloc=52 pc=006001b0 ptr=00439b60 error=00000000 secondary=0
MATRIX_CALL alloc=53 pc=006001ae size=000000a4
MATRIX_RETURN alloc=53 pc=006001b0 ptr=00439c10 error=00000000 secondary=0
MATRIX_CALL alloc=54 pc=006001ae size=000000a4
MATRIX_RETURN alloc=54 pc=006001b0 ptr=00439cc0 error=00000000 secondary=0
MATRIX_CALL alloc=55 pc=006001ae size=000000a4
MATRIX_RETURN alloc=55 pc=006001b0 ptr=00439d70 error=00000000 secondary=0
MATRIX_CALL alloc=56 pc=006001ae size=000000a4
MATRIX_RETURN alloc=56 pc=006001b0 ptr=00439e20 error=00000000 secondary=0
MATRIX_CALL alloc=57 pc=006001ae size=000000a4
MATRIX_RETURN alloc=57 pc=006001b0 ptr=00439ed0 error=00000000 secondary=0
MATRIX_CALL alloc=58 pc=006001ae size=000000a4
MATRIX_RETURN alloc=58 pc=006001b0 ptr=00439f80 error=00000000 secondary=0
MATRIX_CALL alloc=59 pc=006001ae size=000000a4
MATRIX_RETURN alloc=59 pc=006001b0 ptr=0043a030 error=00000000 secondary=0
MATRIX_CALL alloc=60 pc=006001ae size=000000a4
MATRIX_RETURN alloc=60 pc=006001b0 ptr=0043a0e0 error=00000000 secondary=0
MATRIX_CALL alloc=61 pc=006001ae size=000000a4
MATRIX_RETURN alloc=61 pc=006001b0 ptr=0043a190 error=00000000 secondary=0
MATRIX_CALL alloc=62 pc=006001ae size=000000a4
MATRIX_RETURN alloc=62 pc=006001b0 ptr=0043a240 error=00000000 secondary=0
MATRIX_CALL alloc=63 pc=006001ae size=000000a4
MATRIX_RETURN alloc=63 pc=006001b0 ptr=0043a2f0 error=00000000 secondary=0
MATRIX_CALL alloc=64 pc=006001ae size=000000a4
MATRIX_RETURN alloc=64 pc=006001b0 ptr=0043a3a0 error=00000000 secondary=0
MATRIX_CALL alloc=65 pc=006001ae size=000000a4
MATRIX_RETURN alloc=65 pc=006001b0 ptr=0043a450 error=00000000 secondary=0
MATRIX_CALL alloc=66 pc=006001ae size=000000a4
MATRIX_RETURN alloc=66 pc=006001b0 ptr=0043a500 error=00000000 secondary=0
MATRIX_CALL alloc=67 pc=006001ae size=000000a4
MATRIX_RETURN alloc=67 pc=006001b0 ptr=0043a5b0 error=00000000 secondary=0
MATRIX_CALL alloc=68 pc=006001ae size=000000a4
MATRIX_RETURN alloc=68 pc=006001b0 ptr=0043a660 error=00000000 secondary=0
MATRIX_CALL alloc=69 pc=006001ae size=000000a4
MATRIX_RETURN alloc=69 pc=006001b0 ptr=0043a710 error=00000000 secondary=0
MATRIX_CALL alloc=70 pc=006001ae size=000000a4
MATRIX_RETURN alloc=70 pc=006001b0 ptr=0043a7c0 error=00000000 secondary=0
MATRIX_CALL alloc=71 pc=006001ae size=000000a4
MATRIX_RETURN alloc=71 pc=006001b0 ptr=0043a870 error=00000000 secondary=0
MATRIX_CALL alloc=72 pc=006001ae size=000000a4
MATRIX_RETURN alloc=72 pc=006001b0 ptr=0043a920 error=00000000 secondary=0
MATRIX_CALL alloc=73 pc=006001ae size=000000a4
MATRIX_RETURN alloc=73 pc=006001b0 ptr=0043a9d0 error=00000000 secondary=0
MATRIX_CALL alloc=74 pc=006001ae size=000000a4
MATRIX_RETURN alloc=74 pc=006001b0 ptr=0043aa80 error=00000000 secondary=0
MATRIX_CALL alloc=75 pc=006001ae size=000000a4
MATRIX_RETURN alloc=75 pc=006001b0 ptr=0043ab30 error=00000000 secondary=0
MATRIX_CALL alloc=76 pc=006001ae size=000000a4
MATRIX_RETURN alloc=76 pc=006001b0 ptr=0043abe0 error=00000000 secondary=0
MATRIX_CALL alloc=77 pc=006001ae size=000000a4
MATRIX_RETURN alloc=77 pc=006001b0 ptr=0043ac90 error=00000000 secondary=0
MATRIX_CALL alloc=78 pc=006001ae size=000000a4
MATRIX_RETURN alloc=78 pc=006001b0 ptr=0043ad40 error=00000000 secondary=0
MATRIX_CALL alloc=79 pc=006001ae size=000000a4
MATRIX_RETURN alloc=79 pc=006001b0 ptr=0043adf0 error=00000000 secondary=0
MATRIX_CALL alloc=80 pc=006001ae size=000000a4
MATRIX_RETURN alloc=80 pc=006001b0 ptr=0043aea0 error=00000000 secondary=0
MATRIX_CALL alloc=81 pc=006001ae size=000000a4
MATRIX_RETURN alloc=81 pc=006001b0 ptr=0043af50 error=00000000 secondary=0
MATRIX_CALL alloc=82 pc=006001ae size=000000a4
MATRIX_RETURN alloc=82 pc=006001b0 ptr=0043b000 error=00000000 secondary=0
MATRIX_CALL alloc=83 pc=006001d0 size=000000a4
MATRIX_RETURN alloc=83 pc=006001d2 ptr=0043b0b0 error=00000000 secondary=0
MATRIX_CALL alloc=84 pc=006001d0 size=000000a4
MATRIX_RETURN alloc=84 pc=006001d2 ptr=0043b160 error=00000000 secondary=0
MATRIX_CALL alloc=85 pc=006001d0 size=000000a4
MATRIX_RETURN alloc=85 pc=006001d2 ptr=0043b210 error=00000000 secondary=0
MATRIX_CALL alloc=86 pc=006001d0 size=000000a4
MATRIX_RETURN alloc=86 pc=006001d2 ptr=0043b2c0 error=00000000 secondary=0
MATRIX_CALL alloc=87 pc=006001d0 size=000000a4
MATRIX_RETURN alloc=87 pc=006001d2 ptr=0043b370 error=00000000 secondary=0
MATRIX_CALL alloc=88 pc=006001d0 size=000000a4
MATRIX_RETURN alloc=88 pc=006001d2 ptr=0043b420 error=00000000 secondary=0
MATRIX_CALL alloc=89 pc=006001d0 size=000000a4
MATRIX_RETURN alloc=89 pc=006001d2 ptr=0043b4d0 error=00000000 secondary=0
MATRIX_CALL alloc=90 pc=006001d0 size=000000a4
MATRIX_RETURN alloc=90 pc=006001d2 ptr=0043b580 error=00000000 secondary=0
MATRIX_CALL alloc=91 pc=006001d0 size=000000a4
MATRIX_RETURN alloc=91 pc=006001d2 ptr=0043b630 error=00000000 secondary=0
MATRIX_CALL alloc=92 pc=006001d0 size=000000a4
MATRIX_RETURN alloc=92 pc=006001d2 ptr=0043b6e0 error=00000000 secondary=0
MATRIX_CALL alloc=93 pc=006001d0 size=000000a4
MATRIX_RETURN alloc=93 pc=006001d2 ptr=0043b790 error=00000000 secondary=0
MATRIX_CALL alloc=94 pc=006001d0 size=000000a4
MATRIX_RETURN alloc=94 pc=006001d2 ptr=0043b840 error=00000000 secondary=0
MATRIX_CALL alloc=95 pc=006001d0 size=000000a4
MATRIX_RETURN alloc=95 pc=006001d2 ptr=0043b8f0 error=00000000 secondary=0
MATRIX_CALL alloc=96 pc=006001d0 size=000000a4
MATRIX_RETURN alloc=96 pc=006001d2 ptr=0043b9a0 error=00000000 secondary=0
MATRIX_CALL alloc=97 pc=006001d0 size=000000a4
MATRIX_RETURN alloc=97 pc=006001d2 ptr=0043ba50 error=00000000 secondary=0
MATRIX_CALL alloc=98 pc=006001d0 size=000000a4
MATRIX_RETURN alloc=98 pc=006001d2 ptr=0043bb00 error=00000000 secondary=0
MATRIX_CALL alloc=99 pc=006001d0 size=000000a4
MATRIX_RETURN alloc=99 pc=006001d2 ptr=0043bbb0 error=00000000 secondary=0
MATRIX_CALL alloc=100 pc=006001d0 size=000000a4
MATRIX_RETURN alloc=100 pc=006001d2 ptr=0043bc60 error=00000000 secondary=0
MATRIX_CALL alloc=101 pc=006001d0 size=000000a4
MATRIX_RETURN alloc=101 pc=006001d2 ptr=0043bd10 error=00000000 secondary=0
MATRIX_CALL alloc=102 pc=006001d0 size=000000a4
MATRIX_RETURN alloc=102 pc=006001d2 ptr=0043bdc0 error=00000000 secondary=0
MATRIX_CALL alloc=103 pc=006001d0 size=000000a4
MATRIX_RETURN alloc=103 pc=006001d2 ptr=0043be70 error=00000000 secondary=0
MATRIX_CALL alloc=104 pc=006001d0 size=000000a4
MATRIX_RETURN alloc=104 pc=006001d2 ptr=0043bf20 error=00000000 secondary=0
MATRIX_CALL alloc=105 pc=006001d0 size=000000a4
MATRIX_RETURN alloc=105 pc=006001d2 ptr=0043bfd0 error=00000000 secondary=0
MATRIX_CALL alloc=106 pc=006001d0 size=000000a4
MATRIX_RETURN alloc=106 pc=006001d2 ptr=0043c080 error=00000000 secondary=0
MATRIX_CALL alloc=107 pc=006001d0 size=000000a4
MATRIX_RETURN alloc=107 pc=006001d2 ptr=0043c130 error=00000000 secondary=0
MATRIX_CALL alloc=108 pc=006001d0 size=000000a4
MATRIX_RETURN alloc=108 pc=006001d2 ptr=0043c1e0 error=00000000 secondary=0
MATRIX_CALL alloc=109 pc=006001d0 size=000000a4
MATRIX_RETURN alloc=109 pc=006001d2 ptr=0043c290 error=00000000 secondary=0
MATRIX_CALL alloc=110 pc=006001d0 size=000000a4
MATRIX_RETURN alloc=110 pc=006001d2 ptr=0043c340 error=00000000 secondary=0
MATRIX_CALL alloc=111 pc=006001d0 size=000000a4
MATRIX_RETURN alloc=111 pc=006001d2 ptr=0043c3f0 error=00000000 secondary=0
MATRIX_CALL alloc=112 pc=006001d0 size=000000a4
MATRIX_RETURN alloc=112 pc=006001d2 ptr=0043c4a0 error=00000000 secondary=0
MATRIX_CALL alloc=113 pc=006001d0 size=000000a4
MATRIX_RETURN alloc=113 pc=006001d2 ptr=0043c550 error=00000000 secondary=0
MATRIX_CALL alloc=114 pc=006001d0 size=000000a4
MATRIX_RETURN alloc=114 pc=006001d2 ptr=0043c600 error=00000000 secondary=0
MATRIX_CALL alloc=115 pc=006001d0 size=000000a4
MATRIX_RETURN alloc=115 pc=006001d2 ptr=0043c6b0 error=00000000 secondary=0
MATRIX_CALL alloc=116 pc=006001d0 size=000000a4
MATRIX_RETURN alloc=116 pc=006001d2 ptr=0043c760 error=00000000 secondary=0
MATRIX_CALL alloc=117 pc=006001d0 size=000000a4
MATRIX_RETURN alloc=117 pc=006001d2 ptr=0043c810 error=00000000 secondary=0
MATRIX_CALL alloc=118 pc=006001d0 size=000000a4
MATRIX_RETURN alloc=118 pc=006001d2 ptr=0043c8c0 error=00000000 secondary=0
MATRIX_CALL alloc=119 pc=006001d0 size=000000a4
MATRIX_RETURN alloc=119 pc=006001d2 ptr=0043c970 error=00000000 secondary=0
MATRIX_CALL alloc=120 pc=006001d0 size=000000a4
MATRIX_RETURN alloc=120 pc=006001d2 ptr=0043ca20 error=00000000 secondary=0
MATRIX_CALL alloc=121 pc=006001d0 size=000000a4
MATRIX_RETURN alloc=121 pc=006001d2 ptr=0043cad0 error=00000000 secondary=0
MATRIX_CALL alloc=122 pc=006001d0 size=000000a4
MATRIX_RETURN alloc=122 pc=006001d2 ptr=0043cb80 error=00000000 secondary=0
MATRIX_CALL alloc=123 pc=006001d0 size=000000a4
MATRIX_RETURN alloc=123 pc=006001d2 ptr=0043cc30 error=00000000 secondary=0
HEARTBEAT cycle=2000000 pc=00600156
