README.md: OK
attempt1_host_pins.json: OK
attempt1_to_attempt2.diff: OK
baseline_sim/docs/perf/fpu_profile_20260927/fpu_control.txt: OK
baseline_sim/docs/tools/make-fastboot-rom.sh: OK
baseline_sim/releases/quadra800.rom: OK
baseline_sim/rtl/adb.sv: OK
baseline_sim/rtl/ap68040/.gitignore: OK
baseline_sim/rtl/ap68040/LICENSE: OK
baseline_sim/rtl/ap68040/README.md: OK
baseline_sim/rtl/ap68040/UPSTREAM.md: OK
baseline_sim/rtl/ap68040/doc/CPUTEST_UPSTREAM_REPORT.md: OK
baseline_sim/rtl/ap68040/doc/tests-README: OK
baseline_sim/rtl/ap68040/experimental/README.md: OK
baseline_sim/rtl/ap68040/experimental/ap040_pipeline_integer.sv: OK
baseline_sim/rtl/ap68040/experimental/handoff_monitor.sv: OK
baseline_sim/rtl/ap68040/experimental/irq_load.s: OK
baseline_sim/rtl/ap68040/experimental/irq_load_monitor.sv: OK
baseline_sim/rtl/ap68040/experimental/irq_overlap.s: OK
baseline_sim/rtl/ap68040/experimental/irq_overlap_monitor.sv: OK
baseline_sim/rtl/ap68040/experimental/irq_pea.s: OK
baseline_sim/rtl/ap68040/experimental/irq_pea_monitor.sv: OK
baseline_sim/rtl/ap68040/experimental/irq_store.s: OK
baseline_sim/rtl/ap68040/experimental/irq_store_monitor.sv: OK
baseline_sim/rtl/ap68040/experimental/reference_trace.sv: OK
baseline_sim/rtl/ap68040/experimental/tb_pipeline_integer.sv: OK
baseline_sim/rtl/ap68040/experimental/tb_pipeline_pea.sv: OK
baseline_sim/rtl/ap68040/experimental/tb_pipeline_store_cancel.sv: OK
baseline_sim/rtl/ap68040/experimental/tb_pipeline_stores.sv: OK
baseline_sim/rtl/ap68040/rtl/ap040.qip: OK
baseline_sim/rtl/ap68040/rtl/ap040_alu.v: OK
baseline_sim/rtl/ap68040/rtl/ap040_bus16_adapter.v: OK
baseline_sim/rtl/ap68040/rtl/ap040_bus_timeout.v: OK
baseline_sim/rtl/ap68040/rtl/ap040_cache.v: OK
baseline_sim/rtl/ap68040/rtl/ap040_core.v: OK
baseline_sim/rtl/ap68040/rtl/ap040_defs.svh: OK
baseline_sim/rtl/ap68040/rtl/ap040_fpu.v: OK
baseline_sim/rtl/ap68040/rtl/ap040_mmu.v: OK
baseline_sim/rtl/ap68040/rtl/ap040_muldiv.v: OK
baseline_sim/rtl/ap68040/rtl/ap040_regfile.v: OK
baseline_sim/rtl/ap68040/rtl/ap040_tg68k_compat.v: OK
baseline_sim/rtl/ap68040/rtl/ap040_walker_cdc.v: OK
baseline_sim/rtl/ap68040/rtl/primitives/dpram.v: OK
baseline_sim/rtl/ap68040/tb/asm/bench_exact_permute.s: OK
baseline_sim/rtl/ap68040/tb/asm/bench_exact_sieve.s: OK
baseline_sim/rtl/ap68040/tb/asm/bench_loop.s: OK
baseline_sim/rtl/ap68040/tb/asm/branch_bench.s: OK
baseline_sim/rtl/ap68040/tb/asm/pipe_bench.s: OK
baseline_sim/rtl/ap68040/tb/asm/t_atcprobe.s: OK
baseline_sim/rtl/ap68040/tb/asm/t_bitfield_cache.s: OK
baseline_sim/rtl/ap68040/tb/asm/t_bitfield_mmu.s: OK
baseline_sim/rtl/ap68040/tb/asm/t_branch_early.s: OK
baseline_sim/rtl/ap68040/tb/asm/t_cache.s: OK
baseline_sim/rtl/ap68040/tb/asm/t_cas_lifo.s: OK
baseline_sim/rtl/ap68040/tb/asm/t_exceptions.s: OK
baseline_sim/rtl/ap68040/tb/asm/t_fpu.s: OK
baseline_sim/rtl/ap68040/tb/asm/t_fpu_frames.s: OK
baseline_sim/rtl/ap68040/tb/asm/t_fpu_resume.s: OK
baseline_sim/rtl/ap68040/tb/asm/t_integer.s: OK
baseline_sim/rtl/ap68040/tb/asm/t_lea_d16.s: OK
baseline_sim/rtl/ap68040/tb/asm/t_lea_fault.s: OK
baseline_sim/rtl/ap68040/tb/asm/t_loops_irq.s: OK
baseline_sim/rtl/ap68040/tb/asm/t_mmu.s: OK
baseline_sim/rtl/ap68040/tb/asm/t_movem_restart.s: OK
baseline_sim/rtl/ap68040/tb/asm/t_moves_fc.s: OK
baseline_sim/rtl/ap68040/tb/asm/t_pipeline_load_fault.s: OK
baseline_sim/rtl/ap68040/tb/asm/t_pipeline_loads.s: OK
baseline_sim/rtl/ap68040/tb/asm/t_pipeline_pea.s: OK
baseline_sim/rtl/ap68040/tb/asm/t_pipeline_pea_ext_fault.s: OK
baseline_sim/rtl/ap68040/tb/asm/t_pipeline_pea_fault.s: OK
baseline_sim/rtl/ap68040/tb/asm/t_pipeline_pea_trace.s: OK
baseline_sim/rtl/ap68040/tb/asm/t_pipeline_store_fault.s: OK
baseline_sim/rtl/ap68040/tb/asm/t_pipeline_stores.s: OK
baseline_sim/rtl/ap68040/tb/asm/t_refill_load.s: OK
baseline_sim/rtl/ap68040/tb/bin2hex.py: OK
baseline_sim/rtl/ap68040/tb/build_tests.sh: OK
baseline_sim/rtl/ap68040/tb/exact_sieve_monitor.sv: OK
baseline_sim/rtl/ap68040/tb/prepare_exact_sieve.py: OK
baseline_sim/rtl/ap68040/tb/run_exact_sieve.sh: OK
baseline_sim/rtl/ap68040/tb/run_tests.sh: OK
baseline_sim/rtl/ap68040/tb/tb_ap040_alu_arithmetic.v: OK
baseline_sim/rtl/ap68040/tb/tb_ap040_bus16_gap.v: OK
baseline_sim/rtl/ap68040/tb/tb_ap040_bus_timeout.v: OK
baseline_sim/rtl/ap68040/tb/tb_ap040_cache_snoop.v: OK
baseline_sim/rtl/ap68040/tb/tb_ap040_cache_xstore.sv: OK
baseline_sim/rtl/ap68040/tb/tb_ap040_double_fault.v: OK
baseline_sim/rtl/ap68040/tb/tb_ap040_fpu_normalize.v: OK
baseline_sim/rtl/ap68040/tb/tb_ap040_program.v: OK
baseline_sim/rtl/ap68040/tb/tb_ap040_regfile.v: OK
baseline_sim/rtl/ap68040/tb/tb_ap040_reset.v: OK
baseline_sim/rtl/ap68040/tb/tb_ap040_walker_cdc.v: OK
baseline_sim/rtl/cd_audio.sv: OK
baseline_sim/rtl/cos.sv: OK
baseline_sim/rtl/dafb.sv: OK
baseline_sim/rtl/dpram.v: OK
baseline_sim/rtl/easc.sv: OK
baseline_sim/rtl/iosb.sv: OK
baseline_sim/rtl/lfsr.v: OK
baseline_sim/rtl/mycore.v: OK
baseline_sim/rtl/ncr53c96.sv: OK
baseline_sim/rtl/pll/pll_0002.qip: OK
baseline_sim/rtl/pll/pll_0002.v: OK
baseline_sim/rtl/pll/pll_0002_q13.qip: OK
baseline_sim/rtl/pll.qip: OK
baseline_sim/rtl/pll.v: OK
baseline_sim/rtl/pll_video.v: OK
baseline_sim/rtl/quadra800.sv: OK
baseline_sim/rtl/rtc3430042.sv: OK
baseline_sim/rtl/scc.v: OK
baseline_sim/rtl/scsi_cache.sv: OK
baseline_sim/rtl/sdram.sv: OK
baseline_sim/rtl/sdram_beat32.sv: OK
baseline_sim/rtl/sonic_mbx.sv: OK
baseline_sim/rtl/uart/rxuart.v: OK
baseline_sim/rtl/uart/txuart.v: OK
baseline_sim/rtl/via6522.sv: OK
baseline_sim/rtl/wombat_bus32.sv: OK
baseline_sim/rtl/wombat_cpu.sv: OK
baseline_sim/rtl/wombat_store_buffer.sv: OK
baseline_sim/scripts/fixtures/sim_speedometer/README.md: OK
baseline_sim/scripts/fixtures/sim_speedometer/monitor_baseline.py: OK
baseline_sim/scripts/fixtures/sim_speedometer/prefix_control.txt: OK
baseline_sim/scripts/fixtures/speedometer_timing_observer/README.md: OK
baseline_sim/scripts/fixtures/speedometer_timing_observer/adapter.inc: OK
baseline_sim/scripts/fixtures/speedometer_timing_observer/fpu_timed_profile.h: OK
baseline_sim/scripts/fixtures/speedometer_timing_observer/run_tests.py: OK
baseline_sim/scripts/fixtures/speedometer_timing_observer/speedometer_observer.h: OK
baseline_sim/scripts/fixtures/speedometer_timing_observer/test_observer.cpp: OK
baseline_sim/scripts/fixtures/speedometer_timing_observer/window_counters.h: OK
baseline_sim/verilator/Makefile: OK
baseline_sim/verilator/altddio_out_stub.v: OK
baseline_sim/verilator/altsyncram_stub.v: OK
baseline_sim/verilator/cd_win_dpi.cpp: OK
baseline_sim/verilator/cpu_dispatch_observer.h: OK
baseline_sim/verilator/fpu_control_full.txt: OK
baseline_sim/verilator/obj_dir/Vemu: OK
baseline_sim/verilator/obj_dir/Vemu.mk: OK
baseline_sim/verilator/obj_dir/Vemu_classes.mk: OK
baseline_sim/verilator/quadra800-fastboot.rom.hex: OK
baseline_sim/verilator/run.hda: OK
baseline_sim/verilator/sim/cd_window.cpp: OK
baseline_sim/verilator/sim/cd_window.h: OK
baseline_sim/verilator/sim/imgui/ImGuiFileDialog.cpp: OK
baseline_sim/verilator/sim/imgui/ImGuiFileDialog.h: OK
baseline_sim/verilator/sim/imgui/ImGuiFileDialogConfig.h: OK
baseline_sim/verilator/sim/imgui/LICENSE.txt: OK
baseline_sim/verilator/sim/imgui/Makefile: OK
baseline_sim/verilator/sim/imgui/dirent/ChangeLog: OK
baseline_sim/verilator/sim/imgui/dirent/LICENSE: OK
baseline_sim/verilator/sim/imgui/dirent/README.md: OK
baseline_sim/verilator/sim/imgui/dirent/dirent.h: OK
baseline_sim/verilator/sim/imgui/imconfig.h: OK
baseline_sim/verilator/sim/imgui/imgui.cpp: OK
baseline_sim/verilator/sim/imgui/imgui.h: OK
baseline_sim/verilator/sim/imgui/imgui_demo.cpp: OK
baseline_sim/verilator/sim/imgui/imgui_draw.cpp: OK
baseline_sim/verilator/sim/imgui/imgui_impl_dx11.cpp: OK
baseline_sim/verilator/sim/imgui/imgui_impl_dx11.h: OK
baseline_sim/verilator/sim/imgui/imgui_impl_opengl2.cpp: OK
baseline_sim/verilator/sim/imgui/imgui_impl_opengl2.h: OK
baseline_sim/verilator/sim/imgui/imgui_impl_sdl.cpp: OK
baseline_sim/verilator/sim/imgui/imgui_impl_sdl.h: OK
baseline_sim/verilator/sim/imgui/imgui_impl_win32.cpp: OK
baseline_sim/verilator/sim/imgui/imgui_impl_win32.h: OK
baseline_sim/verilator/sim/imgui/imgui_internal.h: OK
baseline_sim/verilator/sim/imgui/imgui_memory_editor.h: OK
baseline_sim/verilator/sim/imgui/imgui_plot.cpp: OK
baseline_sim/verilator/sim/imgui/imgui_plot.h: OK
baseline_sim/verilator/sim/imgui/imgui_tables.cpp: OK
baseline_sim/verilator/sim/imgui/imgui_widgets.cpp: OK
baseline_sim/verilator/sim/imgui/implot.cpp: OK
baseline_sim/verilator/sim/imgui/implot.h: OK
baseline_sim/verilator/sim/imgui/implot_demo.cpp: OK
baseline_sim/verilator/sim/imgui/implot_internal.h: OK
baseline_sim/verilator/sim/imgui/implot_items.cpp: OK
baseline_sim/verilator/sim/imgui/imstb_rectpack.h: OK
baseline_sim/verilator/sim/imgui/imstb_textedit.h: OK
baseline_sim/verilator/sim/imgui/imstb_truetype.h: OK
baseline_sim/verilator/sim/m68k_dasm.h: OK
baseline_sim/verilator/sim/m68k_dasm_stubs.cpp: OK
baseline_sim/verilator/sim/m68kdasm.c: OK
baseline_sim/verilator/sim/mac/MAIN_COMMIT: OK
baseline_sim/verilator/sim/mac/mac_cdrom_play.cpp: OK
baseline_sim/verilator/sim/mac/mac_cdrom_play.h: OK
baseline_sim/verilator/sim/mac/mac_cdrom_resp.cpp: OK
baseline_sim/verilator/sim/mac/mac_cdrom_resp.h: OK
baseline_sim/verilator/sim/sim_audio.cpp: OK
baseline_sim/verilator/sim/sim_audio.h: OK
baseline_sim/verilator/sim/sim_blkdevice.cpp: OK
baseline_sim/verilator/sim/sim_blkdevice.h: OK
baseline_sim/verilator/sim/sim_bus.cpp: OK
baseline_sim/verilator/sim/sim_bus.h: OK
baseline_sim/verilator/sim/sim_clock.cpp: OK
baseline_sim/verilator/sim/sim_clock.h: OK
baseline_sim/verilator/sim/sim_console.cpp: OK
baseline_sim/verilator/sim/sim_console.h: OK
baseline_sim/verilator/sim/sim_input.cpp: OK
baseline_sim/verilator/sim/sim_input.h: OK
baseline_sim/verilator/sim/sim_serial.cpp: OK
baseline_sim/verilator/sim/sim_serial.h: OK
baseline_sim/verilator/sim/sim_video.cpp: OK
baseline_sim/verilator/sim/sim_video.h: OK
baseline_sim/verilator/sim/stb_image_write.h: OK
baseline_sim/verilator/sim.v: OK
baseline_sim/verilator/sim_control.h: OK
baseline_sim/verilator/sim_lfsr.v: OK
baseline_sim/verilator/sim_main.cpp: OK
baseline_sim/verilator/sim_ram_snapshot.h: OK
baseline_sim/verilator/sim_refill_profile.h: OK
baseline_sim/verilator/sim_refill_profile_test.cpp: OK
baseline_sim/verilator/tb_iosb_scc.v: OK
baseline_sim/verilator/tb_scc_baud.v: OK
baseline_sim/verilator/tb_scc_midi.v: OK
check_fixture.py: OK
check_timed_profile.py: OK
fixture.json: OK
fixture.rom.hex: OK
fixture_earlybranch.json: OK
fixture_earlybranch.rom.hex: OK
fpu_timed_profile.h: OK
freeze.py: OK
identity.json: OK
make_fixture.py: OK
model_identity.sha256: OK
reproduce_host.py: OK
run_host_tests.sh: OK
run_smoke_fixture.sh: OK
run_targeted_baseline.sh: OK
run_targeted_supervised.sh: OK
speedometer_observer.h: OK
test_fpu_windows.cpp: OK
test_observer_original.cpp: OK
test_resource_markers.py: OK
test_timed_profile.cpp: OK
window_counters.h: OK
window_counters_test.cpp: OK
